===============================================================
86 - our bundler against a hand-built Anylinux AppImage
===============================================================
-- conditions ------------------------------------------------
date (UTC)   : 2026-09-03T11:58:55Z
host kernel  : Linux 6.18.44-fc-v24
host arch    : x86_64
host distro  : Ubuntu 24.04.4 LTS
host libc    : ldd (Ubuntu GLIBC 2.39-0ubuntu8.7) 2.39
cc           : cc (Ubuntu 13.3.0-6ubuntu2~24.04.1) 13.3.0
ld           : GNU ld (GNU Binutils for Ubuntu) 2.42
evidence     : /home/user/glibc-research/evidence/86-bundler-vs-anylinux
--------------------------------------------------------------

-- arm P: our bundler, one command --------------------------------
        ./pgb bundle appimage jq     <- the whole of arm P
  ok    arm P built from the package name alone        = yes

-- arm A: the hand-built Anylinux route ---------------------------
  ok    anylinux toolchain staged at its pinned digests = yes
  ok    arm A built by the hand-built route            = yes

-- size ----------------------------------------------------------
  payload versions: P jq-1.8.2 (nixpkgs)   A jq-1.8.2 (Arch)
  ARTEFACT                            BYTES  NOTE
  P  ours (nixpkgs closure)         5779504  7 store paths, --debloat safe
  A  hand-built (Arch)              4006949  68 libraries deployed
     ratio P/A                        1.44x  ⚠ ours is bigger; the debloat level this run used is printed above

-- the eleven: does it run, what did it load, how fast does it start --
  ENVIRONMENT         LIBC   | P:res    P:h   P:cold   P:warm   | A:res    A:h   A:cold   A:warm  
  alpine-3.22         musl   | ok       0     68ms     8ms      | ok       0     67ms     7ms     
  alpine-3.20         musl   | ok       0     73ms     8ms      | ok       0     52ms     7ms     
