( cd include && make DESTDIR="" RPATH_LIST="/var/tmp/pgb-poc/prefix-nano/lib" install )
make[1]: Entering directory '/var/tmp/pgb-poc/ncurses-6.5/include'
mkdir -p /var/tmp/pgb-poc/prefix-nano/include
installing curses.h in /var/tmp/pgb-poc/prefix-nano/include
installing unctrl.h in /var/tmp/pgb-poc/prefix-nano/include
installing ncurses_dll.h in /var/tmp/pgb-poc/prefix-nano/include
installing term.h in /var/tmp/pgb-poc/prefix-nano/include
installing termcap.h in /var/tmp/pgb-poc/prefix-nano/include
installing ./term_entry.h in /var/tmp/pgb-poc/prefix-nano/include
make[1]: Leaving directory '/var/tmp/pgb-poc/ncurses-6.5/include'
( cd ncurses && make DESTDIR="" RPATH_LIST="/var/tmp/pgb-poc/prefix-nano/lib" install )
make[1]: Entering directory '/var/tmp/pgb-poc/ncurses-6.5/ncurses'
mkdir -p /var/tmp/pgb-poc/prefix-nano/lib
installing ../lib/libncursesw.a as /var/tmp/pgb-poc/prefix-nano/lib/libncursesw.a
/usr/bin/install -c -m 644 ../lib/libncursesw.a /var/tmp/pgb-poc/prefix-nano/lib/libncursesw.a
make[1]: Leaving directory '/var/tmp/pgb-poc/ncurses-6.5/ncurses'
( cd progs && make DESTDIR="" RPATH_LIST="/var/tmp/pgb-poc/prefix-nano/lib" install )
make[1]: Entering directory '/var/tmp/pgb-poc/ncurses-6.5/progs'
mkdir -p /var/tmp/pgb-poc/prefix-nano/bin
/usr/bin/install -c -s tic     /var/tmp/pgb-poc/prefix-nano/bin/`echo tic|       sed 's/$//'|sed 's,x,x,'|sed 's/$//'`
/usr/bin/install -c -s toe     /var/tmp/pgb-poc/prefix-nano/bin/`echo toe|       sed 's/$//'|sed 's,x,x,'|sed 's/$//'`
linking infotocap to tic
( cd /var/tmp/pgb-poc/prefix-nano/bin && ln -s -f `echo tic|       sed 's/$//'|sed 's,x,x,'|sed 's/$//'` `echo infotocap| sed 's/$//'|sed 's,x,x,'|sed 's/$//'` )
linking captoinfo to tic
( cd /var/tmp/pgb-poc/prefix-nano/bin && ln -s -f `echo tic|       sed 's/$//'|sed 's,x,x,'|sed 's/$//'` `echo captoinfo| sed 's/$//'|sed 's,x,x,'|sed 's/$//'` )
/usr/bin/install -c -s infocmp /var/tmp/pgb-poc/prefix-nano/bin/`echo infocmp|   sed 's/$//'|sed 's,x,x,'|sed 's/$//'`
/usr/bin/install -c -s clear   /var/tmp/pgb-poc/prefix-nano/bin/`echo clear|     sed 's/$//'|sed 's,x,x,'|sed 's/$//'`
/usr/bin/install -c -s tabs    /var/tmp/pgb-poc/prefix-nano/bin/`echo tabs|      sed 's/$//'|sed 's,x,x,'|sed 's/$//'`
/usr/bin/install -c -s tput    /var/tmp/pgb-poc/prefix-nano/bin/`echo tput|      sed 's/$//'|sed 's,x,x,'|sed 's/$//'`
/usr/bin/install -c -s tset    /var/tmp/pgb-poc/prefix-nano/bin/`echo tset|      sed 's/$//'|sed 's,x,x,'|sed 's/$//'`
linking reset to tset
( cd /var/tmp/pgb-poc/prefix-nano/bin && ln -s -f `echo tset|      sed 's/$//'|sed 's,x,x,'|sed 's/$//'` `echo reset|     sed 's/$//'|sed 's,x,x,'|sed 's/$//'` )
make[1]: Leaving directory '/var/tmp/pgb-poc/ncurses-6.5/progs'
( cd panel && make DESTDIR="" RPATH_LIST="/var/tmp/pgb-poc/prefix-nano/lib" install )
make[1]: Entering directory '/var/tmp/pgb-poc/ncurses-6.5/panel'
installing ../lib/libpanelw.a as /var/tmp/pgb-poc/prefix-nano/lib/libpanelw.a
/usr/bin/install -c -m 644 ../lib/libpanelw.a /var/tmp/pgb-poc/prefix-nano/lib/libpanelw.a
installing ./panel.h in /var/tmp/pgb-poc/prefix-nano/include
make[1]: Leaving directory '/var/tmp/pgb-poc/ncurses-6.5/panel'
( cd menu && make DESTDIR="" RPATH_LIST="/var/tmp/pgb-poc/prefix-nano/lib" install )
make[1]: Entering directory '/var/tmp/pgb-poc/ncurses-6.5/menu'
installing ../lib/libmenuw.a as /var/tmp/pgb-poc/prefix-nano/lib/libmenuw.a
/usr/bin/install -c -m 644 ../lib/libmenuw.a /var/tmp/pgb-poc/prefix-nano/lib/libmenuw.a
installing ./eti.h in /var/tmp/pgb-poc/prefix-nano/include
installing ./menu.h in /var/tmp/pgb-poc/prefix-nano/include
make[1]: Leaving directory '/var/tmp/pgb-poc/ncurses-6.5/menu'
( cd form && make DESTDIR="" RPATH_LIST="/var/tmp/pgb-poc/prefix-nano/lib" install )
make[1]: Entering directory '/var/tmp/pgb-poc/ncurses-6.5/form'
installing ../lib/libformw.a as /var/tmp/pgb-poc/prefix-nano/lib/libformw.a
/usr/bin/install -c -m 644 ../lib/libformw.a /var/tmp/pgb-poc/prefix-nano/lib/libformw.a
installing ./form.h in /var/tmp/pgb-poc/prefix-nano/include
make[1]: Leaving directory '/var/tmp/pgb-poc/ncurses-6.5/form'
( cd misc && make DESTDIR="" RPATH_LIST="/var/tmp/pgb-poc/prefix-nano/lib" install )
make[1]: Entering directory '/var/tmp/pgb-poc/ncurses-6.5/misc'
mkdir -p /var/tmp/pgb-poc/prefix-nano/share
mkdir -p /var/tmp/pgb-poc/prefix-nano/share/tabset
DESTDIR= \
prefix=/var/tmp/pgb-poc/prefix-nano \
exec_prefix=/var/tmp/pgb-poc/prefix-nano \
bindir=/var/tmp/pgb-poc/prefix-nano/bin \
top_srcdir=.. \
srcdir=. \
datadir=/var/tmp/pgb-poc/prefix-nano/share \
ticdir=/usr/share/terminfo \
source=terminfo.tmp \
cross_compiling=no \
/bin/sh ./run_tic.sh
** Building terminfo database, please wait...
Running tic to install /usr/share/terminfo ...

	You may see messages regarding extended capabilities, e.g., AX.
	These are extended terminal capabilities which are compiled
	using
		tic -x
	If you have ncurses 4.2 applications, you should read the INSTALL
	document, and install the terminfo without the -x option.

ncurses 6.5.20240427
1833 entries written to /usr/share/terminfo
** built new /usr/share/terminfo
Verify if /usr/lib/terminfo and /usr/share/terminfo are the same.
The new terminfo is in /usr/share/terminfo; the other should be a link to it.
Otherwise, remove /usr/lib/terminfo and link it to /usr/share/terminfo.
installing std
installing stdcrt
installing vt100
installing vt300
finished install.data
/usr/bin/install -c ncurses-config /var/tmp/pgb-poc/prefix-nano/bin/ncursesw6-config
make[1]: Leaving directory '/var/tmp/pgb-poc/ncurses-6.5/misc'
( cd c++ && make DESTDIR="" RPATH_LIST="/var/tmp/pgb-poc/prefix-nano/lib" install )
make[1]: Entering directory '/var/tmp/pgb-poc/ncurses-6.5/c++'
installing ../lib/libncurses++w.a as /var/tmp/pgb-poc/prefix-nano/lib/libncurses++w.a
/usr/bin/install -c -m 644 ../lib/libncurses++w.a /var/tmp/pgb-poc/prefix-nano/lib/libncurses++w.a
installing ./cursesapp.h in /var/tmp/pgb-poc/prefix-nano/include
installing ./cursesf.h in /var/tmp/pgb-poc/prefix-nano/include
installing ./cursesm.h in /var/tmp/pgb-poc/prefix-nano/include
installing ./cursesp.h in /var/tmp/pgb-poc/prefix-nano/include
installing ./cursesw.h in /var/tmp/pgb-poc/prefix-nano/include
installing ./cursslk.h in /var/tmp/pgb-poc/prefix-nano/include
installing etip.h in /var/tmp/pgb-poc/prefix-nano/include
make[1]: Leaving directory '/var/tmp/pgb-poc/ncurses-6.5/c++'
