( cd include && make DESTDIR="" RPATH_LIST="/var/tmp/pgb-poc/prefix-nano/lib" all )
make[1]: Entering directory '/var/tmp/pgb-poc/ncurses-6.5/include'
cat curses.head >curses.h
/bin/sh ./MKhashsize.sh ./Caps ./Caps-ncurses >hashsize.h
AWK=mawk /bin/sh ./MKncurses_def.sh ./ncurses_defs >ncurses_def.h
AWK=mawk /bin/sh ./MKparametrized.sh ./Caps ./Caps-ncurses >parametrized.h
AWK=mawk /bin/sh ./MKkey_defs.sh ./Caps ./Caps-ncurses >>curses.h
touch config.h
mawk -f MKterm.h.awk ./Caps ./Caps-ncurses > term.h
/bin/sh ./edit_cfg.sh ../include/ncurses_cfg.h term.h
** edit: HAVE_TCGETATTR 1
** edit: HAVE_TERMIOS_H 1
/bin/sh -c 'if test "0" = "1" ; then cat ./curses.events >>curses.h ; fi'
/bin/sh -c 'if test "cchar_t" = "cchar_t" ; then cat ./curses.wide >>curses.h ; fi'
** edit: HAVE_TERMIO_H 1
cat ./curses.tail >>curses.h
** edit: BROKEN_LINKER 0
make[1]: Leaving directory '/var/tmp/pgb-poc/ncurses-6.5/include'
( cd ncurses && make DESTDIR="" RPATH_LIST="/var/tmp/pgb-poc/prefix-nano/lib" all )
make[1]: Entering directory '/var/tmp/pgb-poc/ncurses-6.5/ncurses'
mawk -f ./tinfo/MKcodes.awk bigstrings=1 ../include/Caps ../include/Caps-ncurses >codes.c
/root/.local/state/pgb/bin/cc -o make_hash -DHAVE_CONFIG_H -DUSE_BUILD_CC -I../ncurses -I. -I../include -I./../include -DHAVE_CONFIG_H -DBUILDING_NCURSES -I../ncurses -I. -I../include -D_DEFAULT_SOURCE -D_XOPEN_SOURCE=600 -DNDEBUG -O2 --param max-inline-insns-single=1200  ./tinfo/make_hash.c  
/bin/sh -e ./tty/MKexpanded.sh "/root/.local/state/pgb/bin/cc -E" -DHAVE_CONFIG_H -DBUILDING_NCURSES -I../ncurses -I. -I../include -D_DEFAULT_SOURCE -D_XOPEN_SOURCE=600 -DNDEBUG > expanded.c
/bin/sh -e ./tinfo/MKfallback.sh /usr/share/terminfo ../misc/terminfo.src "tic" "infocmp"  >fallback.c
FGREP="grep -F" /bin/sh -e ./base/MKlib_gen.sh "/root/.local/state/pgb/bin/cc -E -DHAVE_CONFIG_H -DBUILDING_NCURSES -I../ncurses -I. -I../include -D_DEFAULT_SOURCE -D_XOPEN_SOURCE=600 -DNDEBUG" "mawk" generated <../include/curses.h >lib_gen.c
AWK=mawk USE_SIGWINCH=1 /bin/sh ./tinfo/MKkeys_list.sh ../include/Caps ../include/Caps-ncurses | LC_ALL=C sort >keys.list
FGREP="grep -F" /bin/sh -e ./base/MKlib_gen.sh "/root/.local/state/pgb/bin/cc -E -DHAVE_CONFIG_H -DBUILDING_NCURSES -I../ncurses -I. -I../include -D_DEFAULT_SOURCE -D_XOPEN_SOURCE=600 -DNDEBUG" "mawk" implemented <../include/curses.h >link_test.c
.. adding -P option to work around /root/.local/state/pgb/bin/cc 12
.. adding -P option to work around /root/.local/state/pgb/bin/cc 12
mawk -f ./tinfo/MKnames.awk bigstrings=1 ../include/Caps ../include/Caps-ncurses >names.c
echo | mawk -f ./base/MKunctrl.awk bigstrings=1 >unctrl.c
/root/.local/state/pgb/bin/cc -o make_keys -DHAVE_CONFIG_H -DUSE_BUILD_CC -I../ncurses -I. -I../include -I./../include -DHAVE_CONFIG_H -DBUILDING_NCURSES -I../ncurses -I. -I../include -D_DEFAULT_SOURCE -D_XOPEN_SOURCE=600 -DNDEBUG -O2 --param max-inline-insns-single=1200  ./tinfo/make_keys.c  
/root/.local/state/pgb/bin/cc -DHAVE_CONFIG_H -DBUILDING_NCURSES -I../ncurses -I. -I../include -D_DEFAULT_SOURCE -D_XOPEN_SOURCE=600 -DNDEBUG -O2 --param max-inline-insns-single=1200  -DNCURSES_STATIC -c ../ncurses/./tty/hardscroll.c -o ../objects/hardscroll.o
/root/.local/state/pgb/bin/cc -DHAVE_CONFIG_H -DBUILDING_NCURSES -I../ncurses -I. -I../include -D_DEFAULT_SOURCE -D_XOPEN_SOURCE=600 -DNDEBUG -O2 --param max-inline-insns-single=1200  -DNCURSES_STATIC -c ../ncurses/./tty/hashmap.c -o ../objects/hashmap.o
/root/.local/state/pgb/bin/cc -DHAVE_CONFIG_H -DBUILDING_NCURSES -I../ncurses -I. -I../include -D_DEFAULT_SOURCE -D_XOPEN_SOURCE=600 -DNDEBUG -O2 --param max-inline-insns-single=1200  -DNCURSES_STATIC -c ../ncurses/./base/lib_addch.c -o ../objects/lib_addch.o
/root/.local/state/pgb/bin/cc -DHAVE_CONFIG_H -DBUILDING_NCURSES -I../ncurses -I. -I../include -D_DEFAULT_SOURCE -D_XOPEN_SOURCE=600 -DNDEBUG -O2 --param max-inline-insns-single=1200  -DNCURSES_STATIC -c ../ncurses/./base/lib_addstr.c -o ../objects/lib_addstr.o
/root/.local/state/pgb/bin/cc -DHAVE_CONFIG_H -DBUILDING_NCURSES -I../ncurses -I. -I../include -D_DEFAULT_SOURCE -D_XOPEN_SOURCE=600 -DNDEBUG -O2 --param max-inline-insns-single=1200  -DNCURSES_STATIC -c ../ncurses/./base/lib_beep.c -o ../objects/lib_beep.o
/root/.local/state/pgb/bin/cc -DHAVE_CONFIG_H -DBUILDING_NCURSES -I../ncurses -I. -I../include -D_DEFAULT_SOURCE -D_XOPEN_SOURCE=600 -DNDEBUG -O2 --param max-inline-insns-single=1200  -DNCURSES_STATIC -c ../ncurses/./base/lib_bkgd.c -o ../objects/lib_bkgd.o
/root/.local/state/pgb/bin/cc -DHAVE_CONFIG_H -DBUILDING_NCURSES -I../ncurses -I. -I../include -D_DEFAULT_SOURCE -D_XOPEN_SOURCE=600 -DNDEBUG -O2 --param max-inline-insns-single=1200  -DNCURSES_STATIC -c ../ncurses/./base/lib_box.c -o ../objects/lib_box.o
/root/.local/state/pgb/bin/cc -DHAVE_CONFIG_H -DBUILDING_NCURSES -I../ncurses -I. -I../include -D_DEFAULT_SOURCE -D_XOPEN_SOURCE=600 -DNDEBUG -O2 --param max-inline-insns-single=1200  -DNCURSES_STATIC -c ../ncurses/./base/lib_chgat.c -o ../objects/lib_chgat.o
/root/.local/state/pgb/bin/cc -DHAVE_CONFIG_H -DBUILDING_NCURSES -I../ncurses -I. -I../include -D_DEFAULT_SOURCE -D_XOPEN_SOURCE=600 -DNDEBUG -O2 --param max-inline-insns-single=1200  -DNCURSES_STATIC -c ../ncurses/./base/lib_clear.c -o ../objects/lib_clear.o
/root/.local/state/pgb/bin/cc -DHAVE_CONFIG_H -DBUILDING_NCURSES -I../ncurses -I. -I../include -D_DEFAULT_SOURCE -D_XOPEN_SOURCE=600 -DNDEBUG -O2 --param max-inline-insns-single=1200  -DNCURSES_STATIC -c ../ncurses/./base/lib_clearok.c -o ../objects/lib_clearok.o
/root/.local/state/pgb/bin/cc -DHAVE_CONFIG_H -DBUILDING_NCURSES -I../ncurses -I. -I../include -D_DEFAULT_SOURCE -D_XOPEN_SOURCE=600 -DNDEBUG -O2 --param max-inline-insns-single=1200  -DNCURSES_STATIC -c ../ncurses/./base/lib_clrbot.c -o ../objects/lib_clrbot.o
/root/.local/state/pgb/bin/cc -DHAVE_CONFIG_H -DBUILDING_NCURSES -I../ncurses -I. -I../include -D_DEFAULT_SOURCE -D_XOPEN_SOURCE=600 -DNDEBUG -O2 --param max-inline-insns-single=1200  -DNCURSES_STATIC -c ../ncurses/./base/lib_clreol.c -o ../objects/lib_clreol.o
/root/.local/state/pgb/bin/cc -DHAVE_CONFIG_H -DBUILDING_NCURSES -I../ncurses -I. -I../include -D_DEFAULT_SOURCE -D_XOPEN_SOURCE=600 -DNDEBUG -O2 --param max-inline-insns-single=1200  -DNCURSES_STATIC -c ../ncurses/./base/lib_color.c -o ../objects/lib_color.o
/root/.local/state/pgb/bin/cc -DHAVE_CONFIG_H -DBUILDING_NCURSES -I../ncurses -I. -I../include -D_DEFAULT_SOURCE -D_XOPEN_SOURCE=600 -DNDEBUG -O2 --param max-inline-insns-single=1200  -DNCURSES_STATIC -c ../ncurses/./base/lib_colorset.c -o ../objects/lib_colorset.o
/root/.local/state/pgb/bin/cc -DHAVE_CONFIG_H -DBUILDING_NCURSES -I../ncurses -I. -I../include -D_DEFAULT_SOURCE -D_XOPEN_SOURCE=600 -DNDEBUG -O2 --param max-inline-insns-single=1200  -DNCURSES_STATIC -c ../ncurses/./base/lib_delch.c -o ../objects/lib_delch.o
/root/.local/state/pgb/bin/cc -DHAVE_CONFIG_H -DBUILDING_NCURSES -I../ncurses -I. -I../include -D_DEFAULT_SOURCE -D_XOPEN_SOURCE=600 -DNDEBUG -O2 --param max-inline-insns-single=1200  -DNCURSES_STATIC -c ../ncurses/./base/lib_delwin.c -o ../objects/lib_delwin.o
/root/.local/state/pgb/bin/cc -DHAVE_CONFIG_H -DBUILDING_NCURSES -I../ncurses -I. -I../include -D_DEFAULT_SOURCE -D_XOPEN_SOURCE=600 -DNDEBUG -O2 --param max-inline-insns-single=1200  -DNCURSES_STATIC -c ../ncurses/./base/lib_echo.c -o ../objects/lib_echo.o
/root/.local/state/pgb/bin/cc -DHAVE_CONFIG_H -DBUILDING_NCURSES -I../ncurses -I. -I../include -D_DEFAULT_SOURCE -D_XOPEN_SOURCE=600 -DNDEBUG -O2 --param max-inline-insns-single=1200  -DNCURSES_STATIC -c ../ncurses/./base/lib_endwin.c -o ../objects/lib_endwin.o
/root/.local/state/pgb/bin/cc -DHAVE_CONFIG_H -DBUILDING_NCURSES -I../ncurses -I. -I../include -D_DEFAULT_SOURCE -D_XOPEN_SOURCE=600 -DNDEBUG -O2 --param max-inline-insns-single=1200  -DNCURSES_STATIC -c ../ncurses/./base/lib_erase.c -o ../objects/lib_erase.o
/root/.local/state/pgb/bin/cc -DHAVE_CONFIG_H -DBUILDING_NCURSES -I../ncurses -I. -I../include -D_DEFAULT_SOURCE -D_XOPEN_SOURCE=600 -DNDEBUG -O2 --param max-inline-insns-single=1200  -DNCURSES_STATIC -c ../ncurses/./base/lib_flash.c -o ../objects/lib_flash.o
/root/.local/state/pgb/bin/cc -DHAVE_CONFIG_H -DBUILDING_NCURSES -I../ncurses -I. -I../include -D_DEFAULT_SOURCE -D_XOPEN_SOURCE=600 -DNDEBUG -O2 --param max-inline-insns-single=1200  -DNCURSES_STATIC -c ../ncurses/lib_gen.c -o ../objects/lib_gen.o
/root/.local/state/pgb/bin/cc -DHAVE_CONFIG_H -DBUILDING_NCURSES -I../ncurses -I. -I../include -D_DEFAULT_SOURCE -D_XOPEN_SOURCE=600 -DNDEBUG -O2 --param max-inline-insns-single=1200  -DNCURSES_STATIC -c ../ncurses/./base/lib_getch.c -o ../objects/lib_getch.o
/root/.local/state/pgb/bin/cc -DHAVE_CONFIG_H -DBUILDING_NCURSES -I../ncurses -I. -I../include -D_DEFAULT_SOURCE -D_XOPEN_SOURCE=600 -DNDEBUG -O2 --param max-inline-insns-single=1200  -DNCURSES_STATIC -c ../ncurses/./base/lib_getstr.c -o ../objects/lib_getstr.o
/root/.local/state/pgb/bin/cc -DHAVE_CONFIG_H -DBUILDING_NCURSES -I../ncurses -I. -I../include -D_DEFAULT_SOURCE -D_XOPEN_SOURCE=600 -DNDEBUG -O2 --param max-inline-insns-single=1200  -DNCURSES_STATIC -c ../ncurses/./base/lib_hline.c -o ../objects/lib_hline.o
/root/.local/state/pgb/bin/cc -DHAVE_CONFIG_H -DBUILDING_NCURSES -I../ncurses -I. -I../include -D_DEFAULT_SOURCE -D_XOPEN_SOURCE=600 -DNDEBUG -O2 --param max-inline-insns-single=1200  -DNCURSES_STATIC -c ../ncurses/./base/lib_immedok.c -o ../objects/lib_immedok.o
/root/.local/state/pgb/bin/cc -DHAVE_CONFIG_H -DBUILDING_NCURSES -I../ncurses -I. -I../include -D_DEFAULT_SOURCE -D_XOPEN_SOURCE=600 -DNDEBUG -O2 --param max-inline-insns-single=1200  -DNCURSES_STATIC -c ../ncurses/./base/lib_inchstr.c -o ../objects/lib_inchstr.o
/root/.local/state/pgb/bin/cc -DHAVE_CONFIG_H -DBUILDING_NCURSES -I../ncurses -I. -I../include -D_DEFAULT_SOURCE -D_XOPEN_SOURCE=600 -DNDEBUG -O2 --param max-inline-insns-single=1200  -DNCURSES_STATIC -c ../ncurses/./base/lib_initscr.c -o ../objects/lib_initscr.o
/root/.local/state/pgb/bin/cc -DHAVE_CONFIG_H -DBUILDING_NCURSES -I../ncurses -I. -I../include -D_DEFAULT_SOURCE -D_XOPEN_SOURCE=600 -DNDEBUG -O2 --param max-inline-insns-single=1200  -DNCURSES_STATIC -c ../ncurses/./base/lib_insch.c -o ../objects/lib_insch.o
/root/.local/state/pgb/bin/cc -DHAVE_CONFIG_H -DBUILDING_NCURSES -I../ncurses -I. -I../include -D_DEFAULT_SOURCE -D_XOPEN_SOURCE=600 -DNDEBUG -O2 --param max-inline-insns-single=1200  -DNCURSES_STATIC -c ../ncurses/./base/lib_insdel.c -o ../objects/lib_insdel.o
/root/.local/state/pgb/bin/cc -DHAVE_CONFIG_H -DBUILDING_NCURSES -I../ncurses -I. -I../include -D_DEFAULT_SOURCE -D_XOPEN_SOURCE=600 -DNDEBUG -O2 --param max-inline-insns-single=1200  -DNCURSES_STATIC -c ../ncurses/./base/lib_insnstr.c -o ../objects/lib_insnstr.o
/root/.local/state/pgb/bin/cc -DHAVE_CONFIG_H -DBUILDING_NCURSES -I../ncurses -I. -I../include -D_DEFAULT_SOURCE -D_XOPEN_SOURCE=600 -DNDEBUG -O2 --param max-inline-insns-single=1200  -DNCURSES_STATIC -c ../ncurses/./base/lib_instr.c -o ../objects/lib_instr.o
/root/.local/state/pgb/bin/cc -DHAVE_CONFIG_H -DBUILDING_NCURSES -I../ncurses -I. -I../include -D_DEFAULT_SOURCE -D_XOPEN_SOURCE=600 -DNDEBUG -O2 --param max-inline-insns-single=1200  -DNCURSES_STATIC -c ../ncurses/./base/lib_isendwin.c -o ../objects/lib_isendwin.o
/root/.local/state/pgb/bin/cc -DHAVE_CONFIG_H -DBUILDING_NCURSES -I../ncurses -I. -I../include -D_DEFAULT_SOURCE -D_XOPEN_SOURCE=600 -DNDEBUG -O2 --param max-inline-insns-single=1200  -DNCURSES_STATIC -c ../ncurses/./base/lib_leaveok.c -o ../objects/lib_leaveok.o
/root/.local/state/pgb/bin/cc -DHAVE_CONFIG_H -DBUILDING_NCURSES -I../ncurses -I. -I../include -D_DEFAULT_SOURCE -D_XOPEN_SOURCE=600 -DNDEBUG -O2 --param max-inline-insns-single=1200  -DNCURSES_STATIC -c ../ncurses/./base/lib_mouse.c -o ../objects/lib_mouse.o
/root/.local/state/pgb/bin/cc -DHAVE_CONFIG_H -DBUILDING_NCURSES -I../ncurses -I. -I../include -D_DEFAULT_SOURCE -D_XOPEN_SOURCE=600 -DNDEBUG -O2 --param max-inline-insns-single=1200  -DNCURSES_STATIC -c ../ncurses/./base/lib_move.c -o ../objects/lib_move.o
/root/.local/state/pgb/bin/cc -DHAVE_CONFIG_H -DBUILDING_NCURSES -I../ncurses -I. -I../include -D_DEFAULT_SOURCE -D_XOPEN_SOURCE=600 -DNDEBUG -O2 --param max-inline-insns-single=1200  -DNCURSES_STATIC -c ../ncurses/./tty/lib_mvcur.c -o ../objects/lib_mvcur.o
/root/.local/state/pgb/bin/cc -DHAVE_CONFIG_H -DBUILDING_NCURSES -I../ncurses -I. -I../include -D_DEFAULT_SOURCE -D_XOPEN_SOURCE=600 -DNDEBUG -O2 --param max-inline-insns-single=1200  -DNCURSES_STATIC -c ../ncurses/./base/lib_mvwin.c -o ../objects/lib_mvwin.o
/root/.local/state/pgb/bin/cc -DHAVE_CONFIG_H -DBUILDING_NCURSES -I../ncurses -I. -I../include -D_DEFAULT_SOURCE -D_XOPEN_SOURCE=600 -DNDEBUG -O2 --param max-inline-insns-single=1200  -DNCURSES_STATIC -c ../ncurses/./base/lib_newterm.c -o ../objects/lib_newterm.o
/root/.local/state/pgb/bin/cc -DHAVE_CONFIG_H -DBUILDING_NCURSES -I../ncurses -I. -I../include -D_DEFAULT_SOURCE -D_XOPEN_SOURCE=600 -DNDEBUG -O2 --param max-inline-insns-single=1200  -DNCURSES_STATIC -c ../ncurses/./base/lib_newwin.c -o ../objects/lib_newwin.o
/root/.local/state/pgb/bin/cc -DHAVE_CONFIG_H -DBUILDING_NCURSES -I../ncurses -I. -I../include -D_DEFAULT_SOURCE -D_XOPEN_SOURCE=600 -DNDEBUG -O2 --param max-inline-insns-single=1200  -DNCURSES_STATIC -c ../ncurses/./base/lib_nl.c -o ../objects/lib_nl.o
/root/.local/state/pgb/bin/cc -DHAVE_CONFIG_H -DBUILDING_NCURSES -I../ncurses -I. -I../include -D_DEFAULT_SOURCE -D_XOPEN_SOURCE=600 -DNDEBUG -O2 --param max-inline-insns-single=1200  -DNCURSES_STATIC -c ../ncurses/./base/lib_overlay.c -o ../objects/lib_overlay.o
/root/.local/state/pgb/bin/cc -DHAVE_CONFIG_H -DBUILDING_NCURSES -I../ncurses -I. -I../include -D_DEFAULT_SOURCE -D_XOPEN_SOURCE=600 -DNDEBUG -O2 --param max-inline-insns-single=1200  -DNCURSES_STATIC -c ../ncurses/./base/lib_pad.c -o ../objects/lib_pad.o
/root/.local/state/pgb/bin/cc -DHAVE_CONFIG_H -DBUILDING_NCURSES -I../ncurses -I. -I../include -D_DEFAULT_SOURCE -D_XOPEN_SOURCE=600 -DNDEBUG -O2 --param max-inline-insns-single=1200  -DNCURSES_STATIC -c ../ncurses/./base/lib_printw.c -o ../objects/lib_printw.o
/root/.local/state/pgb/bin/cc -DHAVE_CONFIG_H -DBUILDING_NCURSES -I../ncurses -I. -I../include -D_DEFAULT_SOURCE -D_XOPEN_SOURCE=600 -DNDEBUG -O2 --param max-inline-insns-single=1200  -DNCURSES_STATIC -c ../ncurses/./base/lib_redrawln.c -o ../objects/lib_redrawln.o
/root/.local/state/pgb/bin/cc -DHAVE_CONFIG_H -DBUILDING_NCURSES -I../ncurses -I. -I../include -D_DEFAULT_SOURCE -D_XOPEN_SOURCE=600 -DNDEBUG -O2 --param max-inline-insns-single=1200  -DNCURSES_STATIC -c ../ncurses/./base/lib_refresh.c -o ../objects/lib_refresh.o
/root/.local/state/pgb/bin/cc -DHAVE_CONFIG_H -DBUILDING_NCURSES -I../ncurses -I. -I../include -D_DEFAULT_SOURCE -D_XOPEN_SOURCE=600 -DNDEBUG -O2 --param max-inline-insns-single=1200  -DNCURSES_STATIC -c ../ncurses/./base/lib_restart.c -o ../objects/lib_restart.o
/root/.local/state/pgb/bin/cc -DHAVE_CONFIG_H -DBUILDING_NCURSES -I../ncurses -I. -I../include -D_DEFAULT_SOURCE -D_XOPEN_SOURCE=600 -DNDEBUG -O2 --param max-inline-insns-single=1200  -DNCURSES_STATIC -c ../ncurses/./base/lib_scanw.c -o ../objects/lib_scanw.o
/root/.local/state/pgb/bin/cc -DHAVE_CONFIG_H -DBUILDING_NCURSES -I../ncurses -I. -I../include -D_DEFAULT_SOURCE -D_XOPEN_SOURCE=600 -DNDEBUG -O2 --param max-inline-insns-single=1200  -DNCURSES_STATIC -c ../ncurses/./base/lib_screen.c -o ../objects/lib_screen.o
/root/.local/state/pgb/bin/cc -DHAVE_CONFIG_H -DBUILDING_NCURSES -I../ncurses -I. -I../include -D_DEFAULT_SOURCE -D_XOPEN_SOURCE=600 -DNDEBUG -O2 --param max-inline-insns-single=1200  -DNCURSES_STATIC -c ../ncurses/./base/lib_scroll.c -o ../objects/lib_scroll.o
/root/.local/state/pgb/bin/cc -DHAVE_CONFIG_H -DBUILDING_NCURSES -I../ncurses -I. -I../include -D_DEFAULT_SOURCE -D_XOPEN_SOURCE=600 -DNDEBUG -O2 --param max-inline-insns-single=1200  -DNCURSES_STATIC -c ../ncurses/./base/lib_scrollok.c -o ../objects/lib_scrollok.o
/root/.local/state/pgb/bin/cc -DHAVE_CONFIG_H -DBUILDING_NCURSES -I../ncurses -I. -I../include -D_DEFAULT_SOURCE -D_XOPEN_SOURCE=600 -DNDEBUG -O2 --param max-inline-insns-single=1200  -DNCURSES_STATIC -c ../ncurses/./base/lib_scrreg.c -o ../objects/lib_scrreg.o
/root/.local/state/pgb/bin/cc -DHAVE_CONFIG_H -DBUILDING_NCURSES -I../ncurses -I. -I../include -D_DEFAULT_SOURCE -D_XOPEN_SOURCE=600 -DNDEBUG -O2 --param max-inline-insns-single=1200  -DNCURSES_STATIC -c ../ncurses/./base/lib_set_term.c -o ../objects/lib_set_term.o
/root/.local/state/pgb/bin/cc -DHAVE_CONFIG_H -DBUILDING_NCURSES -I../ncurses -I. -I../include -D_DEFAULT_SOURCE -D_XOPEN_SOURCE=600 -DNDEBUG -O2 --param max-inline-insns-single=1200  -DNCURSES_STATIC -c ../ncurses/./base/lib_slk.c -o ../objects/lib_slk.o
/root/.local/state/pgb/bin/cc -DHAVE_CONFIG_H -DBUILDING_NCURSES -I../ncurses -I. -I../include -D_DEFAULT_SOURCE -D_XOPEN_SOURCE=600 -DNDEBUG -O2 --param max-inline-insns-single=1200  -DNCURSES_STATIC -c ../ncurses/./base/lib_slkatr_set.c -o ../objects/lib_slkatr_set.o
/root/.local/state/pgb/bin/cc -DHAVE_CONFIG_H -DBUILDING_NCURSES -I../ncurses -I. -I../include -D_DEFAULT_SOURCE -D_XOPEN_SOURCE=600 -DNDEBUG -O2 --param max-inline-insns-single=1200  -DNCURSES_STATIC -c ../ncurses/./base/lib_slkatrof.c -o ../objects/lib_slkatrof.o
/root/.local/state/pgb/bin/cc -DHAVE_CONFIG_H -DBUILDING_NCURSES -I../ncurses -I. -I../include -D_DEFAULT_SOURCE -D_XOPEN_SOURCE=600 -DNDEBUG -O2 --param max-inline-insns-single=1200  -DNCURSES_STATIC -c ../ncurses/./base/lib_slkatron.c -o ../objects/lib_slkatron.o
/root/.local/state/pgb/bin/cc -DHAVE_CONFIG_H -DBUILDING_NCURSES -I../ncurses -I. -I../include -D_DEFAULT_SOURCE -D_XOPEN_SOURCE=600 -DNDEBUG -O2 --param max-inline-insns-single=1200  -DNCURSES_STATIC -c ../ncurses/./base/lib_slkatrset.c -o ../objects/lib_slkatrset.o
/root/.local/state/pgb/bin/cc -DHAVE_CONFIG_H -DBUILDING_NCURSES -I../ncurses -I. -I../include -D_DEFAULT_SOURCE -D_XOPEN_SOURCE=600 -DNDEBUG -O2 --param max-inline-insns-single=1200  -DNCURSES_STATIC -c ../ncurses/./base/lib_slkattr.c -o ../objects/lib_slkattr.o
/root/.local/state/pgb/bin/cc -DHAVE_CONFIG_H -DBUILDING_NCURSES -I../ncurses -I. -I../include -D_DEFAULT_SOURCE -D_XOPEN_SOURCE=600 -DNDEBUG -O2 --param max-inline-insns-single=1200  -DNCURSES_STATIC -c ../ncurses/./base/lib_slkclear.c -o ../objects/lib_slkclear.o
/root/.local/state/pgb/bin/cc -DHAVE_CONFIG_H -DBUILDING_NCURSES -I../ncurses -I. -I../include -D_DEFAULT_SOURCE -D_XOPEN_SOURCE=600 -DNDEBUG -O2 --param max-inline-insns-single=1200  -DNCURSES_STATIC -c ../ncurses/./base/lib_slkcolor.c -o ../objects/lib_slkcolor.o
/root/.local/state/pgb/bin/cc -DHAVE_CONFIG_H -DBUILDING_NCURSES -I../ncurses -I. -I../include -D_DEFAULT_SOURCE -D_XOPEN_SOURCE=600 -DNDEBUG -O2 --param max-inline-insns-single=1200  -DNCURSES_STATIC -c ../ncurses/./base/lib_slkinit.c -o ../objects/lib_slkinit.o
/root/.local/state/pgb/bin/cc -DHAVE_CONFIG_H -DBUILDING_NCURSES -I../ncurses -I. -I../include -D_DEFAULT_SOURCE -D_XOPEN_SOURCE=600 -DNDEBUG -O2 --param max-inline-insns-single=1200  -DNCURSES_STATIC -c ../ncurses/./base/lib_slklab.c -o ../objects/lib_slklab.o
/root/.local/state/pgb/bin/cc -DHAVE_CONFIG_H -DBUILDING_NCURSES -I../ncurses -I. -I../include -D_DEFAULT_SOURCE -D_XOPEN_SOURCE=600 -DNDEBUG -O2 --param max-inline-insns-single=1200  -DNCURSES_STATIC -c ../ncurses/./base/lib_slkrefr.c -o ../objects/lib_slkrefr.o
/root/.local/state/pgb/bin/cc -DHAVE_CONFIG_H -DBUILDING_NCURSES -I../ncurses -I. -I../include -D_DEFAULT_SOURCE -D_XOPEN_SOURCE=600 -DNDEBUG -O2 --param max-inline-insns-single=1200  -DNCURSES_STATIC -c ../ncurses/./base/lib_slkset.c -o ../objects/lib_slkset.o
/root/.local/state/pgb/bin/cc -DHAVE_CONFIG_H -DBUILDING_NCURSES -I../ncurses -I. -I../include -D_DEFAULT_SOURCE -D_XOPEN_SOURCE=600 -DNDEBUG -O2 --param max-inline-insns-single=1200  -DNCURSES_STATIC -c ../ncurses/./base/lib_slktouch.c -o ../objects/lib_slktouch.o
/root/.local/state/pgb/bin/cc -DHAVE_CONFIG_H -DBUILDING_NCURSES -I../ncurses -I. -I../include -D_DEFAULT_SOURCE -D_XOPEN_SOURCE=600 -DNDEBUG -O2 --param max-inline-insns-single=1200  -DNCURSES_STATIC -c ../ncurses/./base/lib_touch.c -o ../objects/lib_touch.o
/root/.local/state/pgb/bin/cc -DHAVE_CONFIG_H -DBUILDING_NCURSES -I../ncurses -I. -I../include -D_DEFAULT_SOURCE -D_XOPEN_SOURCE=600 -DNDEBUG -O2 --param max-inline-insns-single=1200  -DNCURSES_STATIC -c ../ncurses/./tty/lib_tstp.c -o ../objects/lib_tstp.o
/root/.local/state/pgb/bin/cc -DHAVE_CONFIG_H -DBUILDING_NCURSES -I../ncurses -I. -I../include -D_DEFAULT_SOURCE -D_XOPEN_SOURCE=600 -DNDEBUG -O2 --param max-inline-insns-single=1200  -DNCURSES_STATIC -c ../ncurses/./base/lib_ungetch.c -o ../objects/lib_ungetch.o
/root/.local/state/pgb/bin/cc -DHAVE_CONFIG_H -DBUILDING_NCURSES -I../ncurses -I. -I../include -D_DEFAULT_SOURCE -D_XOPEN_SOURCE=600 -DNDEBUG -O2 --param max-inline-insns-single=1200  -DNCURSES_STATIC -c ../ncurses/./tty/lib_vidattr.c -o ../objects/lib_vidattr.o
/root/.local/state/pgb/bin/cc -DHAVE_CONFIG_H -DBUILDING_NCURSES -I../ncurses -I. -I../include -D_DEFAULT_SOURCE -D_XOPEN_SOURCE=600 -DNDEBUG -O2 --param max-inline-insns-single=1200  -DNCURSES_STATIC -c ../ncurses/./base/lib_vline.c -o ../objects/lib_vline.o
/root/.local/state/pgb/bin/cc -DHAVE_CONFIG_H -DBUILDING_NCURSES -I../ncurses -I. -I../include -D_DEFAULT_SOURCE -D_XOPEN_SOURCE=600 -DNDEBUG -O2 --param max-inline-insns-single=1200  -DNCURSES_STATIC -c ../ncurses/./base/lib_wattroff.c -o ../objects/lib_wattroff.o
/root/.local/state/pgb/bin/cc -DHAVE_CONFIG_H -DBUILDING_NCURSES -I../ncurses -I. -I../include -D_DEFAULT_SOURCE -D_XOPEN_SOURCE=600 -DNDEBUG -O2 --param max-inline-insns-single=1200  -DNCURSES_STATIC -c ../ncurses/./base/lib_wattron.c -o ../objects/lib_wattron.o
/root/.local/state/pgb/bin/cc -DHAVE_CONFIG_H -DBUILDING_NCURSES -I../ncurses -I. -I../include -D_DEFAULT_SOURCE -D_XOPEN_SOURCE=600 -DNDEBUG -O2 --param max-inline-insns-single=1200  -DNCURSES_STATIC -c ../ncurses/./base/lib_winch.c -o ../objects/lib_winch.o
/root/.local/state/pgb/bin/cc -DHAVE_CONFIG_H -DBUILDING_NCURSES -I../ncurses -I. -I../include -D_DEFAULT_SOURCE -D_XOPEN_SOURCE=600 -DNDEBUG -O2 --param max-inline-insns-single=1200  -DNCURSES_STATIC -c ../ncurses/./base/lib_window.c -o ../objects/lib_window.o
/root/.local/state/pgb/bin/cc -DHAVE_CONFIG_H -DBUILDING_NCURSES -I../ncurses -I. -I../include -D_DEFAULT_SOURCE -D_XOPEN_SOURCE=600 -DNDEBUG -O2 --param max-inline-insns-single=1200  -DNCURSES_STATIC -c ../ncurses/./base/nc_panel.c -o ../objects/nc_panel.o
/root/.local/state/pgb/bin/cc -DHAVE_CONFIG_H -DBUILDING_NCURSES -I../ncurses -I. -I../include -D_DEFAULT_SOURCE -D_XOPEN_SOURCE=600 -DNDEBUG -O2 --param max-inline-insns-single=1200  -DNCURSES_STATIC -c ../ncurses/./base/safe_sprintf.c -o ../objects/safe_sprintf.o
/root/.local/state/pgb/bin/cc -DHAVE_CONFIG_H -DBUILDING_NCURSES -I../ncurses -I. -I../include -D_DEFAULT_SOURCE -D_XOPEN_SOURCE=600 -DNDEBUG -O2 --param max-inline-insns-single=1200  -DNCURSES_STATIC -c ../ncurses/./tty/tty_update.c -o ../objects/tty_update.o
/root/.local/state/pgb/bin/cc -DHAVE_CONFIG_H -DBUILDING_NCURSES -I../ncurses -I. -I../include -D_DEFAULT_SOURCE -D_XOPEN_SOURCE=600 -DNDEBUG -O2 --param max-inline-insns-single=1200  -DNCURSES_STATIC -c ../ncurses/./trace/varargs.c -o ../objects/varargs.o
/root/.local/state/pgb/bin/cc -DHAVE_CONFIG_H -DBUILDING_NCURSES -I../ncurses -I. -I../include -D_DEFAULT_SOURCE -D_XOPEN_SOURCE=600 -DNDEBUG -O2 --param max-inline-insns-single=1200  -DNCURSES_STATIC -c ../ncurses/./base/vsscanf.c -o ../objects/vsscanf.o
/root/.local/state/pgb/bin/cc -DHAVE_CONFIG_H -DBUILDING_NCURSES -I../ncurses -I. -I../include -D_DEFAULT_SOURCE -D_XOPEN_SOURCE=600 -DNDEBUG -O2 --param max-inline-insns-single=1200  -DNCURSES_STATIC -c ../ncurses/./base/lib_freeall.c -o ../objects/lib_freeall.o
/root/.local/state/pgb/bin/cc -DHAVE_CONFIG_H -DBUILDING_NCURSES -I../ncurses -I. -I../include -D_DEFAULT_SOURCE -D_XOPEN_SOURCE=600 -DNDEBUG -O2 --param max-inline-insns-single=1200  -DNCURSES_STATIC -c ../ncurses/./widechar/charable.c -o ../objects/charable.o
/root/.local/state/pgb/bin/cc -DHAVE_CONFIG_H -DBUILDING_NCURSES -I../ncurses -I. -I../include -D_DEFAULT_SOURCE -D_XOPEN_SOURCE=600 -DNDEBUG -O2 --param max-inline-insns-single=1200  -DNCURSES_STATIC -c ../ncurses/./widechar/lib_add_wch.c -o ../objects/lib_add_wch.o
/root/.local/state/pgb/bin/cc -DHAVE_CONFIG_H -DBUILDING_NCURSES -I../ncurses -I. -I../include -D_DEFAULT_SOURCE -D_XOPEN_SOURCE=600 -DNDEBUG -O2 --param max-inline-insns-single=1200  -DNCURSES_STATIC -c ../ncurses/./widechar/lib_box_set.c -o ../objects/lib_box_set.o
/root/.local/state/pgb/bin/cc -DHAVE_CONFIG_H -DBUILDING_NCURSES -I../ncurses -I. -I../include -D_DEFAULT_SOURCE -D_XOPEN_SOURCE=600 -DNDEBUG -O2 --param max-inline-insns-single=1200  -DNCURSES_STATIC -c ../ncurses/./widechar/lib_cchar.c -o ../objects/lib_cchar.o
/root/.local/state/pgb/bin/cc -DHAVE_CONFIG_H -DBUILDING_NCURSES -I../ncurses -I. -I../include -D_DEFAULT_SOURCE -D_XOPEN_SOURCE=600 -DNDEBUG -O2 --param max-inline-insns-single=1200  -DNCURSES_STATIC -c ../ncurses/./widechar/lib_erasewchar.c -o ../objects/lib_erasewchar.o
/root/.local/state/pgb/bin/cc -DHAVE_CONFIG_H -DBUILDING_NCURSES -I../ncurses -I. -I../include -D_DEFAULT_SOURCE -D_XOPEN_SOURCE=600 -DNDEBUG -O2 --param max-inline-insns-single=1200  -DNCURSES_STATIC -c ../ncurses/./widechar/lib_get_wch.c -o ../objects/lib_get_wch.o
/root/.local/state/pgb/bin/cc -DHAVE_CONFIG_H -DBUILDING_NCURSES -I../ncurses -I. -I../include -D_DEFAULT_SOURCE -D_XOPEN_SOURCE=600 -DNDEBUG -O2 --param max-inline-insns-single=1200  -DNCURSES_STATIC -c ../ncurses/./widechar/lib_get_wstr.c -o ../objects/lib_get_wstr.o
/root/.local/state/pgb/bin/cc -DHAVE_CONFIG_H -DBUILDING_NCURSES -I../ncurses -I. -I../include -D_DEFAULT_SOURCE -D_XOPEN_SOURCE=600 -DNDEBUG -O2 --param max-inline-insns-single=1200  -DNCURSES_STATIC -c ../ncurses/./widechar/lib_hline_set.c -o ../objects/lib_hline_set.o
/root/.local/state/pgb/bin/cc -DHAVE_CONFIG_H -DBUILDING_NCURSES -I../ncurses -I. -I../include -D_DEFAULT_SOURCE -D_XOPEN_SOURCE=600 -DNDEBUG -O2 --param max-inline-insns-single=1200  -DNCURSES_STATIC -c ../ncurses/./widechar/lib_in_wch.c -o ../objects/lib_in_wch.o
/root/.local/state/pgb/bin/cc -DHAVE_CONFIG_H -DBUILDING_NCURSES -I../ncurses -I. -I../include -D_DEFAULT_SOURCE -D_XOPEN_SOURCE=600 -DNDEBUG -O2 --param max-inline-insns-single=1200  -DNCURSES_STATIC -c ../ncurses/./widechar/lib_in_wchnstr.c -o ../objects/lib_in_wchnstr.o
/root/.local/state/pgb/bin/cc -DHAVE_CONFIG_H -DBUILDING_NCURSES -I../ncurses -I. -I../include -D_DEFAULT_SOURCE -D_XOPEN_SOURCE=600 -DNDEBUG -O2 --param max-inline-insns-single=1200  -DNCURSES_STATIC -c ../ncurses/./widechar/lib_ins_wch.c -o ../objects/lib_ins_wch.o
/root/.local/state/pgb/bin/cc -DHAVE_CONFIG_H -DBUILDING_NCURSES -I../ncurses -I. -I../include -D_DEFAULT_SOURCE -D_XOPEN_SOURCE=600 -DNDEBUG -O2 --param max-inline-insns-single=1200  -DNCURSES_STATIC -c ../ncurses/./widechar/lib_inwstr.c -o ../objects/lib_inwstr.o
/root/.local/state/pgb/bin/cc -DHAVE_CONFIG_H -DBUILDING_NCURSES -I../ncurses -I. -I../include -D_DEFAULT_SOURCE -D_XOPEN_SOURCE=600 -DNDEBUG -O2 --param max-inline-insns-single=1200  -DNCURSES_STATIC -c ../ncurses/./widechar/lib_key_name.c -o ../objects/lib_key_name.o
/root/.local/state/pgb/bin/cc -DHAVE_CONFIG_H -DBUILDING_NCURSES -I../ncurses -I. -I../include -D_DEFAULT_SOURCE -D_XOPEN_SOURCE=600 -DNDEBUG -O2 --param max-inline-insns-single=1200  -DNCURSES_STATIC -c ../ncurses/./widechar/lib_pecho_wchar.c -o ../objects/lib_pecho_wchar.o
/root/.local/state/pgb/bin/cc -DHAVE_CONFIG_H -DBUILDING_NCURSES -I../ncurses -I. -I../include -D_DEFAULT_SOURCE -D_XOPEN_SOURCE=600 -DNDEBUG -O2 --param max-inline-insns-single=1200  -DNCURSES_STATIC -c ../ncurses/./widechar/lib_slk_wset.c -o ../objects/lib_slk_wset.o
/root/.local/state/pgb/bin/cc -DHAVE_CONFIG_H -DBUILDING_NCURSES -I../ncurses -I. -I../include -D_DEFAULT_SOURCE -D_XOPEN_SOURCE=600 -DNDEBUG -O2 --param max-inline-insns-single=1200  -DNCURSES_STATIC -c ../ncurses/./widechar/lib_unget_wch.c -o ../objects/lib_unget_wch.o
/root/.local/state/pgb/bin/cc -DHAVE_CONFIG_H -DBUILDING_NCURSES -I../ncurses -I. -I../include -D_DEFAULT_SOURCE -D_XOPEN_SOURCE=600 -DNDEBUG -O2 --param max-inline-insns-single=1200  -DNCURSES_STATIC -c ../ncurses/./widechar/lib_vid_attr.c -o ../objects/lib_vid_attr.o
/root/.local/state/pgb/bin/cc -DHAVE_CONFIG_H -DBUILDING_NCURSES -I../ncurses -I. -I../include -D_DEFAULT_SOURCE -D_XOPEN_SOURCE=600 -DNDEBUG -O2 --param max-inline-insns-single=1200  -DNCURSES_STATIC -c ../ncurses/./widechar/lib_vline_set.c -o ../objects/lib_vline_set.o
/root/.local/state/pgb/bin/cc -DHAVE_CONFIG_H -DBUILDING_NCURSES -I../ncurses -I. -I../include -D_DEFAULT_SOURCE -D_XOPEN_SOURCE=600 -DNDEBUG -O2 --param max-inline-insns-single=1200  -DNCURSES_STATIC -c ../ncurses/./widechar/lib_wacs.c -o ../objects/lib_wacs.o
/root/.local/state/pgb/bin/cc -DHAVE_CONFIG_H -DBUILDING_NCURSES -I../ncurses -I. -I../include -D_DEFAULT_SOURCE -D_XOPEN_SOURCE=600 -DNDEBUG -O2 --param max-inline-insns-single=1200  -DNCURSES_STATIC -c ../ncurses/./widechar/lib_wunctrl.c -o ../objects/lib_wunctrl.o
/root/.local/state/pgb/bin/cc -DHAVE_CONFIG_H -DBUILDING_NCURSES -I../ncurses -I. -I../include -D_DEFAULT_SOURCE -D_XOPEN_SOURCE=600 -DNDEBUG -O2 --param max-inline-insns-single=1200  -DNCURSES_STATIC -c ../ncurses/expanded.c -o ../objects/expanded.o
/root/.local/state/pgb/bin/cc -DHAVE_CONFIG_H -DBUILDING_NCURSES -I../ncurses -I. -I../include -D_DEFAULT_SOURCE -D_XOPEN_SOURCE=600 -DNDEBUG -O2 --param max-inline-insns-single=1200  -DNCURSES_STATIC -c ../ncurses/./base/legacy_coding.c -o ../objects/legacy_coding.o
/root/.local/state/pgb/bin/cc -DHAVE_CONFIG_H -DBUILDING_NCURSES -I../ncurses -I. -I../include -D_DEFAULT_SOURCE -D_XOPEN_SOURCE=600 -DNDEBUG -O2 --param max-inline-insns-single=1200  -DNCURSES_STATIC -c ../ncurses/./base/lib_dft_fgbg.c -o ../objects/lib_dft_fgbg.o
/root/.local/state/pgb/bin/cc -DHAVE_CONFIG_H -DBUILDING_NCURSES -I../ncurses -I. -I../include -D_DEFAULT_SOURCE -D_XOPEN_SOURCE=600 -DNDEBUG -O2 --param max-inline-insns-single=1200  -DNCURSES_STATIC -c ../ncurses/./tinfo/lib_print.c -o ../objects/lib_print.o
/root/.local/state/pgb/bin/cc -DHAVE_CONFIG_H -DBUILDING_NCURSES -I../ncurses -I. -I../include -D_DEFAULT_SOURCE -D_XOPEN_SOURCE=600 -DNDEBUG -O2 --param max-inline-insns-single=1200  -DNCURSES_STATIC -c ../ncurses/./base/new_pair.c -o ../objects/new_pair.o
/root/.local/state/pgb/bin/cc -DHAVE_CONFIG_H -DBUILDING_NCURSES -I../ncurses -I. -I../include -D_DEFAULT_SOURCE -D_XOPEN_SOURCE=600 -DNDEBUG -O2 --param max-inline-insns-single=1200  -DNCURSES_STATIC -c ../ncurses/./base/resizeterm.c -o ../objects/resizeterm.o
/root/.local/state/pgb/bin/cc -DHAVE_CONFIG_H -DBUILDING_NCURSES -I../ncurses -I. -I../include -D_DEFAULT_SOURCE -D_XOPEN_SOURCE=600 -DNDEBUG -O2 --param max-inline-insns-single=1200  -DNCURSES_STATIC -c ../ncurses/./tinfo/use_screen.c -o ../objects/use_screen.o
/root/.local/state/pgb/bin/cc -DHAVE_CONFIG_H -DBUILDING_NCURSES -I../ncurses -I. -I../include -D_DEFAULT_SOURCE -D_XOPEN_SOURCE=600 -DNDEBUG -O2 --param max-inline-insns-single=1200  -DNCURSES_STATIC -c ../ncurses/./base/use_window.c -o ../objects/use_window.o
/root/.local/state/pgb/bin/cc -DHAVE_CONFIG_H -DBUILDING_NCURSES -I../ncurses -I. -I../include -D_DEFAULT_SOURCE -D_XOPEN_SOURCE=600 -DNDEBUG -O2 --param max-inline-insns-single=1200  -DNCURSES_STATIC -c ../ncurses/./base/wresize.c -o ../objects/wresize.o
/root/.local/state/pgb/bin/cc -DHAVE_CONFIG_H -DBUILDING_NCURSES -I../ncurses -I. -I../include -D_DEFAULT_SOURCE -D_XOPEN_SOURCE=600 -DNDEBUG -O2 --param max-inline-insns-single=1200  -DNCURSES_STATIC -c ../ncurses/./tinfo/access.c -o ../objects/access.o
/root/.local/state/pgb/bin/cc -DHAVE_CONFIG_H -DBUILDING_NCURSES -I../ncurses -I. -I../include -D_DEFAULT_SOURCE -D_XOPEN_SOURCE=600 -DNDEBUG -O2 --param max-inline-insns-single=1200  -DNCURSES_STATIC -c ../ncurses/./tinfo/add_tries.c -o ../objects/add_tries.o
/root/.local/state/pgb/bin/cc -DHAVE_CONFIG_H -DBUILDING_NCURSES -I../ncurses -I. -I../include -D_DEFAULT_SOURCE -D_XOPEN_SOURCE=600 -DNDEBUG -O2 --param max-inline-insns-single=1200  -DNCURSES_STATIC -c ../ncurses/./tinfo/alloc_ttype.c -o ../objects/alloc_ttype.o
/root/.local/state/pgb/bin/cc -DHAVE_CONFIG_H -DBUILDING_NCURSES -I../ncurses -I. -I../include -D_DEFAULT_SOURCE -D_XOPEN_SOURCE=600 -DNDEBUG -O2 --param max-inline-insns-single=1200  -DNCURSES_STATIC -c ../ncurses/codes.c -o ../objects/codes.o
/root/.local/state/pgb/bin/cc -DHAVE_CONFIG_H -DBUILDING_NCURSES -I../ncurses -I. -I../include -D_DEFAULT_SOURCE -D_XOPEN_SOURCE=600 -DNDEBUG -O2 --param max-inline-insns-single=1200  -DNCURSES_STATIC -c ../ncurses/./tinfo/comp_error.c -o ../objects/comp_error.o
/root/.local/state/pgb/bin/cc -DHAVE_CONFIG_H -DBUILDING_NCURSES -I../ncurses -I. -I../include -D_DEFAULT_SOURCE -D_XOPEN_SOURCE=600 -DNDEBUG -O2 --param max-inline-insns-single=1200  -DNCURSES_STATIC -c ../ncurses/./tinfo/comp_hash.c -o ../objects/comp_hash.o
/root/.local/state/pgb/bin/cc -DHAVE_CONFIG_H -DBUILDING_NCURSES -I../ncurses -I. -I../include -D_DEFAULT_SOURCE -D_XOPEN_SOURCE=600 -DNDEBUG -O2 --param max-inline-insns-single=1200  -DNCURSES_STATIC -c ../ncurses/./tinfo/db_iterator.c -o ../objects/db_iterator.o
/root/.local/state/pgb/bin/cc -DHAVE_CONFIG_H -DBUILDING_NCURSES -I../ncurses -I. -I../include -D_DEFAULT_SOURCE -D_XOPEN_SOURCE=600 -DNDEBUG -O2 --param max-inline-insns-single=1200  -DNCURSES_STATIC -c ../ncurses/./tinfo/doalloc.c -o ../objects/doalloc.o
/root/.local/state/pgb/bin/cc -DHAVE_CONFIG_H -DBUILDING_NCURSES -I../ncurses -I. -I../include -D_DEFAULT_SOURCE -D_XOPEN_SOURCE=600 -DNDEBUG -O2 --param max-inline-insns-single=1200  -DNCURSES_STATIC -c ../ncurses/./tinfo/entries.c -o ../objects/entries.o
/root/.local/state/pgb/bin/cc -DHAVE_CONFIG_H -DBUILDING_NCURSES -I../ncurses -I. -I../include -D_DEFAULT_SOURCE -D_XOPEN_SOURCE=600 -DNDEBUG -O2 --param max-inline-insns-single=1200  -DNCURSES_STATIC -c ../ncurses/fallback.c -o ../objects/fallback.o
/root/.local/state/pgb/bin/cc -DHAVE_CONFIG_H -DBUILDING_NCURSES -I../ncurses -I. -I../include -D_DEFAULT_SOURCE -D_XOPEN_SOURCE=600 -DNDEBUG -O2 --param max-inline-insns-single=1200  -DNCURSES_STATIC -c ../ncurses/./tinfo/free_ttype.c -o ../objects/free_ttype.o
/root/.local/state/pgb/bin/cc -DHAVE_CONFIG_H -DBUILDING_NCURSES -I../ncurses -I. -I../include -D_DEFAULT_SOURCE -D_XOPEN_SOURCE=600 -DNDEBUG -O2 --param max-inline-insns-single=1200  -DNCURSES_STATIC -c ../ncurses/./tinfo/getenv_num.c -o ../objects/getenv_num.o
/root/.local/state/pgb/bin/cc -DHAVE_CONFIG_H -DBUILDING_NCURSES -I../ncurses -I. -I../include -D_DEFAULT_SOURCE -D_XOPEN_SOURCE=600 -DNDEBUG -O2 --param max-inline-insns-single=1200  -DNCURSES_STATIC -c ../ncurses/./tinfo/home_terminfo.c -o ../objects/home_terminfo.o
/root/.local/state/pgb/bin/cc -DHAVE_CONFIG_H -DBUILDING_NCURSES -I../ncurses -I. -I../include -D_DEFAULT_SOURCE -D_XOPEN_SOURCE=600 -DNDEBUG -O2 --param max-inline-insns-single=1200  -DNCURSES_STATIC -c ../ncurses/./tinfo/lib_acs.c -o ../objects/lib_acs.o
/root/.local/state/pgb/bin/cc -DHAVE_CONFIG_H -DBUILDING_NCURSES -I../ncurses -I. -I../include -D_DEFAULT_SOURCE -D_XOPEN_SOURCE=600 -DNDEBUG -O2 --param max-inline-insns-single=1200  -DNCURSES_STATIC -c ../ncurses/./tinfo/lib_baudrate.c -o ../objects/lib_baudrate.o
/root/.local/state/pgb/bin/cc -DHAVE_CONFIG_H -DBUILDING_NCURSES -I../ncurses -I. -I../include -D_DEFAULT_SOURCE -D_XOPEN_SOURCE=600 -DNDEBUG -O2 --param max-inline-insns-single=1200  -DNCURSES_STATIC -c ../ncurses/./tinfo/lib_cur_term.c -o ../objects/lib_cur_term.o
/root/.local/state/pgb/bin/cc -DHAVE_CONFIG_H -DBUILDING_NCURSES -I../ncurses -I. -I../include -D_DEFAULT_SOURCE -D_XOPEN_SOURCE=600 -DNDEBUG -O2 --param max-inline-insns-single=1200  -DNCURSES_STATIC -c ../ncurses/./tinfo/lib_data.c -o ../objects/lib_data.o
/root/.local/state/pgb/bin/cc -DHAVE_CONFIG_H -DBUILDING_NCURSES -I../ncurses -I. -I../include -D_DEFAULT_SOURCE -D_XOPEN_SOURCE=600 -DNDEBUG -O2 --param max-inline-insns-single=1200  -DNCURSES_STATIC -c ../ncurses/./tinfo/lib_has_cap.c -o ../objects/lib_has_cap.o
/root/.local/state/pgb/bin/cc -DHAVE_CONFIG_H -DBUILDING_NCURSES -I../ncurses -I. -I../include -D_DEFAULT_SOURCE -D_XOPEN_SOURCE=600 -DNDEBUG -O2 --param max-inline-insns-single=1200  -DNCURSES_STATIC -c ../ncurses/./tinfo/lib_kernel.c -o ../objects/lib_kernel.o
/root/.local/state/pgb/bin/cc -DHAVE_CONFIG_H -DBUILDING_NCURSES -I../ncurses -I. -I../include -D_DEFAULT_SOURCE -D_XOPEN_SOURCE=600 -DNDEBUG -O2 --param max-inline-insns-single=1200  -DNCURSES_STATIC -c ../ncurses/./tinfo/lib_longname.c -o ../objects/lib_longname.o
/root/.local/state/pgb/bin/cc -DHAVE_CONFIG_H -DBUILDING_NCURSES -I../ncurses -I. -I../include -D_DEFAULT_SOURCE -D_XOPEN_SOURCE=600 -DNDEBUG -O2 --param max-inline-insns-single=1200  -DNCURSES_STATIC -c ../ncurses/./tinfo/lib_napms.c -o ../objects/lib_napms.o
/root/.local/state/pgb/bin/cc -DHAVE_CONFIG_H -DBUILDING_NCURSES -I../ncurses -I. -I../include -D_DEFAULT_SOURCE -D_XOPEN_SOURCE=600 -DNDEBUG -O2 --param max-inline-insns-single=1200  -DNCURSES_STATIC -c ../ncurses/./tinfo/lib_options.c -o ../objects/lib_options.o
/root/.local/state/pgb/bin/cc -DHAVE_CONFIG_H -DBUILDING_NCURSES -I../ncurses -I. -I../include -D_DEFAULT_SOURCE -D_XOPEN_SOURCE=600 -DNDEBUG -O2 --param max-inline-insns-single=1200  -DNCURSES_STATIC -c ../ncurses/./tinfo/lib_raw.c -o ../objects/lib_raw.o
/root/.local/state/pgb/bin/cc -DHAVE_CONFIG_H -DBUILDING_NCURSES -I../ncurses -I. -I../include -D_DEFAULT_SOURCE -D_XOPEN_SOURCE=600 -DNDEBUG -O2 --param max-inline-insns-single=1200  -DNCURSES_STATIC -c ../ncurses/./tinfo/lib_setup.c -o ../objects/lib_setup.o
/root/.local/state/pgb/bin/cc -DHAVE_CONFIG_H -DBUILDING_NCURSES -I../ncurses -I. -I../include -D_DEFAULT_SOURCE -D_XOPEN_SOURCE=600 -DNDEBUG -O2 --param max-inline-insns-single=1200  -DNCURSES_STATIC -c ../ncurses/./tinfo/lib_termcap.c -o ../objects/lib_termcap.o
/root/.local/state/pgb/bin/cc -DHAVE_CONFIG_H -DBUILDING_NCURSES -I../ncurses -I. -I../include -D_DEFAULT_SOURCE -D_XOPEN_SOURCE=600 -DNDEBUG -O2 --param max-inline-insns-single=1200  -DNCURSES_STATIC -c ../ncurses/./tinfo/lib_termname.c -o ../objects/lib_termname.o
/root/.local/state/pgb/bin/cc -DHAVE_CONFIG_H -DBUILDING_NCURSES -I../ncurses -I. -I../include -D_DEFAULT_SOURCE -D_XOPEN_SOURCE=600 -DNDEBUG -O2 --param max-inline-insns-single=1200  -DNCURSES_STATIC -c ../ncurses/./tinfo/lib_tgoto.c -o ../objects/lib_tgoto.o
/root/.local/state/pgb/bin/cc -DHAVE_CONFIG_H -DBUILDING_NCURSES -I../ncurses -I. -I../include -D_DEFAULT_SOURCE -D_XOPEN_SOURCE=600 -DNDEBUG -O2 --param max-inline-insns-single=1200  -DNCURSES_STATIC -c ../ncurses/./tinfo/lib_ti.c -o ../objects/lib_ti.o
/root/.local/state/pgb/bin/cc -DHAVE_CONFIG_H -DBUILDING_NCURSES -I../ncurses -I. -I../include -D_DEFAULT_SOURCE -D_XOPEN_SOURCE=600 -DNDEBUG -O2 --param max-inline-insns-single=1200  -DNCURSES_STATIC -c ../ncurses/./tinfo/lib_tparm.c -o ../objects/lib_tparm.o
/root/.local/state/pgb/bin/cc -DHAVE_CONFIG_H -DBUILDING_NCURSES -I../ncurses -I. -I../include -D_DEFAULT_SOURCE -D_XOPEN_SOURCE=600 -DNDEBUG -O2 --param max-inline-insns-single=1200  -DNCURSES_STATIC -c ../ncurses/./tinfo/lib_tputs.c -o ../objects/lib_tputs.o
/root/.local/state/pgb/bin/cc -DHAVE_CONFIG_H -DBUILDING_NCURSES -I../ncurses -I. -I../include -D_DEFAULT_SOURCE -D_XOPEN_SOURCE=600 -DNDEBUG -O2 --param max-inline-insns-single=1200  -DNCURSES_STATIC -c ../ncurses/./trace/lib_trace.c -o ../objects/lib_trace.o
/root/.local/state/pgb/bin/cc -DHAVE_CONFIG_H -DBUILDING_NCURSES -I../ncurses -I. -I../include -D_DEFAULT_SOURCE -D_XOPEN_SOURCE=600 -DNDEBUG -O2 --param max-inline-insns-single=1200  -DNCURSES_STATIC -c ../ncurses/./tinfo/lib_ttyflags.c -o ../objects/lib_ttyflags.o
/root/.local/state/pgb/bin/cc -DHAVE_CONFIG_H -DBUILDING_NCURSES -I../ncurses -I. -I../include -D_DEFAULT_SOURCE -D_XOPEN_SOURCE=600 -DNDEBUG -O2 --param max-inline-insns-single=1200  -DNCURSES_STATIC -c ../ncurses/./tty/lib_twait.c -o ../objects/lib_twait.o
/root/.local/state/pgb/bin/cc -DHAVE_CONFIG_H -DBUILDING_NCURSES -I../ncurses -I. -I../include -D_DEFAULT_SOURCE -D_XOPEN_SOURCE=600 -DNDEBUG -O2 --param max-inline-insns-single=1200  -DNCURSES_STATIC -c ../ncurses/./tinfo/name_match.c -o ../objects/name_match.o
/root/.local/state/pgb/bin/cc -DHAVE_CONFIG_H -DBUILDING_NCURSES -I../ncurses -I. -I../include -D_DEFAULT_SOURCE -D_XOPEN_SOURCE=600 -DNDEBUG -O2 --param max-inline-insns-single=1200  -DNCURSES_STATIC -c ../ncurses/names.c -o ../objects/names.o
/root/.local/state/pgb/bin/cc -DHAVE_CONFIG_H -DBUILDING_NCURSES -I../ncurses -I. -I../include -D_DEFAULT_SOURCE -D_XOPEN_SOURCE=600 -DNDEBUG -O2 --param max-inline-insns-single=1200  -DNCURSES_STATIC -c ../ncurses/./tinfo/obsolete.c -o ../objects/obsolete.o
/root/.local/state/pgb/bin/cc -DHAVE_CONFIG_H -DBUILDING_NCURSES -I../ncurses -I. -I../include -D_DEFAULT_SOURCE -D_XOPEN_SOURCE=600 -DNDEBUG -O2 --param max-inline-insns-single=1200  -DNCURSES_STATIC -c ../ncurses/./tinfo/read_entry.c -o ../objects/read_entry.o
/root/.local/state/pgb/bin/cc -DHAVE_CONFIG_H -DBUILDING_NCURSES -I../ncurses -I. -I../include -D_DEFAULT_SOURCE -D_XOPEN_SOURCE=600 -DNDEBUG -O2 --param max-inline-insns-single=1200  -DNCURSES_STATIC -c ../ncurses/./tinfo/read_termcap.c -o ../objects/read_termcap.o
/root/.local/state/pgb/bin/cc -DHAVE_CONFIG_H -DBUILDING_NCURSES -I../ncurses -I. -I../include -D_DEFAULT_SOURCE -D_XOPEN_SOURCE=600 -DNDEBUG -O2 --param max-inline-insns-single=1200  -DNCURSES_STATIC -c ../ncurses/./tinfo/strings.c -o ../objects/strings.o
/root/.local/state/pgb/bin/cc -DHAVE_CONFIG_H -DBUILDING_NCURSES -I../ncurses -I. -I../include -D_DEFAULT_SOURCE -D_XOPEN_SOURCE=600 -DNDEBUG -O2 --param max-inline-insns-single=1200  -DNCURSES_STATIC -c ../ncurses/./base/tries.c -o ../objects/tries.o
/root/.local/state/pgb/bin/cc -DHAVE_CONFIG_H -DBUILDING_NCURSES -I../ncurses -I. -I../include -D_DEFAULT_SOURCE -D_XOPEN_SOURCE=600 -DNDEBUG -O2 --param max-inline-insns-single=1200  -DNCURSES_STATIC -c ../ncurses/./tinfo/trim_sgr0.c -o ../objects/trim_sgr0.o
/root/.local/state/pgb/bin/cc -DHAVE_CONFIG_H -DBUILDING_NCURSES -I../ncurses -I. -I../include -D_DEFAULT_SOURCE -D_XOPEN_SOURCE=600 -DNDEBUG -O2 --param max-inline-insns-single=1200  -DNCURSES_STATIC -c ../ncurses/unctrl.c -o ../objects/unctrl.o
/root/.local/state/pgb/bin/cc -DHAVE_CONFIG_H -DBUILDING_NCURSES -I../ncurses -I. -I../include -D_DEFAULT_SOURCE -D_XOPEN_SOURCE=600 -DNDEBUG -O2 --param max-inline-insns-single=1200  -DNCURSES_STATIC -c ../ncurses/./trace/visbuf.c -o ../objects/visbuf.o
/root/.local/state/pgb/bin/cc -DHAVE_CONFIG_H -DBUILDING_NCURSES -I../ncurses -I. -I../include -D_DEFAULT_SOURCE -D_XOPEN_SOURCE=600 -DNDEBUG -O2 --param max-inline-insns-single=1200  -DNCURSES_STATIC -c ../ncurses/./tinfo/alloc_entry.c -o ../objects/alloc_entry.o
/root/.local/state/pgb/bin/cc -DHAVE_CONFIG_H -DBUILDING_NCURSES -I../ncurses -I. -I../include -D_DEFAULT_SOURCE -D_XOPEN_SOURCE=600 -DNDEBUG -O2 --param max-inline-insns-single=1200  -DNCURSES_STATIC -c ../ncurses/./tinfo/captoinfo.c -o ../objects/captoinfo.o
/root/.local/state/pgb/bin/cc -DHAVE_CONFIG_H -DBUILDING_NCURSES -I../ncurses -I. -I../include -D_DEFAULT_SOURCE -D_XOPEN_SOURCE=600 -DNDEBUG -O2 --param max-inline-insns-single=1200  -DNCURSES_STATIC -c ../ncurses/./tinfo/comp_expand.c -o ../objects/comp_expand.o
/root/.local/state/pgb/bin/cc -DHAVE_CONFIG_H -DBUILDING_NCURSES -I../ncurses -I. -I../include -D_DEFAULT_SOURCE -D_XOPEN_SOURCE=600 -DNDEBUG -O2 --param max-inline-insns-single=1200  -DNCURSES_STATIC -c ../ncurses/./tinfo/comp_parse.c -o ../objects/comp_parse.o
/root/.local/state/pgb/bin/cc -DHAVE_CONFIG_H -DBUILDING_NCURSES -I../ncurses -I. -I../include -D_DEFAULT_SOURCE -D_XOPEN_SOURCE=600 -DNDEBUG -O2 --param max-inline-insns-single=1200  -DNCURSES_STATIC -c ../ncurses/./tinfo/comp_scan.c -o ../objects/comp_scan.o
/root/.local/state/pgb/bin/cc -DHAVE_CONFIG_H -DBUILDING_NCURSES -I../ncurses -I. -I../include -D_DEFAULT_SOURCE -D_XOPEN_SOURCE=600 -DNDEBUG -O2 --param max-inline-insns-single=1200  -DNCURSES_STATIC -c ../ncurses/./tinfo/parse_entry.c -o ../objects/parse_entry.o
/root/.local/state/pgb/bin/cc -DHAVE_CONFIG_H -DBUILDING_NCURSES -I../ncurses -I. -I../include -D_DEFAULT_SOURCE -D_XOPEN_SOURCE=600 -DNDEBUG -O2 --param max-inline-insns-single=1200  -DNCURSES_STATIC -c ../ncurses/./tinfo/write_entry.c -o ../objects/write_entry.o
/root/.local/state/pgb/bin/cc -DHAVE_CONFIG_H -DBUILDING_NCURSES -I../ncurses -I. -I../include -D_DEFAULT_SOURCE -D_XOPEN_SOURCE=600 -DNDEBUG -O2 --param max-inline-insns-single=1200  -DNCURSES_STATIC -c ../ncurses/./base/define_key.c -o ../objects/define_key.o
/root/.local/state/pgb/bin/cc -DHAVE_CONFIG_H -DBUILDING_NCURSES -I../ncurses -I. -I../include -D_DEFAULT_SOURCE -D_XOPEN_SOURCE=600 -DNDEBUG -O2 --param max-inline-insns-single=1200  -DNCURSES_STATIC -c ../ncurses/./tinfo/hashed_db.c -o ../objects/hashed_db.o
/root/.local/state/pgb/bin/cc -DHAVE_CONFIG_H -DBUILDING_NCURSES -I../ncurses -I. -I../include -D_DEFAULT_SOURCE -D_XOPEN_SOURCE=600 -DNDEBUG -O2 --param max-inline-insns-single=1200  -DNCURSES_STATIC -c ../ncurses/./base/key_defined.c -o ../objects/key_defined.o
/root/.local/state/pgb/bin/cc -DHAVE_CONFIG_H -DBUILDING_NCURSES -I../ncurses -I. -I../include -D_DEFAULT_SOURCE -D_XOPEN_SOURCE=600 -DNDEBUG -O2 --param max-inline-insns-single=1200  -DNCURSES_STATIC -c ../ncurses/./base/keybound.c -o ../objects/keybound.o
/root/.local/state/pgb/bin/cc -DHAVE_CONFIG_H -DBUILDING_NCURSES -I../ncurses -I. -I../include -D_DEFAULT_SOURCE -D_XOPEN_SOURCE=600 -DNDEBUG -O2 --param max-inline-insns-single=1200  -DNCURSES_STATIC -c ../ncurses/./base/keyok.c -o ../objects/keyok.o
/root/.local/state/pgb/bin/cc -DHAVE_CONFIG_H -DBUILDING_NCURSES -I../ncurses -I. -I../include -D_DEFAULT_SOURCE -D_XOPEN_SOURCE=600 -DNDEBUG -O2 --param max-inline-insns-single=1200  -DNCURSES_STATIC -c ../ncurses/./base/version.c -o ../objects/version.o
/bin/sh -e ./tinfo/MKcaptab.sh mawk 1 ./tinfo/MKcaptab.awk ../include/Caps ../include/Caps-ncurses > comp_captab.c
/bin/sh -e ./tinfo/MKuserdefs.sh mawk 1 ../include/Caps ../include/Caps-ncurses > comp_userdefs.c
mawk -f ./base/MKkeyname.awk use_sigwinch=1 bigstrings=1 keys.list > lib_keyname.c
./make_keys keys.list > init_keytry.h
/root/.local/state/pgb/bin/cc -DHAVE_CONFIG_H -DBUILDING_NCURSES -I../ncurses -I. -I../include -D_DEFAULT_SOURCE -D_XOPEN_SOURCE=600 -DNDEBUG -O2 --param max-inline-insns-single=1200  -DNCURSES_STATIC -c ../ncurses/comp_captab.c -o ../objects/comp_captab.o
/root/.local/state/pgb/bin/cc -DHAVE_CONFIG_H -DBUILDING_NCURSES -I../ncurses -I. -I../include -D_DEFAULT_SOURCE -D_XOPEN_SOURCE=600 -DNDEBUG -O2 --param max-inline-insns-single=1200  -DNCURSES_STATIC -c ../ncurses/comp_userdefs.c -o ../objects/comp_userdefs.o
/root/.local/state/pgb/bin/cc -DHAVE_CONFIG_H -DBUILDING_NCURSES -I../ncurses -I. -I../include -D_DEFAULT_SOURCE -D_XOPEN_SOURCE=600 -DNDEBUG -O2 --param max-inline-insns-single=1200  -DNCURSES_STATIC -c ../ncurses/./tinfo/init_keytry.c -o ../objects/init_keytry.o
/root/.local/state/pgb/bin/cc -DHAVE_CONFIG_H -DBUILDING_NCURSES -I../ncurses -I. -I../include -D_DEFAULT_SOURCE -D_XOPEN_SOURCE=600 -DNDEBUG -O2 --param max-inline-insns-single=1200  -DNCURSES_STATIC -c ../ncurses/lib_keyname.c -o ../objects/lib_keyname.o
ar -curvU ../lib/libncursesw.a ../objects/hardscroll.o ../objects/hashmap.o ../objects/lib_addch.o ../objects/lib_addstr.o ../objects/lib_beep.o ../objects/lib_bkgd.o ../objects/lib_box.o ../objects/lib_chgat.o ../objects/lib_clear.o ../objects/lib_clearok.o ../objects/lib_clrbot.o ../objects/lib_clreol.o ../objects/lib_color.o ../objects/lib_colorset.o ../objects/lib_delch.o ../objects/lib_delwin.o ../objects/lib_echo.o ../objects/lib_endwin.o ../objects/lib_erase.o ../objects/lib_flash.o ../objects/lib_gen.o ../objects/lib_getch.o ../objects/lib_getstr.o ../objects/lib_hline.o ../objects/lib_immedok.o ../objects/lib_inchstr.o ../objects/lib_initscr.o ../objects/lib_insch.o ../objects/lib_insdel.o ../objects/lib_insnstr.o ../objects/lib_instr.o ../objects/lib_isendwin.o ../objects/lib_leaveok.o ../objects/lib_mouse.o ../objects/lib_move.o ../objects/lib_mvcur.o ../objects/lib_mvwin.o ../objects/lib_newterm.o ../objects/lib_newwin.o ../objects/lib_nl.o ../objects/lib_overlay.o ../objects/lib_pad.o ../objects/lib_printw.o ../objects/lib_redrawln.o ../objects/lib_refresh.o ../objects/lib_restart.o ../objects/lib_scanw.o ../objects/lib_screen.o ../objects/lib_scroll.o ../objects/lib_scrollok.o ../objects/lib_scrreg.o ../objects/lib_set_term.o ../objects/lib_slk.o ../objects/lib_slkatr_set.o ../objects/lib_slkatrof.o ../objects/lib_slkatron.o ../objects/lib_slkatrset.o ../objects/lib_slkattr.o ../objects/lib_slkclear.o ../objects/lib_slkcolor.o ../objects/lib_slkinit.o ../objects/lib_slklab.o ../objects/lib_slkrefr.o ../objects/lib_slkset.o ../objects/lib_slktouch.o ../objects/lib_touch.o ../objects/lib_tstp.o ../objects/lib_ungetch.o ../objects/lib_vidattr.o ../objects/lib_vline.o ../objects/lib_wattroff.o ../objects/lib_wattron.o ../objects/lib_winch.o ../objects/lib_window.o ../objects/nc_panel.o ../objects/safe_sprintf.o ../objects/tty_update.o ../objects/varargs.o ../objects/vsscanf.o ../objects/lib_freeall.o ../objects/charable.o ../objects/lib_add_wch.o ../objects/lib_box_set.o ../objects/lib_cchar.o ../objects/lib_erasewchar.o ../objects/lib_get_wch.o ../objects/lib_get_wstr.o ../objects/lib_hline_set.o ../objects/lib_in_wch.o ../objects/lib_in_wchnstr.o ../objects/lib_ins_wch.o ../objects/lib_inwstr.o ../objects/lib_key_name.o ../objects/lib_pecho_wchar.o ../objects/lib_slk_wset.o ../objects/lib_unget_wch.o ../objects/lib_vid_attr.o ../objects/lib_vline_set.o ../objects/lib_wacs.o ../objects/lib_wunctrl.o ../objects/expanded.o ../objects/legacy_coding.o ../objects/lib_dft_fgbg.o ../objects/lib_print.o ../objects/new_pair.o ../objects/resizeterm.o ../objects/use_screen.o ../objects/use_window.o ../objects/wresize.o ../objects/access.o ../objects/add_tries.o ../objects/alloc_ttype.o ../objects/codes.o ../objects/comp_captab.o ../objects/comp_error.o ../objects/comp_hash.o ../objects/comp_userdefs.o ../objects/db_iterator.o ../objects/doalloc.o ../objects/entries.o ../objects/fallback.o ../objects/free_ttype.o ../objects/getenv_num.o ../objects/home_terminfo.o ../objects/init_keytry.o ../objects/lib_acs.o ../objects/lib_baudrate.o ../objects/lib_cur_term.o ../objects/lib_data.o ../objects/lib_has_cap.o ../objects/lib_kernel.o ../objects/lib_keyname.o ../objects/lib_longname.o ../objects/lib_napms.o ../objects/lib_options.o ../objects/lib_raw.o ../objects/lib_setup.o ../objects/lib_termcap.o ../objects/lib_termname.o ../objects/lib_tgoto.o ../objects/lib_ti.o ../objects/lib_tparm.o ../objects/lib_tputs.o ../objects/lib_trace.o ../objects/lib_ttyflags.o ../objects/lib_twait.o ../objects/name_match.o ../objects/names.o ../objects/obsolete.o ../objects/read_entry.o ../objects/read_termcap.o ../objects/strings.o ../objects/tries.o ../objects/trim_sgr0.o ../objects/unctrl.o ../objects/visbuf.o ../objects/alloc_entry.o ../objects/captoinfo.o ../objects/comp_expand.o ../objects/comp_parse.o ../objects/comp_scan.o ../objects/parse_entry.o ../objects/write_entry.o ../objects/define_key.o ../objects/hashed_db.o ../objects/key_defined.o ../objects/keybound.o ../objects/keyok.o ../objects/version.o
a - ../objects/hardscroll.o
a - ../objects/hashmap.o
a - ../objects/lib_addch.o
a - ../objects/lib_addstr.o
a - ../objects/lib_beep.o
a - ../objects/lib_bkgd.o
a - ../objects/lib_box.o
a - ../objects/lib_chgat.o
a - ../objects/lib_clear.o
a - ../objects/lib_clearok.o
a - ../objects/lib_clrbot.o
a - ../objects/lib_clreol.o
a - ../objects/lib_color.o
a - ../objects/lib_colorset.o
a - ../objects/lib_delch.o
a - ../objects/lib_delwin.o
a - ../objects/lib_echo.o
a - ../objects/lib_endwin.o
a - ../objects/lib_erase.o
a - ../objects/lib_flash.o
a - ../objects/lib_gen.o
a - ../objects/lib_getch.o
a - ../objects/lib_getstr.o
a - ../objects/lib_hline.o
a - ../objects/lib_immedok.o
a - ../objects/lib_inchstr.o
a - ../objects/lib_initscr.o
a - ../objects/lib_insch.o
a - ../objects/lib_insdel.o
a - ../objects/lib_insnstr.o
a - ../objects/lib_instr.o
a - ../objects/lib_isendwin.o
a - ../objects/lib_leaveok.o
a - ../objects/lib_mouse.o
a - ../objects/lib_move.o
a - ../objects/lib_mvcur.o
a - ../objects/lib_mvwin.o
a - ../objects/lib_newterm.o
a - ../objects/lib_newwin.o
a - ../objects/lib_nl.o
a - ../objects/lib_overlay.o
a - ../objects/lib_pad.o
a - ../objects/lib_printw.o
a - ../objects/lib_redrawln.o
a - ../objects/lib_refresh.o
a - ../objects/lib_restart.o
a - ../objects/lib_scanw.o
a - ../objects/lib_screen.o
a - ../objects/lib_scroll.o
a - ../objects/lib_scrollok.o
a - ../objects/lib_scrreg.o
a - ../objects/lib_set_term.o
a - ../objects/lib_slk.o
a - ../objects/lib_slkatr_set.o
a - ../objects/lib_slkatrof.o
a - ../objects/lib_slkatron.o
a - ../objects/lib_slkatrset.o
a - ../objects/lib_slkattr.o
a - ../objects/lib_slkclear.o
a - ../objects/lib_slkcolor.o
a - ../objects/lib_slkinit.o
a - ../objects/lib_slklab.o
a - ../objects/lib_slkrefr.o
a - ../objects/lib_slkset.o
a - ../objects/lib_slktouch.o
a - ../objects/lib_touch.o
a - ../objects/lib_tstp.o
a - ../objects/lib_ungetch.o
a - ../objects/lib_vidattr.o
a - ../objects/lib_vline.o
a - ../objects/lib_wattroff.o
a - ../objects/lib_wattron.o
a - ../objects/lib_winch.o
a - ../objects/lib_window.o
a - ../objects/nc_panel.o
a - ../objects/safe_sprintf.o
a - ../objects/tty_update.o
a - ../objects/varargs.o
a - ../objects/vsscanf.o
a - ../objects/lib_freeall.o
a - ../objects/charable.o
a - ../objects/lib_add_wch.o
a - ../objects/lib_box_set.o
a - ../objects/lib_cchar.o
a - ../objects/lib_erasewchar.o
a - ../objects/lib_get_wch.o
a - ../objects/lib_get_wstr.o
a - ../objects/lib_hline_set.o
a - ../objects/lib_in_wch.o
a - ../objects/lib_in_wchnstr.o
a - ../objects/lib_ins_wch.o
a - ../objects/lib_inwstr.o
a - ../objects/lib_key_name.o
a - ../objects/lib_pecho_wchar.o
a - ../objects/lib_slk_wset.o
a - ../objects/lib_unget_wch.o
a - ../objects/lib_vid_attr.o
a - ../objects/lib_vline_set.o
a - ../objects/lib_wacs.o
a - ../objects/lib_wunctrl.o
a - ../objects/expanded.o
a - ../objects/legacy_coding.o
a - ../objects/lib_dft_fgbg.o
a - ../objects/lib_print.o
a - ../objects/new_pair.o
a - ../objects/resizeterm.o
a - ../objects/use_screen.o
a - ../objects/use_window.o
a - ../objects/wresize.o
a - ../objects/access.o
a - ../objects/add_tries.o
a - ../objects/alloc_ttype.o
a - ../objects/codes.o
a - ../objects/comp_captab.o
a - ../objects/comp_error.o
a - ../objects/comp_hash.o
a - ../objects/comp_userdefs.o
a - ../objects/db_iterator.o
a - ../objects/doalloc.o
a - ../objects/entries.o
a - ../objects/fallback.o
a - ../objects/free_ttype.o
a - ../objects/getenv_num.o
a - ../objects/home_terminfo.o
a - ../objects/init_keytry.o
a - ../objects/lib_acs.o
a - ../objects/lib_baudrate.o
a - ../objects/lib_cur_term.o
a - ../objects/lib_data.o
a - ../objects/lib_has_cap.o
a - ../objects/lib_kernel.o
a - ../objects/lib_keyname.o
a - ../objects/lib_longname.o
a - ../objects/lib_napms.o
a - ../objects/lib_options.o
a - ../objects/lib_raw.o
a - ../objects/lib_setup.o
a - ../objects/lib_termcap.o
a - ../objects/lib_termname.o
a - ../objects/lib_tgoto.o
a - ../objects/lib_ti.o
a - ../objects/lib_tparm.o
a - ../objects/lib_tputs.o
a - ../objects/lib_trace.o
a - ../objects/lib_ttyflags.o
a - ../objects/lib_twait.o
a - ../objects/name_match.o
a - ../objects/names.o
a - ../objects/obsolete.o
a - ../objects/read_entry.o
a - ../objects/read_termcap.o
a - ../objects/strings.o
a - ../objects/tries.o
a - ../objects/trim_sgr0.o
a - ../objects/unctrl.o
a - ../objects/visbuf.o
a - ../objects/alloc_entry.o
a - ../objects/captoinfo.o
a - ../objects/comp_expand.o
a - ../objects/comp_parse.o
a - ../objects/comp_scan.o
a - ../objects/parse_entry.o
a - ../objects/write_entry.o
a - ../objects/define_key.o
a - ../objects/hashed_db.o
a - ../objects/key_defined.o
a - ../objects/keybound.o
a - ../objects/keyok.o
a - ../objects/version.o
ranlib ../lib/libncursesw.a
/root/.local/state/pgb/bin/cc -o report_offsets -DHAVE_CONFIG_H -DUSE_BUILD_CC -I../ncurses -I. -I../include -I./../include -DHAVE_CONFIG_H -DBUILDING_NCURSES -I../ncurses -I. -I../include -D_DEFAULT_SOURCE -D_XOPEN_SOURCE=600 -DNDEBUG -O2 --param max-inline-insns-single=1200  ./report_offsets.c  
./report_offsets
Size/offsets of data structures:
    4   attr_t
    4   chtype
   28   cchar_t
   28   color_t
   20   colorpair_t
    4   mmask_t
    4   rgb_bits_t
   20   MEVENT
    1   NCURSES_BOOL
   24   TRIES

Sizes of buffers/arrays:
    5   CCHARW_MAX
    8   EV_MAX
  137   FIFO_SIZE
  256   NAMESIZE
   16   MB_LEN_MAX
 4096   PATH_MAX

 1568   SCREEN
    0   SCREEN._ifd
  172   SCREEN._fifo
  720   SCREEN._fifohead
  940   SCREEN._direct_color
 1264   SCREEN._panelHook
 1360   SCREEN.jump
 1488   SCREEN.rsp
 1500 + SCREEN._no_padding
 1501 + SCREEN._use_ritm
 1502 + SCREEN._assumed_color
 1520 + SCREEN._resize
 1536 n SCREEN._windowlist
 1544 s SCREEN.use_tioctl
 1545 w SCREEN._screen_acs_fix
 1552 c SCREEN._ordered_pairs

  760   TERMINAL
    0   TERMINAL.type
   72   TERMINAL.Filedes
   76   TERMINAL.Ottyb
  136   TERMINAL.Nttyb
  196   TERMINAL._baudrate
  200   TERMINAL._termname
  208   TERMINAL.tparm_state
  688 c TERMINAL.type2

   72   TERMTYPE
   40 + TERMTYPE.ext_str_table
   66 + TERMTYPE.ext_Strings

  480   TPARM_STATE
    8   TPARM_STATE.stack
  328   TPARM_STATE.stack_ptr
  336   TPARM_STATE.out_buff
  360   TPARM_STATE.fmt_buff
  376   TPARM_STATE.static_vars

  120   WINDOW
   88 w WINDOW._bkgrnd
  116 c WINDOW._color

  480   NCURSES_GLOBALS
   12   NCURSES_GLOBALS.init_signals
  112   NCURSES_GLOBALS.tgetent_cache
  328   NCURSES_GLOBALS.dbd_vars
  424   NCURSES_GLOBALS.cached_tparm
  440 + NCURSES_GLOBALS.home_terminfo
  452 + NCURSES_GLOBALS.safeprint_rows
  456 w NCURSES_GLOBALS.key_name

  656   NCURSES_PRESCREEN
   16   NCURSES_PRESCREEN.tparm_state
  496   NCURSES_PRESCREEN.saved_tty
  504   NCURSES_PRESCREEN.use_tioctl
  512   NCURSES_PRESCREEN._outch
  520 n NCURSES_PRESCREEN.rippedoff
  648 + NCURSES_PRESCREEN._no_padding
make[1]: Leaving directory '/var/tmp/pgb-poc/ncurses-6.5/ncurses'
( cd progs && make DESTDIR="" RPATH_LIST="/var/tmp/pgb-poc/prefix-nano/lib" all )
make[1]: Entering directory '/var/tmp/pgb-poc/ncurses-6.5/progs'
/bin/sh ./MKtermsort.sh mawk ./../include/Caps >termsort.h
echo "#ifndef __TRANSFORM_H"					>transform.h
/root/.local/state/pgb/bin/cc -DHAVE_CONFIG_H -I../progs -I../ncurses -I../ncurses -I. -I../include -D_DEFAULT_SOURCE -D_XOPEN_SOURCE=600 -DNDEBUG -O2 --param max-inline-insns-single=1200  -DNCURSES_STATIC -c ../progs/tparm_type.c -o ../objects/tparm_type.o
/root/.local/state/pgb/bin/cc -DHAVE_CONFIG_H -I../progs -I../ncurses -I../ncurses -I. -I../include -D_DEFAULT_SOURCE -D_XOPEN_SOURCE=600 -DNDEBUG -O2 --param max-inline-insns-single=1200  -DNCURSES_STATIC -c ../progs/infocmp.c -o ../objects/infocmp.o
echo "#define __TRANSFORM_H 1"					>>transform.h
echo "#include <progs.priv.h>"					>>transform.h
echo "extern bool same_program(const char *, const char *);"	>>transform.h
/bin/sh -c 'if test -n "" ; then echo "#define SUFFIX_IGNORED \"\"">>transform.h; fi'
echo "#define PROG_CAPTOINFO \"`echo captoinfo|   sed 's/$//'|sed 's,x,x,'|sed 's/$//'`\""		>>transform.h
echo "#define PROG_INFOTOCAP \"`echo infotocap|   sed 's/$//'|sed 's,x,x,'|sed 's/$//'`\""		>>transform.h
echo "#define PROG_CLEAR     \"`echo clear|       sed 's/$//'|sed 's,x,x,'|sed 's/$//'`\""		>>transform.h
echo "#define PROG_RESET     \"`echo reset|       sed 's/$//'|sed 's,x,x,'|sed 's/$//'`\""		>>transform.h
echo "#define PROG_INIT      \"`echo init|        sed 's/$//'|sed 's,x,x,'|sed 's/$//'`\""		>>transform.h
echo "#endif /* __TRANSFORM_H */"				>>transform.h
/root/.local/state/pgb/bin/cc -DHAVE_CONFIG_H -I../progs -I../ncurses -I../ncurses -I. -I../include -D_DEFAULT_SOURCE -D_XOPEN_SOURCE=600 -DNDEBUG -O2 --param max-inline-insns-single=1200  -DNCURSES_STATIC -c ../progs/clear.c -o ../objects/clear.o
/root/.local/state/pgb/bin/cc -DHAVE_CONFIG_H -I../progs -I../ncurses -I../ncurses -I. -I../include -D_DEFAULT_SOURCE -D_XOPEN_SOURCE=600 -DNDEBUG -O2 --param max-inline-insns-single=1200  -DNCURSES_STATIC -c ../progs/clear_cmd.c -o ../objects/clear_cmd.o
/root/.local/state/pgb/bin/cc -DHAVE_CONFIG_H -I../progs -I../ncurses -I../ncurses -I. -I../include -D_DEFAULT_SOURCE -D_XOPEN_SOURCE=600 -DNDEBUG -O2 --param max-inline-insns-single=1200  -DNCURSES_STATIC -c ../progs/tty_settings.c -o ../objects/tty_settings.o
/root/.local/state/pgb/bin/cc -DHAVE_CONFIG_H -I../progs -I../ncurses -I../ncurses -I. -I../include -D_DEFAULT_SOURCE -D_XOPEN_SOURCE=600 -DNDEBUG -O2 --param max-inline-insns-single=1200  -DNCURSES_STATIC -c ../progs/tabs.c -o ../objects/tabs.o
/root/.local/state/pgb/bin/cc -DHAVE_CONFIG_H -I../progs -I../ncurses -I../ncurses -I. -I../include -D_DEFAULT_SOURCE -D_XOPEN_SOURCE=600 -DNDEBUG -O2 --param max-inline-insns-single=1200  -DNCURSES_STATIC -c ../progs/tput.c -o ../objects/tput.o
/root/.local/state/pgb/bin/cc -DHAVE_CONFIG_H -I../progs -I../ncurses -I../ncurses -I. -I../include -D_DEFAULT_SOURCE -D_XOPEN_SOURCE=600 -DNDEBUG -O2 --param max-inline-insns-single=1200  -DNCURSES_STATIC -c ../progs/reset_cmd.c -o ../objects/reset_cmd.o
/root/.local/state/pgb/bin/cc -DHAVE_CONFIG_H -I../progs -I../ncurses -I../ncurses -I. -I../include -D_DEFAULT_SOURCE -D_XOPEN_SOURCE=600 -DNDEBUG -O2 --param max-inline-insns-single=1200  -DNCURSES_STATIC -c ../progs/tset.c -o ../objects/tset.o
/root/.local/state/pgb/bin/cc -DHAVE_CONFIG_H -I../progs -I../ncurses -I../ncurses -I. -I../include -D_DEFAULT_SOURCE -D_XOPEN_SOURCE=600 -DNDEBUG -O2 --param max-inline-insns-single=1200  -DNCURSES_STATIC -c ../progs/toe.c -o ../objects/toe.o
/root/.local/state/pgb/bin/cc -DHAVE_CONFIG_H -I../progs -I../ncurses -I../ncurses -I. -I../include -D_DEFAULT_SOURCE -D_XOPEN_SOURCE=600 -DNDEBUG -O2 --param max-inline-insns-single=1200  -DNCURSES_STATIC -c ../progs/tic.c -o ../objects/tic.o
/root/.local/state/pgb/bin/cc -DHAVE_CONFIG_H -I../progs -I../ncurses -I../ncurses -I. -I../include -D_DEFAULT_SOURCE -D_XOPEN_SOURCE=600 -DNDEBUG -O2 --param max-inline-insns-single=1200  -DNCURSES_STATIC -c ../progs/dump_entry.c -o ../objects/dump_entry.o
/root/.local/state/pgb/bin/cc -DHAVE_CONFIG_H -I../progs -I../ncurses -I../ncurses -I. -I../include -D_DEFAULT_SOURCE -D_XOPEN_SOURCE=600 -DNDEBUG -O2 --param max-inline-insns-single=1200  -DNCURSES_STATIC -c ../progs/transform.c -o ../objects/transform.o
/root/.local/state/pgb/bin/cc ../objects/clear.o ../objects/clear_cmd.o ../objects/tty_settings.o -L../lib  -DHAVE_CONFIG_H -I../progs -I../ncurses -I../ncurses -I. -I../include -D_DEFAULT_SOURCE -D_XOPEN_SOURCE=600 -DNDEBUG -O2 --param max-inline-insns-single=1200  -DNCURSES_STATIC -lncursesw    -o clear
/root/.local/state/pgb/bin/cc ../objects/tabs.o ../objects/tty_settings.o -L../lib  -DHAVE_CONFIG_H -I../progs -I../ncurses -I../ncurses -I. -I../include -D_DEFAULT_SOURCE -D_XOPEN_SOURCE=600 -DNDEBUG -O2 --param max-inline-insns-single=1200  -DNCURSES_STATIC -lncursesw    -o tabs
/root/.local/state/pgb/bin/cc ../objects/tput.o ../objects/clear_cmd.o ../objects/reset_cmd.o ../objects/tparm_type.o ../objects/transform.o ../objects/tty_settings.o -L../lib  -DHAVE_CONFIG_H -I../progs -I../ncurses -I../ncurses -I. -I../include -D_DEFAULT_SOURCE -D_XOPEN_SOURCE=600 -DNDEBUG -O2 --param max-inline-insns-single=1200  -DNCURSES_STATIC -lncursesw    -o tput
/root/.local/state/pgb/bin/cc ../objects/tset.o ../objects/reset_cmd.o ../objects/transform.o ../objects/tty_settings.o -L../lib  -DHAVE_CONFIG_H -I../progs -I../ncurses -I../ncurses -I. -I../include -D_DEFAULT_SOURCE -D_XOPEN_SOURCE=600 -DNDEBUG -O2 --param max-inline-insns-single=1200  -DNCURSES_STATIC -lncursesw    -o tset
/root/.local/state/pgb/bin/cc ../objects/toe.o -L../lib  -DHAVE_CONFIG_H -I../progs -I../ncurses -I../ncurses -I. -I../include -D_DEFAULT_SOURCE -D_XOPEN_SOURCE=600 -DNDEBUG -O2 --param max-inline-insns-single=1200  -DNCURSES_STATIC -L../lib  -lncursesw -lncursesw    -o toe
/root/.local/state/pgb/bin/cc ../objects/infocmp.o ../objects/dump_entry.o -L../lib  -DHAVE_CONFIG_H -I../progs -I../ncurses -I../ncurses -I. -I../include -D_DEFAULT_SOURCE -D_XOPEN_SOURCE=600 -DNDEBUG -O2 --param max-inline-insns-single=1200  -DNCURSES_STATIC -L../lib  -lncursesw -lncursesw    -o infocmp
/root/.local/state/pgb/bin/cc ../objects/tic.o ../objects/dump_entry.o ../objects/tparm_type.o ../objects/transform.o -L../lib  -DHAVE_CONFIG_H -I../progs -I../ncurses -I../ncurses -I. -I../include -D_DEFAULT_SOURCE -D_XOPEN_SOURCE=600 -DNDEBUG -O2 --param max-inline-insns-single=1200  -DNCURSES_STATIC -L../lib  -lncursesw -lncursesw    -o tic
make[1]: Leaving directory '/var/tmp/pgb-poc/ncurses-6.5/progs'
( cd panel && make DESTDIR="" RPATH_LIST="/var/tmp/pgb-poc/prefix-nano/lib" all )
make[1]: Entering directory '/var/tmp/pgb-poc/ncurses-6.5/panel'
rm -f ../include/panel.h
/root/.local/state/pgb/bin/cc -I../ncurses -DHAVE_CONFIG_H -DBUILDING_PANEL -I. -I../include -D_DEFAULT_SOURCE -D_XOPEN_SOURCE=600 -DNDEBUG -O2 --param max-inline-insns-single=1200  -DNCURSES_STATIC -c ../panel/panel.c -o ../objects/panel.o
/root/.local/state/pgb/bin/cc -I../ncurses -DHAVE_CONFIG_H -DBUILDING_PANEL -I. -I../include -D_DEFAULT_SOURCE -D_XOPEN_SOURCE=600 -DNDEBUG -O2 --param max-inline-insns-single=1200  -DNCURSES_STATIC -c ../panel/p_above.c -o ../objects/p_above.o
/root/.local/state/pgb/bin/cc -I../ncurses -DHAVE_CONFIG_H -DBUILDING_PANEL -I. -I../include -D_DEFAULT_SOURCE -D_XOPEN_SOURCE=600 -DNDEBUG -O2 --param max-inline-insns-single=1200  -DNCURSES_STATIC -c ../panel/p_below.c -o ../objects/p_below.o
cp ./panel.h ../include/panel.h
/root/.local/state/pgb/bin/cc -I../ncurses -DHAVE_CONFIG_H -DBUILDING_PANEL -I. -I../include -D_DEFAULT_SOURCE -D_XOPEN_SOURCE=600 -DNDEBUG -O2 --param max-inline-insns-single=1200  -DNCURSES_STATIC -c ../panel/p_bottom.c -o ../objects/p_bottom.o
/root/.local/state/pgb/bin/cc -I../ncurses -DHAVE_CONFIG_H -DBUILDING_PANEL -I. -I../include -D_DEFAULT_SOURCE -D_XOPEN_SOURCE=600 -DNDEBUG -O2 --param max-inline-insns-single=1200  -DNCURSES_STATIC -c ../panel/p_delete.c -o ../objects/p_delete.o
/root/.local/state/pgb/bin/cc -I../ncurses -DHAVE_CONFIG_H -DBUILDING_PANEL -I. -I../include -D_DEFAULT_SOURCE -D_XOPEN_SOURCE=600 -DNDEBUG -O2 --param max-inline-insns-single=1200  -DNCURSES_STATIC -c ../panel/p_hide.c -o ../objects/p_hide.o
/root/.local/state/pgb/bin/cc -I../ncurses -DHAVE_CONFIG_H -DBUILDING_PANEL -I. -I../include -D_DEFAULT_SOURCE -D_XOPEN_SOURCE=600 -DNDEBUG -O2 --param max-inline-insns-single=1200  -DNCURSES_STATIC -c ../panel/p_hidden.c -o ../objects/p_hidden.o
/root/.local/state/pgb/bin/cc -I../ncurses -DHAVE_CONFIG_H -DBUILDING_PANEL -I. -I../include -D_DEFAULT_SOURCE -D_XOPEN_SOURCE=600 -DNDEBUG -O2 --param max-inline-insns-single=1200  -DNCURSES_STATIC -c ../panel/p_move.c -o ../objects/p_move.o
/root/.local/state/pgb/bin/cc -I../ncurses -DHAVE_CONFIG_H -DBUILDING_PANEL -I. -I../include -D_DEFAULT_SOURCE -D_XOPEN_SOURCE=600 -DNDEBUG -O2 --param max-inline-insns-single=1200  -DNCURSES_STATIC -c ../panel/p_new.c -o ../objects/p_new.o
/root/.local/state/pgb/bin/cc -I../ncurses -DHAVE_CONFIG_H -DBUILDING_PANEL -I. -I../include -D_DEFAULT_SOURCE -D_XOPEN_SOURCE=600 -DNDEBUG -O2 --param max-inline-insns-single=1200  -DNCURSES_STATIC -c ../panel/p_replace.c -o ../objects/p_replace.o
/root/.local/state/pgb/bin/cc -I../ncurses -DHAVE_CONFIG_H -DBUILDING_PANEL -I. -I../include -D_DEFAULT_SOURCE -D_XOPEN_SOURCE=600 -DNDEBUG -O2 --param max-inline-insns-single=1200  -DNCURSES_STATIC -c ../panel/p_show.c -o ../objects/p_show.o
/root/.local/state/pgb/bin/cc -I../ncurses -DHAVE_CONFIG_H -DBUILDING_PANEL -I. -I../include -D_DEFAULT_SOURCE -D_XOPEN_SOURCE=600 -DNDEBUG -O2 --param max-inline-insns-single=1200  -DNCURSES_STATIC -c ../panel/p_top.c -o ../objects/p_top.o
/root/.local/state/pgb/bin/cc -I../ncurses -DHAVE_CONFIG_H -DBUILDING_PANEL -I. -I../include -D_DEFAULT_SOURCE -D_XOPEN_SOURCE=600 -DNDEBUG -O2 --param max-inline-insns-single=1200  -DNCURSES_STATIC -c ../panel/p_update.c -o ../objects/p_update.o
/root/.local/state/pgb/bin/cc -I../ncurses -DHAVE_CONFIG_H -DBUILDING_PANEL -I. -I../include -D_DEFAULT_SOURCE -D_XOPEN_SOURCE=600 -DNDEBUG -O2 --param max-inline-insns-single=1200  -DNCURSES_STATIC -c ../panel/p_user.c -o ../objects/p_user.o
/root/.local/state/pgb/bin/cc -I../ncurses -DHAVE_CONFIG_H -DBUILDING_PANEL -I. -I../include -D_DEFAULT_SOURCE -D_XOPEN_SOURCE=600 -DNDEBUG -O2 --param max-inline-insns-single=1200  -DNCURSES_STATIC -c ../panel/p_win.c -o ../objects/p_win.o
ar -curvU ../lib/libpanelw.a ../objects/panel.o ../objects/p_above.o ../objects/p_below.o ../objects/p_bottom.o ../objects/p_delete.o ../objects/p_hide.o ../objects/p_hidden.o ../objects/p_move.o ../objects/p_new.o ../objects/p_replace.o ../objects/p_show.o ../objects/p_top.o ../objects/p_update.o ../objects/p_user.o ../objects/p_win.o
a - ../objects/panel.o
a - ../objects/p_above.o
a - ../objects/p_below.o
a - ../objects/p_bottom.o
a - ../objects/p_delete.o
a - ../objects/p_hide.o
a - ../objects/p_hidden.o
a - ../objects/p_move.o
a - ../objects/p_new.o
a - ../objects/p_replace.o
a - ../objects/p_show.o
a - ../objects/p_top.o
a - ../objects/p_update.o
a - ../objects/p_user.o
a - ../objects/p_win.o
ranlib ../lib/libpanelw.a
make[1]: Leaving directory '/var/tmp/pgb-poc/ncurses-6.5/panel'
( cd menu && make DESTDIR="" RPATH_LIST="/var/tmp/pgb-poc/prefix-nano/lib" all )
make[1]: Entering directory '/var/tmp/pgb-poc/ncurses-6.5/menu'
rm -f ../include/menu.h
rm -f ../include/eti.h
rm -f ../include/mf_common.h
cp ./menu.h ../include/menu.h
cp ./eti.h ../include/eti.h
cp ./mf_common.h ../include/mf_common.h
/root/.local/state/pgb/bin/cc -I../ncurses -DHAVE_CONFIG_H -DBUILDING_MENU -I. -I../include -D_DEFAULT_SOURCE -D_XOPEN_SOURCE=600 -DNDEBUG -O2 --param max-inline-insns-single=1200  -DNCURSES_STATIC -c ../menu/m_attribs.c -o ../objects/m_attribs.o
/root/.local/state/pgb/bin/cc -I../ncurses -DHAVE_CONFIG_H -DBUILDING_MENU -I. -I../include -D_DEFAULT_SOURCE -D_XOPEN_SOURCE=600 -DNDEBUG -O2 --param max-inline-insns-single=1200  -DNCURSES_STATIC -c ../menu/m_cursor.c -o ../objects/m_cursor.o
/root/.local/state/pgb/bin/cc -I../ncurses -DHAVE_CONFIG_H -DBUILDING_MENU -I. -I../include -D_DEFAULT_SOURCE -D_XOPEN_SOURCE=600 -DNDEBUG -O2 --param max-inline-insns-single=1200  -DNCURSES_STATIC -c ../menu/m_driver.c -o ../objects/m_driver.o
/root/.local/state/pgb/bin/cc -I../ncurses -DHAVE_CONFIG_H -DBUILDING_MENU -I. -I../include -D_DEFAULT_SOURCE -D_XOPEN_SOURCE=600 -DNDEBUG -O2 --param max-inline-insns-single=1200  -DNCURSES_STATIC -c ../menu/m_format.c -o ../objects/m_format.o
/root/.local/state/pgb/bin/cc -I../ncurses -DHAVE_CONFIG_H -DBUILDING_MENU -I. -I../include -D_DEFAULT_SOURCE -D_XOPEN_SOURCE=600 -DNDEBUG -O2 --param max-inline-insns-single=1200  -DNCURSES_STATIC -c ../menu/m_global.c -o ../objects/m_global.o
/root/.local/state/pgb/bin/cc -I../ncurses -DHAVE_CONFIG_H -DBUILDING_MENU -I. -I../include -D_DEFAULT_SOURCE -D_XOPEN_SOURCE=600 -DNDEBUG -O2 --param max-inline-insns-single=1200  -DNCURSES_STATIC -c ../menu/m_hook.c -o ../objects/m_hook.o
/root/.local/state/pgb/bin/cc -I../ncurses -DHAVE_CONFIG_H -DBUILDING_MENU -I. -I../include -D_DEFAULT_SOURCE -D_XOPEN_SOURCE=600 -DNDEBUG -O2 --param max-inline-insns-single=1200  -DNCURSES_STATIC -c ../menu/m_item_cur.c -o ../objects/m_item_cur.o
/root/.local/state/pgb/bin/cc -I../ncurses -DHAVE_CONFIG_H -DBUILDING_MENU -I. -I../include -D_DEFAULT_SOURCE -D_XOPEN_SOURCE=600 -DNDEBUG -O2 --param max-inline-insns-single=1200  -DNCURSES_STATIC -c ../menu/m_item_nam.c -o ../objects/m_item_nam.o
/root/.local/state/pgb/bin/cc -I../ncurses -DHAVE_CONFIG_H -DBUILDING_MENU -I. -I../include -D_DEFAULT_SOURCE -D_XOPEN_SOURCE=600 -DNDEBUG -O2 --param max-inline-insns-single=1200  -DNCURSES_STATIC -c ../menu/m_item_new.c -o ../objects/m_item_new.o
/root/.local/state/pgb/bin/cc -I../ncurses -DHAVE_CONFIG_H -DBUILDING_MENU -I. -I../include -D_DEFAULT_SOURCE -D_XOPEN_SOURCE=600 -DNDEBUG -O2 --param max-inline-insns-single=1200  -DNCURSES_STATIC -c ../menu/m_item_opt.c -o ../objects/m_item_opt.o
/root/.local/state/pgb/bin/cc -I../ncurses -DHAVE_CONFIG_H -DBUILDING_MENU -I. -I../include -D_DEFAULT_SOURCE -D_XOPEN_SOURCE=600 -DNDEBUG -O2 --param max-inline-insns-single=1200  -DNCURSES_STATIC -c ../menu/m_item_top.c -o ../objects/m_item_top.o
/root/.local/state/pgb/bin/cc -I../ncurses -DHAVE_CONFIG_H -DBUILDING_MENU -I. -I../include -D_DEFAULT_SOURCE -D_XOPEN_SOURCE=600 -DNDEBUG -O2 --param max-inline-insns-single=1200  -DNCURSES_STATIC -c ../menu/m_item_use.c -o ../objects/m_item_use.o
/root/.local/state/pgb/bin/cc -I../ncurses -DHAVE_CONFIG_H -DBUILDING_MENU -I. -I../include -D_DEFAULT_SOURCE -D_XOPEN_SOURCE=600 -DNDEBUG -O2 --param max-inline-insns-single=1200  -DNCURSES_STATIC -c ../menu/m_item_val.c -o ../objects/m_item_val.o
/root/.local/state/pgb/bin/cc -I../ncurses -DHAVE_CONFIG_H -DBUILDING_MENU -I. -I../include -D_DEFAULT_SOURCE -D_XOPEN_SOURCE=600 -DNDEBUG -O2 --param max-inline-insns-single=1200  -DNCURSES_STATIC -c ../menu/m_item_vis.c -o ../objects/m_item_vis.o
/root/.local/state/pgb/bin/cc -I../ncurses -DHAVE_CONFIG_H -DBUILDING_MENU -I. -I../include -D_DEFAULT_SOURCE -D_XOPEN_SOURCE=600 -DNDEBUG -O2 --param max-inline-insns-single=1200  -DNCURSES_STATIC -c ../menu/m_items.c -o ../objects/m_items.o
/root/.local/state/pgb/bin/cc -I../ncurses -DHAVE_CONFIG_H -DBUILDING_MENU -I. -I../include -D_DEFAULT_SOURCE -D_XOPEN_SOURCE=600 -DNDEBUG -O2 --param max-inline-insns-single=1200  -DNCURSES_STATIC -c ../menu/m_new.c -o ../objects/m_new.o
/root/.local/state/pgb/bin/cc -I../ncurses -DHAVE_CONFIG_H -DBUILDING_MENU -I. -I../include -D_DEFAULT_SOURCE -D_XOPEN_SOURCE=600 -DNDEBUG -O2 --param max-inline-insns-single=1200  -DNCURSES_STATIC -c ../menu/m_opts.c -o ../objects/m_opts.o
/root/.local/state/pgb/bin/cc -I../ncurses -DHAVE_CONFIG_H -DBUILDING_MENU -I. -I../include -D_DEFAULT_SOURCE -D_XOPEN_SOURCE=600 -DNDEBUG -O2 --param max-inline-insns-single=1200  -DNCURSES_STATIC -c ../menu/m_pad.c -o ../objects/m_pad.o
/root/.local/state/pgb/bin/cc -I../ncurses -DHAVE_CONFIG_H -DBUILDING_MENU -I. -I../include -D_DEFAULT_SOURCE -D_XOPEN_SOURCE=600 -DNDEBUG -O2 --param max-inline-insns-single=1200  -DNCURSES_STATIC -c ../menu/m_pattern.c -o ../objects/m_pattern.o
/root/.local/state/pgb/bin/cc -I../ncurses -DHAVE_CONFIG_H -DBUILDING_MENU -I. -I../include -D_DEFAULT_SOURCE -D_XOPEN_SOURCE=600 -DNDEBUG -O2 --param max-inline-insns-single=1200  -DNCURSES_STATIC -c ../menu/m_post.c -o ../objects/m_post.o
/root/.local/state/pgb/bin/cc -I../ncurses -DHAVE_CONFIG_H -DBUILDING_MENU -I. -I../include -D_DEFAULT_SOURCE -D_XOPEN_SOURCE=600 -DNDEBUG -O2 --param max-inline-insns-single=1200  -DNCURSES_STATIC -c ../menu/m_req_name.c -o ../objects/m_req_name.o
/root/.local/state/pgb/bin/cc -I../ncurses -DHAVE_CONFIG_H -DBUILDING_MENU -I. -I../include -D_DEFAULT_SOURCE -D_XOPEN_SOURCE=600 -DNDEBUG -O2 --param max-inline-insns-single=1200  -DNCURSES_STATIC -c ../menu/m_scale.c -o ../objects/m_scale.o
/root/.local/state/pgb/bin/cc -I../ncurses -DHAVE_CONFIG_H -DBUILDING_MENU -I. -I../include -D_DEFAULT_SOURCE -D_XOPEN_SOURCE=600 -DNDEBUG -O2 --param max-inline-insns-single=1200  -DNCURSES_STATIC -c ../menu/m_spacing.c -o ../objects/m_spacing.o
/root/.local/state/pgb/bin/cc -I../ncurses -DHAVE_CONFIG_H -DBUILDING_MENU -I. -I../include -D_DEFAULT_SOURCE -D_XOPEN_SOURCE=600 -DNDEBUG -O2 --param max-inline-insns-single=1200  -DNCURSES_STATIC -c ../menu/m_sub.c -o ../objects/m_sub.o
/root/.local/state/pgb/bin/cc -I../ncurses -DHAVE_CONFIG_H -DBUILDING_MENU -I. -I../include -D_DEFAULT_SOURCE -D_XOPEN_SOURCE=600 -DNDEBUG -O2 --param max-inline-insns-single=1200  -DNCURSES_STATIC -c ../menu/m_userptr.c -o ../objects/m_userptr.o
/root/.local/state/pgb/bin/cc -I../ncurses -DHAVE_CONFIG_H -DBUILDING_MENU -I. -I../include -D_DEFAULT_SOURCE -D_XOPEN_SOURCE=600 -DNDEBUG -O2 --param max-inline-insns-single=1200  -DNCURSES_STATIC -c ../menu/m_win.c -o ../objects/m_win.o
ar -curvU ../lib/libmenuw.a ../objects/m_attribs.o ../objects/m_cursor.o ../objects/m_driver.o ../objects/m_format.o ../objects/m_global.o ../objects/m_hook.o ../objects/m_item_cur.o ../objects/m_item_nam.o ../objects/m_item_new.o ../objects/m_item_opt.o ../objects/m_item_top.o ../objects/m_item_use.o ../objects/m_item_val.o ../objects/m_item_vis.o ../objects/m_items.o ../objects/m_new.o ../objects/m_opts.o ../objects/m_pad.o ../objects/m_pattern.o ../objects/m_post.o ../objects/m_req_name.o ../objects/m_scale.o ../objects/m_spacing.o ../objects/m_sub.o ../objects/m_userptr.o ../objects/m_win.o
a - ../objects/m_attribs.o
a - ../objects/m_cursor.o
a - ../objects/m_driver.o
a - ../objects/m_format.o
a - ../objects/m_global.o
a - ../objects/m_hook.o
a - ../objects/m_item_cur.o
a - ../objects/m_item_nam.o
a - ../objects/m_item_new.o
a - ../objects/m_item_opt.o
a - ../objects/m_item_top.o
a - ../objects/m_item_use.o
a - ../objects/m_item_val.o
a - ../objects/m_item_vis.o
a - ../objects/m_items.o
a - ../objects/m_new.o
a - ../objects/m_opts.o
a - ../objects/m_pad.o
a - ../objects/m_pattern.o
a - ../objects/m_post.o
a - ../objects/m_req_name.o
a - ../objects/m_scale.o
a - ../objects/m_spacing.o
a - ../objects/m_sub.o
a - ../objects/m_userptr.o
a - ../objects/m_win.o
ranlib ../lib/libmenuw.a
make[1]: Leaving directory '/var/tmp/pgb-poc/ncurses-6.5/menu'
( cd form && make DESTDIR="" RPATH_LIST="/var/tmp/pgb-poc/prefix-nano/lib" all )
make[1]: Entering directory '/var/tmp/pgb-poc/ncurses-6.5/form'
rm -f ../include/form.h
/root/.local/state/pgb/bin/cc -I../ncurses -DHAVE_CONFIG_H -DBUILDING_FORM -I. -I../include -D_DEFAULT_SOURCE -D_XOPEN_SOURCE=600 -DNDEBUG -O2 --param max-inline-insns-single=1200  -DNCURSES_STATIC -c ../form/fld_arg.c -o ../objects/fld_arg.o
/root/.local/state/pgb/bin/cc -I../ncurses -DHAVE_CONFIG_H -DBUILDING_FORM -I. -I../include -D_DEFAULT_SOURCE -D_XOPEN_SOURCE=600 -DNDEBUG -O2 --param max-inline-insns-single=1200  -DNCURSES_STATIC -c ../form/fld_attr.c -o ../objects/fld_attr.o
/root/.local/state/pgb/bin/cc -I../ncurses -DHAVE_CONFIG_H -DBUILDING_FORM -I. -I../include -D_DEFAULT_SOURCE -D_XOPEN_SOURCE=600 -DNDEBUG -O2 --param max-inline-insns-single=1200  -DNCURSES_STATIC -c ../form/fld_current.c -o ../objects/fld_current.o
cp ./form.h ../include/form.h
/root/.local/state/pgb/bin/cc -I../ncurses -DHAVE_CONFIG_H -DBUILDING_FORM -I. -I../include -D_DEFAULT_SOURCE -D_XOPEN_SOURCE=600 -DNDEBUG -O2 --param max-inline-insns-single=1200  -DNCURSES_STATIC -c ../form/fld_def.c -o ../objects/fld_def.o
/root/.local/state/pgb/bin/cc -I../ncurses -DHAVE_CONFIG_H -DBUILDING_FORM -I. -I../include -D_DEFAULT_SOURCE -D_XOPEN_SOURCE=600 -DNDEBUG -O2 --param max-inline-insns-single=1200  -DNCURSES_STATIC -c ../form/fld_dup.c -o ../objects/fld_dup.o
/root/.local/state/pgb/bin/cc -I../ncurses -DHAVE_CONFIG_H -DBUILDING_FORM -I. -I../include -D_DEFAULT_SOURCE -D_XOPEN_SOURCE=600 -DNDEBUG -O2 --param max-inline-insns-single=1200  -DNCURSES_STATIC -c ../form/fld_ftchoice.c -o ../objects/fld_ftchoice.o
/root/.local/state/pgb/bin/cc -I../ncurses -DHAVE_CONFIG_H -DBUILDING_FORM -I. -I../include -D_DEFAULT_SOURCE -D_XOPEN_SOURCE=600 -DNDEBUG -O2 --param max-inline-insns-single=1200  -DNCURSES_STATIC -c ../form/fld_ftlink.c -o ../objects/fld_ftlink.o
/root/.local/state/pgb/bin/cc -I../ncurses -DHAVE_CONFIG_H -DBUILDING_FORM -I. -I../include -D_DEFAULT_SOURCE -D_XOPEN_SOURCE=600 -DNDEBUG -O2 --param max-inline-insns-single=1200  -DNCURSES_STATIC -c ../form/fld_info.c -o ../objects/fld_info.o
/root/.local/state/pgb/bin/cc -I../ncurses -DHAVE_CONFIG_H -DBUILDING_FORM -I. -I../include -D_DEFAULT_SOURCE -D_XOPEN_SOURCE=600 -DNDEBUG -O2 --param max-inline-insns-single=1200  -DNCURSES_STATIC -c ../form/fld_just.c -o ../objects/fld_just.o
/root/.local/state/pgb/bin/cc -I../ncurses -DHAVE_CONFIG_H -DBUILDING_FORM -I. -I../include -D_DEFAULT_SOURCE -D_XOPEN_SOURCE=600 -DNDEBUG -O2 --param max-inline-insns-single=1200  -DNCURSES_STATIC -c ../form/fld_link.c -o ../objects/fld_link.o
/root/.local/state/pgb/bin/cc -I../ncurses -DHAVE_CONFIG_H -DBUILDING_FORM -I. -I../include -D_DEFAULT_SOURCE -D_XOPEN_SOURCE=600 -DNDEBUG -O2 --param max-inline-insns-single=1200  -DNCURSES_STATIC -c ../form/fld_max.c -o ../objects/fld_max.o
/root/.local/state/pgb/bin/cc -I../ncurses -DHAVE_CONFIG_H -DBUILDING_FORM -I. -I../include -D_DEFAULT_SOURCE -D_XOPEN_SOURCE=600 -DNDEBUG -O2 --param max-inline-insns-single=1200  -DNCURSES_STATIC -c ../form/fld_move.c -o ../objects/fld_move.o
/root/.local/state/pgb/bin/cc -I../ncurses -DHAVE_CONFIG_H -DBUILDING_FORM -I. -I../include -D_DEFAULT_SOURCE -D_XOPEN_SOURCE=600 -DNDEBUG -O2 --param max-inline-insns-single=1200  -DNCURSES_STATIC -c ../form/fld_newftyp.c -o ../objects/fld_newftyp.o
/root/.local/state/pgb/bin/cc -I../ncurses -DHAVE_CONFIG_H -DBUILDING_FORM -I. -I../include -D_DEFAULT_SOURCE -D_XOPEN_SOURCE=600 -DNDEBUG -O2 --param max-inline-insns-single=1200  -DNCURSES_STATIC -c ../form/fld_opts.c -o ../objects/fld_opts.o
/root/.local/state/pgb/bin/cc -I../ncurses -DHAVE_CONFIG_H -DBUILDING_FORM -I. -I../include -D_DEFAULT_SOURCE -D_XOPEN_SOURCE=600 -DNDEBUG -O2 --param max-inline-insns-single=1200  -DNCURSES_STATIC -c ../form/fld_pad.c -o ../objects/fld_pad.o
/root/.local/state/pgb/bin/cc -I../ncurses -DHAVE_CONFIG_H -DBUILDING_FORM -I. -I../include -D_DEFAULT_SOURCE -D_XOPEN_SOURCE=600 -DNDEBUG -O2 --param max-inline-insns-single=1200  -DNCURSES_STATIC -c ../form/fld_page.c -o ../objects/fld_page.o
/root/.local/state/pgb/bin/cc -I../ncurses -DHAVE_CONFIG_H -DBUILDING_FORM -I. -I../include -D_DEFAULT_SOURCE -D_XOPEN_SOURCE=600 -DNDEBUG -O2 --param max-inline-insns-single=1200  -DNCURSES_STATIC -c ../form/fld_stat.c -o ../objects/fld_stat.o
/root/.local/state/pgb/bin/cc -I../ncurses -DHAVE_CONFIG_H -DBUILDING_FORM -I. -I../include -D_DEFAULT_SOURCE -D_XOPEN_SOURCE=600 -DNDEBUG -O2 --param max-inline-insns-single=1200  -DNCURSES_STATIC -c ../form/fld_type.c -o ../objects/fld_type.o
/root/.local/state/pgb/bin/cc -I../ncurses -DHAVE_CONFIG_H -DBUILDING_FORM -I. -I../include -D_DEFAULT_SOURCE -D_XOPEN_SOURCE=600 -DNDEBUG -O2 --param max-inline-insns-single=1200  -DNCURSES_STATIC -c ../form/fld_user.c -o ../objects/fld_user.o
/root/.local/state/pgb/bin/cc -I../ncurses -DHAVE_CONFIG_H -DBUILDING_FORM -I. -I../include -D_DEFAULT_SOURCE -D_XOPEN_SOURCE=600 -DNDEBUG -O2 --param max-inline-insns-single=1200  -DNCURSES_STATIC -c ../form/frm_cursor.c -o ../objects/frm_cursor.o
/root/.local/state/pgb/bin/cc -I../ncurses -DHAVE_CONFIG_H -DBUILDING_FORM -I. -I../include -D_DEFAULT_SOURCE -D_XOPEN_SOURCE=600 -DNDEBUG -O2 --param max-inline-insns-single=1200  -DNCURSES_STATIC -c ../form/frm_data.c -o ../objects/frm_data.o
/root/.local/state/pgb/bin/cc -I../ncurses -DHAVE_CONFIG_H -DBUILDING_FORM -I. -I../include -D_DEFAULT_SOURCE -D_XOPEN_SOURCE=600 -DNDEBUG -O2 --param max-inline-insns-single=1200  -DNCURSES_STATIC -c ../form/frm_def.c -o ../objects/frm_def.o
/root/.local/state/pgb/bin/cc -I../ncurses -DHAVE_CONFIG_H -DBUILDING_FORM -I. -I../include -D_DEFAULT_SOURCE -D_XOPEN_SOURCE=600 -DNDEBUG -O2 --param max-inline-insns-single=1200  -DNCURSES_STATIC -c ../form/frm_driver.c -o ../objects/frm_driver.o
/root/.local/state/pgb/bin/cc -I../ncurses -DHAVE_CONFIG_H -DBUILDING_FORM -I. -I../include -D_DEFAULT_SOURCE -D_XOPEN_SOURCE=600 -DNDEBUG -O2 --param max-inline-insns-single=1200  -DNCURSES_STATIC -c ../form/frm_hook.c -o ../objects/frm_hook.o
/root/.local/state/pgb/bin/cc -I../ncurses -DHAVE_CONFIG_H -DBUILDING_FORM -I. -I../include -D_DEFAULT_SOURCE -D_XOPEN_SOURCE=600 -DNDEBUG -O2 --param max-inline-insns-single=1200  -DNCURSES_STATIC -c ../form/frm_opts.c -o ../objects/frm_opts.o
/root/.local/state/pgb/bin/cc -I../ncurses -DHAVE_CONFIG_H -DBUILDING_FORM -I. -I../include -D_DEFAULT_SOURCE -D_XOPEN_SOURCE=600 -DNDEBUG -O2 --param max-inline-insns-single=1200  -DNCURSES_STATIC -c ../form/frm_page.c -o ../objects/frm_page.o
/root/.local/state/pgb/bin/cc -I../ncurses -DHAVE_CONFIG_H -DBUILDING_FORM -I. -I../include -D_DEFAULT_SOURCE -D_XOPEN_SOURCE=600 -DNDEBUG -O2 --param max-inline-insns-single=1200  -DNCURSES_STATIC -c ../form/frm_post.c -o ../objects/frm_post.o
/root/.local/state/pgb/bin/cc -I../ncurses -DHAVE_CONFIG_H -DBUILDING_FORM -I. -I../include -D_DEFAULT_SOURCE -D_XOPEN_SOURCE=600 -DNDEBUG -O2 --param max-inline-insns-single=1200  -DNCURSES_STATIC -c ../form/frm_req_name.c -o ../objects/frm_req_name.o
/root/.local/state/pgb/bin/cc -I../ncurses -DHAVE_CONFIG_H -DBUILDING_FORM -I. -I../include -D_DEFAULT_SOURCE -D_XOPEN_SOURCE=600 -DNDEBUG -O2 --param max-inline-insns-single=1200  -DNCURSES_STATIC -c ../form/frm_scale.c -o ../objects/frm_scale.o
/root/.local/state/pgb/bin/cc -I../ncurses -DHAVE_CONFIG_H -DBUILDING_FORM -I. -I../include -D_DEFAULT_SOURCE -D_XOPEN_SOURCE=600 -DNDEBUG -O2 --param max-inline-insns-single=1200  -DNCURSES_STATIC -c ../form/frm_sub.c -o ../objects/frm_sub.o
/root/.local/state/pgb/bin/cc -I../ncurses -DHAVE_CONFIG_H -DBUILDING_FORM -I. -I../include -D_DEFAULT_SOURCE -D_XOPEN_SOURCE=600 -DNDEBUG -O2 --param max-inline-insns-single=1200  -DNCURSES_STATIC -c ../form/frm_user.c -o ../objects/frm_user.o
/root/.local/state/pgb/bin/cc -I../ncurses -DHAVE_CONFIG_H -DBUILDING_FORM -I. -I../include -D_DEFAULT_SOURCE -D_XOPEN_SOURCE=600 -DNDEBUG -O2 --param max-inline-insns-single=1200  -DNCURSES_STATIC -c ../form/frm_win.c -o ../objects/frm_win.o
/root/.local/state/pgb/bin/cc -I../ncurses -DHAVE_CONFIG_H -DBUILDING_FORM -I. -I../include -D_DEFAULT_SOURCE -D_XOPEN_SOURCE=600 -DNDEBUG -O2 --param max-inline-insns-single=1200  -DNCURSES_STATIC -c ../form/fty_alnum.c -o ../objects/fty_alnum.o
/root/.local/state/pgb/bin/cc -I../ncurses -DHAVE_CONFIG_H -DBUILDING_FORM -I. -I../include -D_DEFAULT_SOURCE -D_XOPEN_SOURCE=600 -DNDEBUG -O2 --param max-inline-insns-single=1200  -DNCURSES_STATIC -c ../form/fty_alpha.c -o ../objects/fty_alpha.o
/root/.local/state/pgb/bin/cc -I../ncurses -DHAVE_CONFIG_H -DBUILDING_FORM -I. -I../include -D_DEFAULT_SOURCE -D_XOPEN_SOURCE=600 -DNDEBUG -O2 --param max-inline-insns-single=1200  -DNCURSES_STATIC -c ../form/fty_enum.c -o ../objects/fty_enum.o
/root/.local/state/pgb/bin/cc -I../ncurses -DHAVE_CONFIG_H -DBUILDING_FORM -I. -I../include -D_DEFAULT_SOURCE -D_XOPEN_SOURCE=600 -DNDEBUG -O2 --param max-inline-insns-single=1200  -DNCURSES_STATIC -c ../form/fty_generic.c -o ../objects/fty_generic.o
/root/.local/state/pgb/bin/cc -I../ncurses -DHAVE_CONFIG_H -DBUILDING_FORM -I. -I../include -D_DEFAULT_SOURCE -D_XOPEN_SOURCE=600 -DNDEBUG -O2 --param max-inline-insns-single=1200  -DNCURSES_STATIC -c ../form/fty_int.c -o ../objects/fty_int.o
/root/.local/state/pgb/bin/cc -I../ncurses -DHAVE_CONFIG_H -DBUILDING_FORM -I. -I../include -D_DEFAULT_SOURCE -D_XOPEN_SOURCE=600 -DNDEBUG -O2 --param max-inline-insns-single=1200  -DNCURSES_STATIC -c ../form/fty_ipv4.c -o ../objects/fty_ipv4.o
/root/.local/state/pgb/bin/cc -I../ncurses -DHAVE_CONFIG_H -DBUILDING_FORM -I. -I../include -D_DEFAULT_SOURCE -D_XOPEN_SOURCE=600 -DNDEBUG -O2 --param max-inline-insns-single=1200  -DNCURSES_STATIC -c ../form/fty_num.c -o ../objects/fty_num.o
/root/.local/state/pgb/bin/cc -I../ncurses -DHAVE_CONFIG_H -DBUILDING_FORM -I. -I../include -D_DEFAULT_SOURCE -D_XOPEN_SOURCE=600 -DNDEBUG -O2 --param max-inline-insns-single=1200  -DNCURSES_STATIC -c ../form/fty_regex.c -o ../objects/fty_regex.o
ar -curvU ../lib/libformw.a ../objects/fld_arg.o ../objects/fld_attr.o ../objects/fld_current.o ../objects/fld_def.o ../objects/fld_dup.o ../objects/fld_ftchoice.o ../objects/fld_ftlink.o ../objects/fld_info.o ../objects/fld_just.o ../objects/fld_link.o ../objects/fld_max.o ../objects/fld_move.o ../objects/fld_newftyp.o ../objects/fld_opts.o ../objects/fld_pad.o ../objects/fld_page.o ../objects/fld_stat.o ../objects/fld_type.o ../objects/fld_user.o ../objects/frm_cursor.o ../objects/frm_data.o ../objects/frm_def.o ../objects/frm_driver.o ../objects/frm_hook.o ../objects/frm_opts.o ../objects/frm_page.o ../objects/frm_post.o ../objects/frm_req_name.o ../objects/frm_scale.o ../objects/frm_sub.o ../objects/frm_user.o ../objects/frm_win.o ../objects/fty_alnum.o ../objects/fty_alpha.o ../objects/fty_enum.o ../objects/fty_generic.o ../objects/fty_int.o ../objects/fty_ipv4.o ../objects/fty_num.o ../objects/fty_regex.o
a - ../objects/fld_arg.o
a - ../objects/fld_attr.o
a - ../objects/fld_current.o
a - ../objects/fld_def.o
a - ../objects/fld_dup.o
a - ../objects/fld_ftchoice.o
a - ../objects/fld_ftlink.o
a - ../objects/fld_info.o
a - ../objects/fld_just.o
a - ../objects/fld_link.o
a - ../objects/fld_max.o
a - ../objects/fld_move.o
a - ../objects/fld_newftyp.o
a - ../objects/fld_opts.o
a - ../objects/fld_pad.o
a - ../objects/fld_page.o
a - ../objects/fld_stat.o
a - ../objects/fld_type.o
a - ../objects/fld_user.o
a - ../objects/frm_cursor.o
a - ../objects/frm_data.o
a - ../objects/frm_def.o
a - ../objects/frm_driver.o
a - ../objects/frm_hook.o
a - ../objects/frm_opts.o
a - ../objects/frm_page.o
a - ../objects/frm_post.o
a - ../objects/frm_req_name.o
a - ../objects/frm_scale.o
a - ../objects/frm_sub.o
a - ../objects/frm_user.o
a - ../objects/frm_win.o
a - ../objects/fty_alnum.o
a - ../objects/fty_alpha.o
a - ../objects/fty_enum.o
a - ../objects/fty_generic.o
a - ../objects/fty_int.o
a - ../objects/fty_ipv4.o
a - ../objects/fty_num.o
a - ../objects/fty_regex.o
ranlib ../lib/libformw.a
make[1]: Leaving directory '/var/tmp/pgb-poc/ncurses-6.5/form'
( cd misc && make DESTDIR="" RPATH_LIST="/var/tmp/pgb-poc/prefix-nano/lib" all )
make[1]: Entering directory '/var/tmp/pgb-poc/ncurses-6.5/misc'
WHICH_XTERM=xterm-new \
XTERM_KBS=DEL \
datadir=/var/tmp/pgb-poc/prefix-nano/share \
/bin/sh ./gen_edit.sh >run_tic.sed
** using DEL for XTerm backspace-key
echo '** adjusting tabset paths'
** adjusting tabset paths
sed -f run_tic.sed ../misc/terminfo.src >terminfo.tmp
make[1]: Leaving directory '/var/tmp/pgb-poc/ncurses-6.5/misc'
( cd c++ && make DESTDIR="" RPATH_LIST="/var/tmp/pgb-poc/prefix-nano/lib" all )
make[1]: Entering directory '/var/tmp/pgb-poc/ncurses-6.5/c++'
cp ./etip.h.in etip.h
/bin/sh ./edit_cfg.sh ../include/ncurses_cfg.h etip.h
substituting autoconf'd values from ../include/ncurses_cfg.h into etip.h
... CPP_HAS_PARAM_INIT 0
... CPP_HAS_STATIC_CAST 1
... ETIP_NEEDS_MATH_EXCEPTION 0
... ETIP_NEEDS_MATH_H 0
... HAVE_BUILTIN_H 0
... HAVE_GPP_BUILTIN_H 0
... HAVE_GXX_BUILTIN_H 0
... HAVE_IOSTREAM 1
... HAVE_TYPEINFO 1
... HAVE_VALUES_H 0
... IOSTREAM_NAMESPACE 1
/root/.local/state/pgb/bin/c++ -DHAVE_CONFIG_H -DBUILDING_NCURSES_CXX -I../c++ -I. -I../include -D_DEFAULT_SOURCE -D_XOPEN_SOURCE=600 -DNDEBUG -O2  -DNCURSES_STATIC -c ../c++/cursesf.cc -o ../objects/cursesf.o
/root/.local/state/pgb/bin/c++ -DHAVE_CONFIG_H -DBUILDING_NCURSES_CXX -I../c++ -I. -I../include -D_DEFAULT_SOURCE -D_XOPEN_SOURCE=600 -DNDEBUG -O2  -DNCURSES_STATIC -c ../c++/cursesm.cc -o ../objects/cursesm.o
/root/.local/state/pgb/bin/c++ -DHAVE_CONFIG_H -DBUILDING_NCURSES_CXX -I../c++ -I. -I../include -D_DEFAULT_SOURCE -D_XOPEN_SOURCE=600 -DNDEBUG -O2  -DNCURSES_STATIC -c ../c++/cursesw.cc -o ../objects/cursesw.o
/root/.local/state/pgb/bin/c++ -DHAVE_CONFIG_H -DBUILDING_NCURSES_CXX -I../c++ -I. -I../include -D_DEFAULT_SOURCE -D_XOPEN_SOURCE=600 -DNDEBUG -O2  -DNCURSES_STATIC -c ../c++/cursespad.cc -o ../objects/cursespad.o
/root/.local/state/pgb/bin/c++ -DHAVE_CONFIG_H -DBUILDING_NCURSES_CXX -I../c++ -I. -I../include -D_DEFAULT_SOURCE -D_XOPEN_SOURCE=600 -DNDEBUG -O2  -DNCURSES_STATIC -c ../c++/cursesp.cc -o ../objects/cursesp.o
/root/.local/state/pgb/bin/c++ -DHAVE_CONFIG_H -DBUILDING_NCURSES_CXX -I../c++ -I. -I../include -D_DEFAULT_SOURCE -D_XOPEN_SOURCE=600 -DNDEBUG -O2  -DNCURSES_STATIC -c ../c++/cursslk.cc -o ../objects/cursslk.o
/root/.local/state/pgb/bin/c++ -DHAVE_CONFIG_H -DBUILDING_NCURSES_CXX -I../c++ -I. -I../include -D_DEFAULT_SOURCE -D_XOPEN_SOURCE=600 -DNDEBUG -O2  -DNCURSES_STATIC -c ../c++/cursesapp.cc -o ../objects/cursesapp.o
/root/.local/state/pgb/bin/c++ -DHAVE_CONFIG_H -DBUILDING_NCURSES_CXX -I../c++ -I. -I../include -D_DEFAULT_SOURCE -D_XOPEN_SOURCE=600 -DNDEBUG -O2  -DNCURSES_STATIC -c ../c++/cursesmain.cc -o ../objects/cursesmain.o
ar -curvU ../lib/libncurses++w.a ../objects/cursesf.o ../objects/cursesm.o ../objects/cursesw.o ../objects/cursespad.o ../objects/cursesp.o ../objects/cursslk.o ../objects/cursesapp.o ../objects/cursesmain.o
a - ../objects/cursesf.o
a - ../objects/cursesm.o
a - ../objects/cursesw.o
a - ../objects/cursespad.o
a - ../objects/cursesp.o
a - ../objects/cursslk.o
a - ../objects/cursesapp.o
a - ../objects/cursesmain.o
ranlib ../lib/libncurses++w.a
make[1]: Leaving directory '/var/tmp/pgb-poc/ncurses-6.5/c++'
