===============================================================
90 - our kdenlive bundle against kdenlive-AppImage-Enhanced AND onelf
===============================================================
-- conditions ------------------------------------------------
date (UTC)   : 2026-09-02T14:01:40Z
host kernel  : Linux 6.18.44-fc-v22
host arch    : x86_64
host distro  : Ubuntu 24.04.4 LTS
host libc    : ldd (Ubuntu GLIBC 2.39-0ubuntu8.7) 2.39
cc           : cc (Ubuntu 13.3.0-6ubuntu2~24.04.1) 13.3.0
ld           : GNU ld (GNU Binutils for Ubuntu) 2.42
evidence     : /home/user/glibc-research/evidence/90-kdenlive-vs-enhanced
--------------------------------------------------------------

-- the two artefacts ---------------------------------------------
        the cached artefact was built with [], this run wants [debloat=aggressive]: rebuilding
        building ours (debloat=aggressive): ./pgb bundle appimage kdenlive --with-program melt
        artefact built with: debloat=aggressive
  ok    ours exists                                    = yes
  ok    the competitor exists                          = yes

  ARTEFACT                                    BYTES
  P  ours (one command, nixpkgs)          426528098
  E  kdenlive-AppImage-Enhanced           191900604
     ratio P/E                                2.22x
        operator's bar: smaller, loads faster, runs faster than E

-- the render (melt, the engine kdenlive drives) ------------------
  P  ours                                 24074 ms         4149 bytes of MP4
  E  enhanced                             13680 ms         4162 bytes of MP4
  ok    ours rendered a real MP4                       = yes
  ok    the competitor rendered a real MP4             = yes

-- startup (the instrument experiments/86- ended up with) ---------
  P  ours                                  5941 ms cold        337 ms warm
  E  enhanced                              1183 ms cold        129 ms warm

-- arm O: the same payload, packed by onelf ----------------------
  SKIP  arm O (onelf)                                  (onelf did not build: see /home/user/glibc-research/evidence/90-kdenlive-vs-enhanced/build/onelf-build.log (musl-gcc is also absent))

-- melt on the eleven, both artefacts -----------------------------
  ENVIRONMENT         LIBC   | P:res    P:host | E:res    E:host
  alpine-3.22         musl   | ok       0      | ok       0     
  alpine-3.20         musl   | ok       0      | ok       0     
  alpine-3.10         musl   | ok       0      | ok       0     
  voidlinux-musl      musl   | ok       0      | ok       0     
  debian-11           glibc  | ok       0      | ok       1     
  debian-12           glibc  | ok       0      | ok       1     
  ubuntu-20.04        glibc  | ok       0      | ok       1     
  rockylinux-8        glibc  | ok       0      | ok       10    
  opensuse-leap-15.6  glibc  | ok       0      | ok       4     
  fedora-42           glibc  | ok       0      | ok       2     
  archlinux-latest    glibc  | ok       0      | ok       3     

  ok    environments measured                          = 11
  ok    ours rendered on every environment             = 11
  ok    the competitor did too                         = 11
  ok    ours is no worse than the competitor on host objects = yes
        clean rows: ours 11/11, the competitor 4/11
        ⚠ both arms use a shell AppRun; the four musl rows are zero for both

-- result ----------------------------------------------------
pass=8 fail=0 skip=1
VERDICT: matched expectation.
--------------------------------------------------------------
