Making all in lib
make[1]: Entering directory '/var/tmp/pgb-poc/curl-8.11.0/lib'
make  all-am
make[2]: Entering directory '/var/tmp/pgb-poc/curl-8.11.0/lib'
  CC       libcurl_la-altsvc.lo
  CC       libcurl_la-amigaos.lo
  CC       libcurl_la-asyn-ares.lo
  CC       libcurl_la-asyn-thread.lo
  CC       libcurl_la-base64.lo
  CC       libcurl_la-bufq.lo
  CC       libcurl_la-bufref.lo
  CC       libcurl_la-c-hyper.lo
  CC       libcurl_la-cf-h1-proxy.lo
  CC       libcurl_la-cf-h2-proxy.lo
  CC       libcurl_la-cf-haproxy.lo
  CC       libcurl_la-cf-https-connect.lo
  CC       libcurl_la-cf-socket.lo
  CC       libcurl_la-cfilters.lo
  CC       libcurl_la-conncache.lo
  CC       libcurl_la-connect.lo
  CC       libcurl_la-content_encoding.lo
  CC       libcurl_la-cookie.lo
  CC       libcurl_la-curl_addrinfo.lo
  CC       libcurl_la-curl_des.lo
  CC       libcurl_la-curl_endian.lo
  CC       libcurl_la-curl_fnmatch.lo
  CC       libcurl_la-curl_get_line.lo
  CC       libcurl_la-curl_gethostname.lo
  CC       libcurl_la-curl_gssapi.lo
  CC       libcurl_la-curl_memrchr.lo
  CC       libcurl_la-curl_multibyte.lo
  CC       libcurl_la-curl_ntlm_core.lo
  CC       libcurl_la-curl_range.lo
  CC       libcurl_la-curl_rtmp.lo
  CC       libcurl_la-curl_sasl.lo
  CC       libcurl_la-curl_sha512_256.lo
  CC       libcurl_la-curl_sspi.lo
  CC       libcurl_la-curl_threads.lo
  CC       libcurl_la-curl_trc.lo
  CC       libcurl_la-cw-out.lo
  CC       libcurl_la-dict.lo
  CC       libcurl_la-dllmain.lo
  CC       libcurl_la-doh.lo
  CC       libcurl_la-dynbuf.lo
  CC       libcurl_la-dynhds.lo
  CC       libcurl_la-easy.lo
  CC       libcurl_la-easygetopt.lo
  CC       libcurl_la-easyoptions.lo
  CC       libcurl_la-escape.lo
  CC       libcurl_la-file.lo
  CC       libcurl_la-fileinfo.lo
  CC       libcurl_la-fopen.lo
  CC       libcurl_la-formdata.lo
  CC       libcurl_la-ftp.lo
  CC       libcurl_la-ftplistparser.lo
  CC       libcurl_la-getenv.lo
  CC       libcurl_la-getinfo.lo
  CC       libcurl_la-gopher.lo
  CC       libcurl_la-hash.lo
  CC       libcurl_la-headers.lo
  CC       libcurl_la-hmac.lo
  CC       libcurl_la-hostasyn.lo
  CC       libcurl_la-hostip.lo
  CC       libcurl_la-hostip4.lo
  CC       libcurl_la-hostip6.lo
  CC       libcurl_la-hostsyn.lo
  CC       libcurl_la-hsts.lo
  CC       libcurl_la-http.lo
  CC       libcurl_la-http1.lo
  CC       libcurl_la-http2.lo
  CC       libcurl_la-http_aws_sigv4.lo
  CC       libcurl_la-http_chunks.lo
  CC       libcurl_la-http_digest.lo
  CC       libcurl_la-http_negotiate.lo
  CC       libcurl_la-http_ntlm.lo
  CC       libcurl_la-http_proxy.lo
  CC       libcurl_la-idn.lo
  CC       libcurl_la-if2ip.lo
  CC       libcurl_la-imap.lo
  CC       libcurl_la-inet_ntop.lo
  CC       libcurl_la-inet_pton.lo
  CC       libcurl_la-krb5.lo
  CC       libcurl_la-ldap.lo
  CC       libcurl_la-llist.lo
  CC       libcurl_la-macos.lo
  CC       libcurl_la-md4.lo
  CC       libcurl_la-md5.lo
  CC       libcurl_la-memdebug.lo
  CC       libcurl_la-mime.lo
  CC       libcurl_la-mprintf.lo
  CC       libcurl_la-mqtt.lo
  CC       libcurl_la-multi.lo
  CC       libcurl_la-netrc.lo
  CC       libcurl_la-nonblock.lo
  CC       libcurl_la-noproxy.lo
  CC       libcurl_la-openldap.lo
  CC       libcurl_la-parsedate.lo
  CC       libcurl_la-pingpong.lo
  CC       libcurl_la-pop3.lo
  CC       libcurl_la-progress.lo
  CC       libcurl_la-psl.lo
  CC       libcurl_la-rand.lo
  CC       libcurl_la-rename.lo
  CC       libcurl_la-request.lo
  CC       libcurl_la-rtsp.lo
  CC       libcurl_la-select.lo
  CC       libcurl_la-sendf.lo
  CC       libcurl_la-setopt.lo
  CC       libcurl_la-sha256.lo
  CC       libcurl_la-share.lo
  CC       libcurl_la-slist.lo
  CC       libcurl_la-smb.lo
  CC       libcurl_la-smtp.lo
  CC       libcurl_la-socketpair.lo
  CC       libcurl_la-socks.lo
  CC       libcurl_la-socks_gssapi.lo
  CC       libcurl_la-socks_sspi.lo
  CC       libcurl_la-speedcheck.lo
  CC       libcurl_la-splay.lo
  CC       libcurl_la-strcase.lo
  CC       libcurl_la-strdup.lo
  CC       libcurl_la-strerror.lo
  CC       libcurl_la-strtok.lo
  CC       libcurl_la-strtoofft.lo
  CC       libcurl_la-system_win32.lo
  CC       libcurl_la-telnet.lo
  CC       libcurl_la-tftp.lo
  CC       libcurl_la-timediff.lo
  CC       libcurl_la-timeval.lo
  CC       libcurl_la-transfer.lo
  CC       libcurl_la-url.lo
  CC       libcurl_la-urlapi.lo
  CC       libcurl_la-version.lo
  CC       libcurl_la-version_win32.lo
  CC       libcurl_la-warnless.lo
  CC       libcurl_la-ws.lo
  CC       vauth/libcurl_la-cleartext.lo
  CC       vauth/libcurl_la-cram.lo
  CC       vauth/libcurl_la-digest.lo
  CC       vauth/libcurl_la-digest_sspi.lo
  CC       vauth/libcurl_la-gsasl.lo
  CC       vauth/libcurl_la-krb5_gssapi.lo
  CC       vauth/libcurl_la-krb5_sspi.lo
  CC       vauth/libcurl_la-ntlm.lo
  CC       vauth/libcurl_la-ntlm_sspi.lo
  CC       vauth/libcurl_la-oauth2.lo
  CC       vauth/libcurl_la-spnego_gssapi.lo
  CC       vauth/libcurl_la-spnego_sspi.lo
  CC       vauth/libcurl_la-vauth.lo
  CC       vtls/libcurl_la-bearssl.lo
  CC       vtls/libcurl_la-cipher_suite.lo
  CC       vtls/libcurl_la-gtls.lo
  CC       vtls/libcurl_la-hostcheck.lo
  CC       vtls/libcurl_la-keylog.lo
  CC       vtls/libcurl_la-mbedtls.lo
  CC       vtls/libcurl_la-mbedtls_threadlock.lo
  CC       vtls/libcurl_la-openssl.lo
  CC       vtls/libcurl_la-rustls.lo
  CC       vtls/libcurl_la-schannel.lo
  CC       vtls/libcurl_la-schannel_verify.lo
  CC       vtls/libcurl_la-sectransp.lo
  CC       vtls/libcurl_la-vtls.lo
  CC       vtls/libcurl_la-wolfssl.lo
  CC       vtls/libcurl_la-x509asn1.lo
  CC       vquic/libcurl_la-curl_msh3.lo
  CC       vquic/libcurl_la-curl_ngtcp2.lo
  CC       vquic/libcurl_la-curl_osslq.lo
  CC       vquic/libcurl_la-curl_quiche.lo
  CC       vquic/libcurl_la-vquic.lo
  CC       vquic/libcurl_la-vquic-tls.lo
  CC       vssh/libcurl_la-libssh.lo
  CC       vssh/libcurl_la-libssh2.lo
  CC       vssh/libcurl_la-curl_path.lo
  CC       vssh/libcurl_la-wolfssh.lo
  CCLD     libcurl.la
make[2]: Leaving directory '/var/tmp/pgb-poc/curl-8.11.0/lib'
make[1]: Leaving directory '/var/tmp/pgb-poc/curl-8.11.0/lib'
Making all in docs
make[1]: Entering directory '/var/tmp/pgb-poc/curl-8.11.0/docs'
  RENDER  mk-ca-bundle.1
  RENDER  curl-config.1
Making all in .
make[2]: Entering directory '/var/tmp/pgb-poc/curl-8.11.0/docs'
make[2]: Nothing to be done for 'all-am'.
make[2]: Leaving directory '/var/tmp/pgb-poc/curl-8.11.0/docs'
Making all in cmdline-opts
make[2]: Entering directory '/var/tmp/pgb-poc/curl-8.11.0/docs/cmdline-opts'
  GENERATE curl.1
  GENERATE curl.txt
make[2]: Leaving directory '/var/tmp/pgb-poc/curl-8.11.0/docs/cmdline-opts'
Making all in libcurl
make[2]: Entering directory '/var/tmp/pgb-poc/curl-8.11.0/docs/libcurl'
Making all in opts
make[3]: Entering directory '/var/tmp/pgb-poc/curl-8.11.0/docs/libcurl/opts'
  RENDER  CURLINFO_ACTIVESOCKET.3
  RENDER  CURLINFO_APPCONNECT_TIME.3
  RENDER  CURLINFO_APPCONNECT_TIME_T.3
  RENDER  CURLINFO_CAINFO.3
  RENDER  CURLINFO_CAPATH.3
  RENDER  CURLINFO_CERTINFO.3
  RENDER  CURLINFO_CONDITION_UNMET.3
  RENDER  CURLINFO_CONNECT_TIME.3
  RENDER  CURLINFO_CONN_ID.3
  RENDER  CURLINFO_CONNECT_TIME_T.3
  RENDER  CURLINFO_CONTENT_LENGTH_DOWNLOAD.3
  RENDER  CURLINFO_CONTENT_LENGTH_DOWNLOAD_T.3
  RENDER  CURLINFO_CONTENT_LENGTH_UPLOAD.3
  RENDER  CURLINFO_CONTENT_LENGTH_UPLOAD_T.3
  RENDER  CURLINFO_CONTENT_TYPE.3
  RENDER  CURLINFO_COOKIELIST.3
  RENDER  CURLINFO_EARLYDATA_SENT_T.3
  RENDER  CURLINFO_EFFECTIVE_METHOD.3
  RENDER  CURLINFO_EFFECTIVE_URL.3
  RENDER  CURLINFO_FILETIME.3
  RENDER  CURLINFO_FILETIME_T.3
  RENDER  CURLINFO_HEADER_SIZE.3
  RENDER  CURLINFO_FTP_ENTRY_PATH.3
  RENDER  CURLINFO_HTTP_CONNECTCODE.3
  RENDER  CURLINFO_HTTP_VERSION.3
  RENDER  CURLINFO_HTTPAUTH_AVAIL.3
  RENDER  CURLINFO_LASTSOCKET.3
  RENDER  CURLINFO_LOCAL_IP.3
  RENDER  CURLINFO_LOCAL_PORT.3
  RENDER  CURLINFO_NAMELOOKUP_TIME.3
  RENDER  CURLINFO_NAMELOOKUP_TIME_T.3
  RENDER  CURLINFO_NUM_CONNECTS.3
  RENDER  CURLINFO_OS_ERRNO.3
  RENDER  CURLINFO_PRETRANSFER_TIME.3
  RENDER  CURLINFO_PRETRANSFER_TIME_T.3
  RENDER  CURLINFO_POSTTRANSFER_TIME_T.3
  RENDER  CURLINFO_PRIMARY_IP.3
  RENDER  CURLINFO_PRIMARY_PORT.3
  RENDER  CURLINFO_PROTOCOL.3
  RENDER  CURLINFO_PRIVATE.3
  RENDER  CURLINFO_PROXY_ERROR.3
  RENDER  CURLINFO_PROXY_SSL_VERIFYRESULT.3
  RENDER  CURLINFO_PROXYAUTH_AVAIL.3
  RENDER  CURLINFO_QUEUE_TIME_T.3
  RENDER  CURLINFO_REDIRECT_COUNT.3
  RENDER  CURLINFO_REDIRECT_TIME.3
  RENDER  CURLINFO_REDIRECT_TIME_T.3
  RENDER  CURLINFO_REDIRECT_URL.3
  RENDER  CURLINFO_REFERER.3
  RENDER  CURLINFO_REQUEST_SIZE.3
  RENDER  CURLINFO_RESPONSE_CODE.3
  RENDER  CURLINFO_RETRY_AFTER.3
  RENDER  CURLINFO_RTSP_CLIENT_CSEQ.3
  RENDER  CURLINFO_RTSP_CSEQ_RECV.3
  RENDER  CURLINFO_RTSP_SERVER_CSEQ.3
  RENDER  CURLINFO_RTSP_SESSION_ID.3
  RENDER  CURLINFO_SCHEME.3
  RENDER  CURLINFO_SIZE_DOWNLOAD.3
  RENDER  CURLINFO_SIZE_DOWNLOAD_T.3
  RENDER  CURLINFO_SIZE_UPLOAD.3
  RENDER  CURLINFO_SIZE_UPLOAD_T.3
  RENDER  CURLINFO_SPEED_DOWNLOAD.3
  RENDER  CURLINFO_SPEED_DOWNLOAD_T.3
  RENDER  CURLINFO_SPEED_UPLOAD.3
  RENDER  CURLINFO_SPEED_UPLOAD_T.3
  RENDER  CURLINFO_SSL_ENGINES.3
  RENDER  CURLINFO_SSL_VERIFYRESULT.3
  RENDER  CURLINFO_STARTTRANSFER_TIME.3
  RENDER  CURLINFO_STARTTRANSFER_TIME_T.3
  RENDER  CURLINFO_TLS_SESSION.3
  RENDER  CURLINFO_TLS_SSL_PTR.3
  RENDER  CURLINFO_TOTAL_TIME.3
  RENDER  CURLINFO_TOTAL_TIME_T.3
  RENDER  CURLINFO_USED_PROXY.3
  RENDER  CURLINFO_XFER_ID.3
  RENDER  CURLMOPT_CHUNK_LENGTH_PENALTY_SIZE.3
  RENDER  CURLMOPT_CONTENT_LENGTH_PENALTY_SIZE.3
  RENDER  CURLMOPT_MAX_CONCURRENT_STREAMS.3
  RENDER  CURLMOPT_MAX_HOST_CONNECTIONS.3
  RENDER  CURLMOPT_MAX_PIPELINE_LENGTH.3
  RENDER  CURLMOPT_MAX_TOTAL_CONNECTIONS.3
  RENDER  CURLMOPT_MAXCONNECTS.3
  RENDER  CURLMOPT_PIPELINING.3
  RENDER  CURLMOPT_PIPELINING_SERVER_BL.3
  RENDER  CURLMOPT_PIPELINING_SITE_BL.3
  RENDER  CURLMOPT_PUSHDATA.3
  RENDER  CURLMOPT_SOCKETDATA.3
  RENDER  CURLMOPT_PUSHFUNCTION.3
  RENDER  CURLMOPT_SOCKETFUNCTION.3
  RENDER  CURLMOPT_TIMERDATA.3
  RENDER  CURLMOPT_TIMERFUNCTION.3
  RENDER  CURLOPT_ABSTRACT_UNIX_SOCKET.3
  RENDER  CURLOPT_ACCEPT_ENCODING.3
  RENDER  CURLOPT_ACCEPTTIMEOUT_MS.3
  RENDER  CURLOPT_ADDRESS_SCOPE.3
  RENDER  CURLOPT_ALTSVC.3
  RENDER  CURLOPT_ALTSVC_CTRL.3
  RENDER  CURLOPT_APPEND.3
  RENDER  CURLOPT_AUTOREFERER.3
  RENDER  CURLOPT_AWS_SIGV4.3
  RENDER  CURLOPT_BUFFERSIZE.3
  RENDER  CURLOPT_CAINFO.3
  RENDER  CURLOPT_CAINFO_BLOB.3
  RENDER  CURLOPT_CAPATH.3
  RENDER  CURLOPT_CA_CACHE_TIMEOUT.3
  RENDER  CURLOPT_CERTINFO.3
  RENDER  CURLOPT_CHUNK_BGN_FUNCTION.3
  RENDER  CURLOPT_CHUNK_END_FUNCTION.3
  RENDER  CURLOPT_CHUNK_DATA.3
  RENDER  CURLOPT_CLOSESOCKETDATA.3
  RENDER  CURLOPT_CLOSESOCKETFUNCTION.3
  RENDER  CURLOPT_CONNECT_TO.3
  RENDER  CURLOPT_CONNECT_ONLY.3
  RENDER  CURLOPT_CONNECTTIMEOUT.3
  RENDER  CURLOPT_CONNECTTIMEOUT_MS.3
  RENDER  CURLOPT_CONV_FROM_NETWORK_FUNCTION.3
  RENDER  CURLOPT_CONV_FROM_UTF8_FUNCTION.3
  RENDER  CURLOPT_CONV_TO_NETWORK_FUNCTION.3
  RENDER  CURLOPT_COOKIEFILE.3
  RENDER  CURLOPT_COOKIE.3
  RENDER  CURLOPT_COOKIEJAR.3
  RENDER  CURLOPT_COOKIELIST.3
  RENDER  CURLOPT_COOKIESESSION.3
  RENDER  CURLOPT_COPYPOSTFIELDS.3
  RENDER  CURLOPT_CRLF.3
  RENDER  CURLOPT_CRLFILE.3
  RENDER  CURLOPT_CURLU.3
  RENDER  CURLOPT_CUSTOMREQUEST.3
  RENDER  CURLOPT_DEBUGDATA.3
  RENDER  CURLOPT_DEBUGFUNCTION.3
  RENDER  CURLOPT_DEFAULT_PROTOCOL.3
  RENDER  CURLOPT_DIRLISTONLY.3
  RENDER  CURLOPT_DISALLOW_USERNAME_IN_URL.3
  RENDER  CURLOPT_DNS_CACHE_TIMEOUT.3
  RENDER  CURLOPT_DNS_INTERFACE.3
  RENDER  CURLOPT_DNS_LOCAL_IP4.3
  RENDER  CURLOPT_DNS_LOCAL_IP6.3
  RENDER  CURLOPT_DNS_SERVERS.3
  RENDER  CURLOPT_DNS_SHUFFLE_ADDRESSES.3
  RENDER  CURLOPT_DNS_USE_GLOBAL_CACHE.3
  RENDER  CURLOPT_DOH_SSL_VERIFYHOST.3
  RENDER  CURLOPT_DOH_SSL_VERIFYPEER.3
  RENDER  CURLOPT_DOH_SSL_VERIFYSTATUS.3
  RENDER  CURLOPT_DOH_URL.3
  RENDER  CURLOPT_ECH.3
  RENDER  CURLOPT_EGDSOCKET.3
  RENDER  CURLOPT_ERRORBUFFER.3
  RENDER  CURLOPT_EXPECT_100_TIMEOUT_MS.3
  RENDER  CURLOPT_FAILONERROR.3
  RENDER  CURLOPT_FILETIME.3
  RENDER  CURLOPT_FNMATCH_DATA.3
  RENDER  CURLOPT_FNMATCH_FUNCTION.3
  RENDER  CURLOPT_FOLLOWLOCATION.3
  RENDER  CURLOPT_FORBID_REUSE.3
  RENDER  CURLOPT_FRESH_CONNECT.3
  RENDER  CURLOPT_FTP_ACCOUNT.3
  RENDER  CURLOPT_FTP_ALTERNATIVE_TO_USER.3
  RENDER  CURLOPT_FTP_CREATE_MISSING_DIRS.3
  RENDER  CURLOPT_FTP_FILEMETHOD.3
  RENDER  CURLOPT_FTP_SKIP_PASV_IP.3
  RENDER  CURLOPT_FTP_SSL_CCC.3
  RENDER  CURLOPT_FTP_USE_EPRT.3
  RENDER  CURLOPT_FTP_USE_EPSV.3
  RENDER  CURLOPT_FTP_USE_PRET.3
  RENDER  CURLOPT_FTPPORT.3
  RENDER  CURLOPT_FTPSSLAUTH.3
  RENDER  CURLOPT_GSSAPI_DELEGATION.3
  RENDER  CURLOPT_HAPROXYPROTOCOL.3
  RENDER  CURLOPT_HAPPY_EYEBALLS_TIMEOUT_MS.3
  RENDER  CURLOPT_HAPROXY_CLIENT_IP.3
  RENDER  CURLOPT_HEADER.3
  RENDER  CURLOPT_HEADERFUNCTION.3
  RENDER  CURLOPT_HEADERDATA.3
  RENDER  CURLOPT_HEADEROPT.3
  RENDER  CURLOPT_HSTS.3
  RENDER  CURLOPT_HSTS_CTRL.3
  RENDER  CURLOPT_HSTSREADDATA.3
  RENDER  CURLOPT_HSTSREADFUNCTION.3
  RENDER  CURLOPT_HSTSWRITEDATA.3
  RENDER  CURLOPT_HSTSWRITEFUNCTION.3
  RENDER  CURLOPT_HTTP200ALIASES.3
  RENDER  CURLOPT_HTTP09_ALLOWED.3
  RENDER  CURLOPT_HTTP_TRANSFER_DECODING.3
  RENDER  CURLOPT_HTTP_CONTENT_DECODING.3
  RENDER  CURLOPT_HTTP_VERSION.3
  RENDER  CURLOPT_HTTPAUTH.3
  RENDER  CURLOPT_HTTPGET.3
  RENDER  CURLOPT_HTTPHEADER.3
  RENDER  CURLOPT_HTTPPOST.3
  RENDER  CURLOPT_HTTPPROXYTUNNEL.3
  RENDER  CURLOPT_IGNORE_CONTENT_LENGTH.3
  RENDER  CURLOPT_INFILESIZE.3
  RENDER  CURLOPT_INFILESIZE_LARGE.3
  RENDER  CURLOPT_INTERFACE.3
  RENDER  CURLOPT_INTERLEAVEDATA.3
  RENDER  CURLOPT_INTERLEAVEFUNCTION.3
  RENDER  CURLOPT_IOCTLDATA.3
  RENDER  CURLOPT_IOCTLFUNCTION.3
  RENDER  CURLOPT_IPRESOLVE.3
  RENDER  CURLOPT_ISSUERCERT.3
  RENDER  CURLOPT_ISSUERCERT_BLOB.3
  RENDER  CURLOPT_KEYPASSWD.3
  RENDER  CURLOPT_KRBLEVEL.3
  RENDER  CURLOPT_KEEP_SENDING_ON_ERROR.3
  RENDER  CURLOPT_LOCALPORT.3
  RENDER  CURLOPT_LOCALPORTRANGE.3
  RENDER  CURLOPT_LOGIN_OPTIONS.3
  RENDER  CURLOPT_LOW_SPEED_LIMIT.3
  RENDER  CURLOPT_LOW_SPEED_TIME.3
  RENDER  CURLOPT_MAIL_AUTH.3
  RENDER  CURLOPT_MAIL_FROM.3
  RENDER  CURLOPT_MAIL_RCPT.3
  RENDER  CURLOPT_MAIL_RCPT_ALLOWFAILS.3
  RENDER  CURLOPT_MAX_RECV_SPEED_LARGE.3
  RENDER  CURLOPT_MAX_SEND_SPEED_LARGE.3
  RENDER  CURLOPT_MAXAGE_CONN.3
  RENDER  CURLOPT_MAXCONNECTS.3
  RENDER  CURLOPT_MAXFILESIZE.3
  RENDER  CURLOPT_MAXFILESIZE_LARGE.3
  RENDER  CURLOPT_MAXLIFETIME_CONN.3
  RENDER  CURLOPT_MAXREDIRS.3
  RENDER  CURLOPT_MIME_OPTIONS.3
  RENDER  CURLOPT_MIMEPOST.3
  RENDER  CURLOPT_NETRC.3
  RENDER  CURLOPT_NETRC_FILE.3
  RENDER  CURLOPT_NEW_DIRECTORY_PERMS.3
  RENDER  CURLOPT_NEW_FILE_PERMS.3
  RENDER  CURLOPT_NOBODY.3
  RENDER  CURLOPT_NOPROGRESS.3
  RENDER  CURLOPT_NOPROXY.3
  RENDER  CURLOPT_NOSIGNAL.3
  RENDER  CURLOPT_OPENSOCKETDATA.3
  RENDER  CURLOPT_OPENSOCKETFUNCTION.3
  RENDER  CURLOPT_PASSWORD.3
  RENDER  CURLOPT_PINNEDPUBLICKEY.3
  RENDER  CURLOPT_PATH_AS_IS.3
  RENDER  CURLOPT_PIPEWAIT.3
  RENDER  CURLOPT_PORT.3
  RENDER  CURLOPT_POST.3
  RENDER  CURLOPT_POSTFIELDS.3
  RENDER  CURLOPT_POSTFIELDSIZE.3
  RENDER  CURLOPT_POSTFIELDSIZE_LARGE.3
  RENDER  CURLOPT_POSTQUOTE.3
  RENDER  CURLOPT_POSTREDIR.3
  RENDER  CURLOPT_PRE_PROXY.3
  RENDER  CURLOPT_PREQUOTE.3
  RENDER  CURLOPT_PREREQDATA.3
  RENDER  CURLOPT_PREREQFUNCTION.3
  RENDER  CURLOPT_PRIVATE.3
  RENDER  CURLOPT_PROGRESSDATA.3
  RENDER  CURLOPT_PROGRESSFUNCTION.3
  RENDER  CURLOPT_PROTOCOLS.3
  RENDER  CURLOPT_PROTOCOLS_STR.3
  RENDER  CURLOPT_PROXY_CAINFO.3
  RENDER  CURLOPT_PROXY.3
  RENDER  CURLOPT_PROXY_CAINFO_BLOB.3
  RENDER  CURLOPT_PROXY_CAPATH.3
  RENDER  CURLOPT_PROXY_CRLFILE.3
  RENDER  CURLOPT_PROXY_ISSUERCERT.3
  RENDER  CURLOPT_PROXY_ISSUERCERT_BLOB.3
  RENDER  CURLOPT_PROXY_KEYPASSWD.3
  RENDER  CURLOPT_PROXY_PINNEDPUBLICKEY.3
  RENDER  CURLOPT_PROXY_SERVICE_NAME.3
  RENDER  CURLOPT_PROXY_SSL_CIPHER_LIST.3
  RENDER  CURLOPT_PROXY_SSL_OPTIONS.3
  RENDER  CURLOPT_PROXY_SSL_VERIFYHOST.3
  RENDER  CURLOPT_PROXY_SSL_VERIFYPEER.3
  RENDER  CURLOPT_PROXY_SSLCERT.3
  RENDER  CURLOPT_PROXY_SSLCERT_BLOB.3
  RENDER  CURLOPT_PROXY_SSLCERTTYPE.3
  RENDER  CURLOPT_PROXY_SSLKEY.3
  RENDER  CURLOPT_PROXY_SSLKEY_BLOB.3
  RENDER  CURLOPT_PROXY_SSLKEYTYPE.3
  RENDER  CURLOPT_PROXY_SSLVERSION.3
  RENDER  CURLOPT_PROXY_TLS13_CIPHERS.3
  RENDER  CURLOPT_PROXY_TLSAUTH_PASSWORD.3
  RENDER  CURLOPT_PROXY_TLSAUTH_TYPE.3
  RENDER  CURLOPT_PROXY_TLSAUTH_USERNAME.3
  RENDER  CURLOPT_PROXY_TRANSFER_MODE.3
  RENDER  CURLOPT_PROXYAUTH.3
  RENDER  CURLOPT_PROXYHEADER.3
  RENDER  CURLOPT_PROXYPASSWORD.3
  RENDER  CURLOPT_PROXYPORT.3
  RENDER  CURLOPT_PROXYTYPE.3
  RENDER  CURLOPT_PROXYUSERNAME.3
  RENDER  CURLOPT_PROXYUSERPWD.3
  RENDER  CURLOPT_PUT.3
  RENDER  CURLOPT_QUICK_EXIT.3
  RENDER  CURLOPT_QUOTE.3
  RENDER  CURLOPT_RANDOM_FILE.3
  RENDER  CURLOPT_RANGE.3
  RENDER  CURLOPT_READDATA.3
  RENDER  CURLOPT_READFUNCTION.3
  RENDER  CURLOPT_REDIR_PROTOCOLS.3
  RENDER  CURLOPT_REDIR_PROTOCOLS_STR.3
  RENDER  CURLOPT_REFERER.3
  RENDER  CURLOPT_REQUEST_TARGET.3
  RENDER  CURLOPT_RESOLVE.3
  RENDER  CURLOPT_RESOLVER_START_DATA.3
  RENDER  CURLOPT_RESOLVER_START_FUNCTION.3
  RENDER  CURLOPT_RESUME_FROM.3
  RENDER  CURLOPT_RESUME_FROM_LARGE.3
  RENDER  CURLOPT_RTSP_CLIENT_CSEQ.3
  RENDER  CURLOPT_RTSP_REQUEST.3
  RENDER  CURLOPT_RTSP_SERVER_CSEQ.3
  RENDER  CURLOPT_RTSP_SESSION_ID.3
  RENDER  CURLOPT_RTSP_STREAM_URI.3
  RENDER  CURLOPT_SASL_AUTHZID.3
  RENDER  CURLOPT_RTSP_TRANSPORT.3
  RENDER  CURLOPT_SASL_IR.3
  RENDER  CURLOPT_SEEKDATA.3
  RENDER  CURLOPT_SERVER_RESPONSE_TIMEOUT.3
  RENDER  CURLOPT_SEEKFUNCTION.3
  RENDER  CURLOPT_SERVER_RESPONSE_TIMEOUT_MS.3
  RENDER  CURLOPT_SERVICE_NAME.3
  RENDER  CURLOPT_SHARE.3
  RENDER  CURLOPT_SOCKOPTDATA.3
  RENDER  CURLOPT_SOCKOPTFUNCTION.3
  RENDER  CURLOPT_SOCKS5_AUTH.3
  RENDER  CURLOPT_SOCKS5_GSSAPI_NEC.3
  RENDER  CURLOPT_SOCKS5_GSSAPI_SERVICE.3
  RENDER  CURLOPT_SSH_AUTH_TYPES.3
  RENDER  CURLOPT_SSH_COMPRESSION.3
  RENDER  CURLOPT_SSH_HOSTKEYDATA.3
  RENDER  CURLOPT_SSH_HOSTKEYFUNCTION.3
  RENDER  CURLOPT_SSH_HOST_PUBLIC_KEY_MD5.3
  RENDER  CURLOPT_SSH_HOST_PUBLIC_KEY_SHA256.3
  RENDER  CURLOPT_SSH_KEYDATA.3
  RENDER  CURLOPT_SSH_KEYFUNCTION.3
  RENDER  CURLOPT_SSH_KNOWNHOSTS.3
  RENDER  CURLOPT_SSH_PRIVATE_KEYFILE.3
  RENDER  CURLOPT_SSH_PUBLIC_KEYFILE.3
  RENDER  CURLOPT_SSL_CIPHER_LIST.3
  RENDER  CURLOPT_SSL_CTX_DATA.3
  RENDER  CURLOPT_SSL_CTX_FUNCTION.3
  RENDER  CURLOPT_SSL_EC_CURVES.3
  RENDER  CURLOPT_SSL_ENABLE_ALPN.3
  RENDER  CURLOPT_SSL_ENABLE_NPN.3
  RENDER  CURLOPT_SSL_FALSESTART.3
  RENDER  CURLOPT_SSL_OPTIONS.3
  RENDER  CURLOPT_SSL_SESSIONID_CACHE.3
  RENDER  CURLOPT_SSL_VERIFYHOST.3
  RENDER  CURLOPT_SSL_VERIFYPEER.3
  RENDER  CURLOPT_SSL_VERIFYSTATUS.3
  RENDER  CURLOPT_SSLCERT.3
  RENDER  CURLOPT_SSLCERTTYPE.3
  RENDER  CURLOPT_SSLCERT_BLOB.3
  RENDER  CURLOPT_SSLENGINE.3
  RENDER  CURLOPT_SSLENGINE_DEFAULT.3
  RENDER  CURLOPT_SSLKEY.3
  RENDER  CURLOPT_SSLKEY_BLOB.3
  RENDER  CURLOPT_SSLKEYTYPE.3
  RENDER  CURLOPT_SSLVERSION.3
  RENDER  CURLOPT_STDERR.3
  RENDER  CURLOPT_STREAM_DEPENDS.3
  RENDER  CURLOPT_STREAM_DEPENDS_E.3
  RENDER  CURLOPT_STREAM_WEIGHT.3
  RENDER  CURLOPT_SUPPRESS_CONNECT_HEADERS.3
  RENDER  CURLOPT_TCP_FASTOPEN.3
  RENDER  CURLOPT_TCP_KEEPALIVE.3
  RENDER  CURLOPT_TCP_KEEPIDLE.3
  RENDER  CURLOPT_TCP_KEEPINTVL.3
  RENDER  CURLOPT_TCP_KEEPCNT.3
  RENDER  CURLOPT_TCP_NODELAY.3
  RENDER  CURLOPT_TELNETOPTIONS.3
  RENDER  CURLOPT_TFTP_BLKSIZE.3
  RENDER  CURLOPT_TFTP_NO_OPTIONS.3
  RENDER  CURLOPT_TIMECONDITION.3
  RENDER  CURLOPT_TIMEOUT.3
  RENDER  CURLOPT_TIMEOUT_MS.3
  RENDER  CURLOPT_TIMEVALUE.3
  RENDER  CURLOPT_TIMEVALUE_LARGE.3
  RENDER  CURLOPT_TLS13_CIPHERS.3
  RENDER  CURLOPT_TLSAUTH_PASSWORD.3
  RENDER  CURLOPT_TLSAUTH_TYPE.3
  RENDER  CURLOPT_TLSAUTH_USERNAME.3
  RENDER  CURLOPT_TRAILERDATA.3
  RENDER  CURLOPT_TRAILERFUNCTION.3
  RENDER  CURLOPT_TRANSFER_ENCODING.3
  RENDER  CURLOPT_TRANSFERTEXT.3
  RENDER  CURLOPT_UNIX_SOCKET_PATH.3
  RENDER  CURLOPT_UNRESTRICTED_AUTH.3
  RENDER  CURLOPT_UPKEEP_INTERVAL_MS.3
  RENDER  CURLOPT_UPLOAD.3
  RENDER  CURLOPT_UPLOAD_BUFFERSIZE.3
  RENDER  CURLOPT_URL.3
  RENDER  CURLOPT_USE_SSL.3
  RENDER  CURLOPT_USERAGENT.3
  RENDER  CURLOPT_USERNAME.3
  RENDER  CURLOPT_USERPWD.3
  RENDER  CURLOPT_VERBOSE.3
  RENDER  CURLOPT_WILDCARDMATCH.3
  RENDER  CURLOPT_WRITEDATA.3
  RENDER  CURLOPT_WRITEFUNCTION.3
  RENDER  CURLOPT_WS_OPTIONS.3
  RENDER  CURLOPT_XFERINFODATA.3
  RENDER  CURLOPT_XFERINFOFUNCTION.3
  RENDER  CURLOPT_XOAUTH2_BEARER.3
  RENDER  CURLSHOPT_LOCKFUNC.3
  RENDER  CURLSHOPT_SHARE.3
  RENDER  CURLSHOPT_UNLOCKFUNC.3
  RENDER  CURLSHOPT_UNSHARE.3
  RENDER  CURLSHOPT_USERDATA.3
make[3]: Leaving directory '/var/tmp/pgb-poc/curl-8.11.0/docs/libcurl/opts'
make[3]: Entering directory '/var/tmp/pgb-poc/curl-8.11.0/docs/libcurl'
  RENDER  curl_easy_cleanup.3
  RENDER  curl_easy_duphandle.3
  RENDER  curl_easy_escape.3
  RENDER  curl_easy_getinfo.3
  RENDER  curl_easy_header.3
  RENDER  curl_easy_init.3
  RENDER  curl_easy_nextheader.3
  RENDER  curl_easy_option_by_id.3
  RENDER  curl_easy_option_by_name.3
  RENDER  curl_easy_option_next.3
  RENDER  curl_easy_pause.3
  RENDER  curl_easy_perform.3
  RENDER  curl_easy_recv.3
  RENDER  curl_easy_reset.3
  RENDER  curl_easy_send.3
  RENDER  curl_easy_setopt.3
  RENDER  curl_easy_strerror.3
  RENDER  curl_easy_unescape.3
  RENDER  curl_easy_upkeep.3
  RENDER  curl_escape.3
  RENDER  curl_formadd.3
  RENDER  curl_formfree.3
  RENDER  curl_formget.3
  RENDER  curl_free.3
  RENDER  curl_getdate.3
  RENDER  curl_getenv.3
  RENDER  curl_global_cleanup.3
  RENDER  curl_global_init.3
  RENDER  curl_global_init_mem.3
  RENDER  curl_global_trace.3
  RENDER  curl_global_sslset.3
  RENDER  curl_mime_addpart.3
  RENDER  curl_mime_data.3
  RENDER  curl_mime_data_cb.3
  RENDER  curl_mime_encoder.3
  RENDER  curl_mime_filedata.3
  RENDER  curl_mime_filename.3
  RENDER  curl_mime_free.3
  RENDER  curl_mime_headers.3
  RENDER  curl_mime_init.3
  RENDER  curl_mime_name.3
  RENDER  curl_mime_subparts.3
  RENDER  curl_mime_type.3
  RENDER  curl_mprintf.3
  RENDER  curl_multi_add_handle.3
  RENDER  curl_multi_assign.3
  RENDER  curl_multi_cleanup.3
  RENDER  curl_multi_fdset.3
  RENDER  curl_multi_get_handles.3
  RENDER  curl_multi_info_read.3
  RENDER  curl_multi_init.3
  RENDER  curl_multi_perform.3
  RENDER  curl_multi_poll.3
  RENDER  curl_multi_remove_handle.3
  RENDER  curl_multi_setopt.3
  RENDER  curl_multi_socket.3
  RENDER  curl_multi_socket_action.3
  RENDER  curl_multi_socket_all.3
  RENDER  curl_multi_strerror.3
  RENDER  curl_multi_timeout.3
  RENDER  curl_multi_wakeup.3
  RENDER  curl_multi_wait.3
  RENDER  curl_multi_waitfds.3
  RENDER  curl_pushheader_bynum.3
  RENDER  curl_pushheader_byname.3
  RENDER  curl_share_cleanup.3
  RENDER  curl_share_init.3
  RENDER  curl_share_setopt.3
  RENDER  curl_share_strerror.3
  RENDER  curl_slist_append.3
  RENDER  curl_slist_free_all.3
  RENDER  curl_strequal.3
  RENDER  curl_strnequal.3
  RENDER  curl_unescape.3
  RENDER  curl_url.3
  RENDER  curl_url_cleanup.3
  RENDER  curl_url_dup.3
  RENDER  curl_url_get.3
  RENDER  curl_url_set.3
  RENDER  curl_url_strerror.3
  RENDER  curl_version.3
  RENDER  curl_version_info.3
  RENDER  curl_ws_meta.3
  RENDER  curl_ws_recv.3
  RENDER  curl_ws_send.3
  RENDER  libcurl-easy.3
  RENDER  libcurl-env.3
  RENDER  libcurl-env-dbg.3
  RENDER  libcurl-errors.3
  RENDER  libcurl-multi.3
  RENDER  libcurl-security.3
  RENDER  libcurl-share.3
  RENDER  libcurl-symbols.3
  RENDER  libcurl-thread.3
  RENDER  libcurl-tutorial.3
  RENDER  libcurl-url.3
  RENDER  libcurl-ws.3
  RENDER  libcurl.3
make[3]: Leaving directory '/var/tmp/pgb-poc/curl-8.11.0/docs/libcurl'
make[2]: Leaving directory '/var/tmp/pgb-poc/curl-8.11.0/docs/libcurl'
make[1]: Leaving directory '/var/tmp/pgb-poc/curl-8.11.0/docs'
Making all in src
make[1]: Entering directory '/var/tmp/pgb-poc/curl-8.11.0/src'
  CC       slist_wc.o
  CC       terminal.o
  CC       tool_binmode.o
  CC       tool_bname.o
  CC       tool_cb_dbg.o
  CC       tool_cb_hdr.o
  CC       tool_cb_prg.o
  CC       tool_cb_rea.o
  CC       tool_cb_see.o
  CC       tool_cb_soc.o
  CC       tool_cb_wrt.o
  CC       tool_cfgable.o
  CC       tool_dirhie.o
  CC       tool_doswin.o
  CC       tool_easysrc.o
  CC       tool_filetime.o
  CC       tool_findfile.o
  CC       tool_formparse.o
  CC       tool_getparam.o
  CC       tool_getpass.o
  CC       tool_help.o
  CC       tool_helpers.o
  HUGE     tool_hugehelp.c
  CC       tool_ipfs.o
  CC       tool_libinfo.o
  CC       tool_listhelp.o
  CC       tool_main.o
  CC       tool_msgs.o
  CC       tool_operate.o
  CC       tool_operhlp.o
  CC       tool_paramhlp.o
  CC       tool_parsecfg.o
  CC       tool_progress.o
  CC       tool_setopt.o
  CC       tool_sleep.o
  CC       tool_stderr.o
  CC       tool_strdup.o
  CC       tool_urlglob.o
  CC       tool_util.o
  CC       tool_vms.o
  CC       tool_writeout.o
  CC       tool_writeout_json.o
  CC       tool_xattr.o
  CC       var.o
echo 'extern const void *curl_ca_embed; const void *curl_ca_embed;' > tool_ca_embed.c
  CC       tool_hugehelp.o
  CC       tool_ca_embed.o
  CC       ../lib/base64.o
  CC       ../lib/curl_multibyte.o
  CC       ../lib/dynbuf.o
  CC       ../lib/nonblock.o
  CC       ../lib/strtoofft.o
  CC       ../lib/timediff.o
  CC       ../lib/version_win32.o
  CC       ../lib/warnless.o
  CCLD     curl
/usr/bin/ld: tool_findfile.o: in function `findfile':
tool_findfile.c:(.text+0x1fc): warning: Using 'getpwuid' in statically linked applications requires at runtime the shared libraries from the glibc version used for linking
/usr/bin/ld: ../lib/.libs/libcurl.a(libcurl_la-netrc.o): in function `Curl_parsenetrc':
netrc.c:(.text+0x74e): warning: Using 'getpwuid_r' in statically linked applications requires at runtime the shared libraries from the glibc version used for linking
/usr/bin/ld: ../lib/.libs/libcurl.a(libcurl_la-curl_addrinfo.o): in function `Curl_getaddrinfo_ex':
curl_addrinfo.c:(.text+0x5f): warning: Using 'getaddrinfo' in statically linked applications requires at runtime the shared libraries from the glibc version used for linking
/usr/bin/ld: /var/tmp/pgb-poc/prefix-curl/lib64/libcrypto.a(libcrypto-lib-bio_sock.o): in function `BIO_gethostbyname':
bio_sock.c:(.text+0x52): warning: Using 'gethostbyname' in statically linked applications requires at runtime the shared libraries from the glibc version used for linking
make[1]: Leaving directory '/var/tmp/pgb-poc/curl-8.11.0/src'
Making all in scripts
make[1]: Entering directory '/var/tmp/pgb-poc/curl-8.11.0/scripts'
make[1]: Nothing to be done for 'all'.
make[1]: Leaving directory '/var/tmp/pgb-poc/curl-8.11.0/scripts'
make[1]: Entering directory '/var/tmp/pgb-poc/curl-8.11.0'
make[1]: Nothing to be done for 'all-am'.
make[1]: Leaving directory '/var/tmp/pgb-poc/curl-8.11.0'
