/root/.local/state/pgb/bin/cc -O3 -D_LARGEFILE64_SOURCE=1 -DHAVE_HIDDEN -I. -c -o example.o test/example.c
/root/.local/state/pgb/bin/cc -O3 -D_LARGEFILE64_SOURCE=1 -DHAVE_HIDDEN  -c -o adler32.o adler32.c
/root/.local/state/pgb/bin/cc -O3 -D_LARGEFILE64_SOURCE=1 -DHAVE_HIDDEN  -c -o crc32.o crc32.c
/root/.local/state/pgb/bin/cc -O3 -D_LARGEFILE64_SOURCE=1 -DHAVE_HIDDEN  -c -o deflate.o deflate.c
/root/.local/state/pgb/bin/cc -O3 -D_LARGEFILE64_SOURCE=1 -DHAVE_HIDDEN  -c -o infback.o infback.c
/root/.local/state/pgb/bin/cc -O3 -D_LARGEFILE64_SOURCE=1 -DHAVE_HIDDEN  -c -o inffast.o inffast.c
/root/.local/state/pgb/bin/cc -O3 -D_LARGEFILE64_SOURCE=1 -DHAVE_HIDDEN  -c -o inflate.o inflate.c
/root/.local/state/pgb/bin/cc -O3 -D_LARGEFILE64_SOURCE=1 -DHAVE_HIDDEN  -c -o inftrees.o inftrees.c
/root/.local/state/pgb/bin/cc -O3 -D_LARGEFILE64_SOURCE=1 -DHAVE_HIDDEN  -c -o trees.o trees.c
/root/.local/state/pgb/bin/cc -O3 -D_LARGEFILE64_SOURCE=1 -DHAVE_HIDDEN  -c -o zutil.o zutil.c
/root/.local/state/pgb/bin/cc -O3 -D_LARGEFILE64_SOURCE=1 -DHAVE_HIDDEN  -c -o compress.o compress.c
/root/.local/state/pgb/bin/cc -O3 -D_LARGEFILE64_SOURCE=1 -DHAVE_HIDDEN  -c -o uncompr.o uncompr.c
/root/.local/state/pgb/bin/cc -O3 -D_LARGEFILE64_SOURCE=1 -DHAVE_HIDDEN  -c -o gzclose.o gzclose.c
/root/.local/state/pgb/bin/cc -O3 -D_LARGEFILE64_SOURCE=1 -DHAVE_HIDDEN  -c -o gzlib.o gzlib.c
/root/.local/state/pgb/bin/cc -O3 -D_LARGEFILE64_SOURCE=1 -DHAVE_HIDDEN  -c -o gzread.o gzread.c
/root/.local/state/pgb/bin/cc -O3 -D_LARGEFILE64_SOURCE=1 -DHAVE_HIDDEN  -c -o gzwrite.o gzwrite.c
/root/.local/state/pgb/bin/cc -O3 -D_LARGEFILE64_SOURCE=1 -DHAVE_HIDDEN -I. -c -o minigzip.o test/minigzip.c
/root/.local/state/pgb/bin/cc -O3 -D_LARGEFILE64_SOURCE=1 -DHAVE_HIDDEN -I. -D_FILE_OFFSET_BITS=64 -c -o example64.o test/example.c
/root/.local/state/pgb/bin/cc -O3 -D_LARGEFILE64_SOURCE=1 -DHAVE_HIDDEN -I. -D_FILE_OFFSET_BITS=64 -c -o minigzip64.o test/minigzip.c
ar rc libz.a adler32.o crc32.o deflate.o infback.o inffast.o inflate.o inftrees.o trees.o zutil.o compress.o uncompr.o gzclose.o gzlib.o gzread.o gzwrite.o 
/root/.local/state/pgb/bin/cc -O3 -D_LARGEFILE64_SOURCE=1 -DHAVE_HIDDEN  -o example example.o -L. libz.a
/root/.local/state/pgb/bin/cc -O3 -D_LARGEFILE64_SOURCE=1 -DHAVE_HIDDEN  -o minigzip minigzip.o -L. libz.a
/root/.local/state/pgb/bin/cc -O3 -D_LARGEFILE64_SOURCE=1 -DHAVE_HIDDEN  -o example64 example64.o -L. libz.a
/root/.local/state/pgb/bin/cc -O3 -D_LARGEFILE64_SOURCE=1 -DHAVE_HIDDEN  -o minigzip64 minigzip64.o -L. libz.a
rm -f /var/tmp/pgb-poc/prefix-curl/lib/libz.a
cp libz.a /var/tmp/pgb-poc/prefix-curl/lib
chmod 644 /var/tmp/pgb-poc/prefix-curl/lib/libz.a
rm -f /var/tmp/pgb-poc/prefix-curl/share/man/man3/zlib.3
cp zlib.3 /var/tmp/pgb-poc/prefix-curl/share/man/man3
chmod 644 /var/tmp/pgb-poc/prefix-curl/share/man/man3/zlib.3
rm -f /var/tmp/pgb-poc/prefix-curl/lib/pkgconfig/zlib.pc
cp zlib.pc /var/tmp/pgb-poc/prefix-curl/lib/pkgconfig
chmod 644 /var/tmp/pgb-poc/prefix-curl/lib/pkgconfig/zlib.pc
rm -f /var/tmp/pgb-poc/prefix-curl/include/zlib.h /var/tmp/pgb-poc/prefix-curl/include/zconf.h
cp zlib.h zconf.h /var/tmp/pgb-poc/prefix-curl/include
chmod 644 /var/tmp/pgb-poc/prefix-curl/include/zlib.h /var/tmp/pgb-poc/prefix-curl/include/zconf.h
