mkdir -p src
mkdir -p src
  GEN      src/builtin.inc
  GEN      src/config_opts.inc
mkdir -p src
  GEN      src/version.h
make  all-recursive
make[1]: Entering directory '/var/tmp/pgb-poc/jq-1.7.1'
make[2]: Entering directory '/var/tmp/pgb-poc/jq-1.7.1'
  CC       src/jv_dtoa_tsd.lo
  CC       src/lexer.lo
  CC       src/parser.lo
mkdir -p src
  GEN      src/version.h
  CC       src/builtin.lo
  CC       src/bytecode.lo
  CC       src/compile.lo
  CC       src/execute.lo
  CC       src/jq_test.lo
  CC       src/jv.lo
  CC       src/jv_alloc.lo
  CC       src/jv_aux.lo
  CC       src/jv_dtoa.lo
  CC       src/jv_file.lo
  CC       src/jv_parse.lo
  CC       src/jv_print.lo
  CC       src/jv_unicode.lo
  CC       src/linker.lo
  CC       src/locfile.lo
  CC       src/util.lo
  CC       src/decNumber/decContext.lo
  CC       src/decNumber/decNumber.lo
  CC       src/main.o
  CCLD     libjq.la
  CCLD     jq
make[2]: Leaving directory '/var/tmp/pgb-poc/jq-1.7.1'
make[1]: Leaving directory '/var/tmp/pgb-poc/jq-1.7.1'
