checking for a BSD-compatible install... /usr/bin/install -c
checking whether build environment is sane... yes
checking for a race-free mkdir -p... /usr/bin/mkdir -p
checking for gawk... no
checking for mawk... mawk
checking whether make sets $(MAKE)... yes
checking whether make supports nested variables... yes
checking for gcc... /root/.local/state/pgb/bin/cc
checking whether the C compiler works... yes
checking for C compiler default output file name... a.out
checking for suffix of executables... 
checking whether we are cross compiling... no
checking for suffix of object files... o
checking whether the compiler supports GNU C... yes
checking whether /root/.local/state/pgb/bin/cc accepts -g... yes
checking for /root/.local/state/pgb/bin/cc option to enable C11 features... none needed
checking whether /root/.local/state/pgb/bin/cc understands -c and -o together... yes
checking whether make supports the include directive... yes (GNU style)
checking dependency style of /root/.local/state/pgb/bin/cc... gcc3
checking build system type... x86_64-pc-linux-gnu
checking host system type... x86_64-pc-linux-gnu
checking how to print strings... printf
checking for a sed that does not truncate output... /usr/bin/sed
checking for grep that handles long lines and -e... /usr/bin/grep
checking for egrep... /usr/bin/grep -E
checking for fgrep... /usr/bin/grep -F
checking for ld used by /root/.local/state/pgb/bin/cc... /usr/bin/ld
checking if the linker (/usr/bin/ld) is GNU ld... yes
checking for BSD- or MS-compatible name lister (nm)... /usr/bin/nm -B
checking the name lister (/usr/bin/nm -B) interface... BSD nm
checking whether ln -s works... yes
checking the maximum length of command line arguments... 1572864
checking how to convert x86_64-pc-linux-gnu file names to x86_64-pc-linux-gnu format... func_convert_file_noop
checking how to convert x86_64-pc-linux-gnu file names to toolchain format... func_convert_file_noop
checking for /usr/bin/ld option to reload object files... -r
checking for file... file
checking for objdump... objdump
checking how to recognize dependent libraries... pass_all
checking for dlltool... no
checking how to associate runtime and link libraries... printf %s\n
checking for ar... ar
checking for archiver @FILE support... @
checking for strip... strip
checking for ranlib... ranlib
checking command to parse /usr/bin/nm -B output from /root/.local/state/pgb/bin/cc object... ok
checking for sysroot... no
checking for a working dd... /usr/bin/dd
checking how to truncate binary pipes... /usr/bin/dd bs=4096 count=1
checking for mt... no
checking if : is a manifest tool... no
checking for stdio.h... yes
checking for stdlib.h... yes
checking for string.h... yes
checking for inttypes.h... yes
checking for stdint.h... yes
checking for strings.h... yes
checking for sys/stat.h... yes
checking for sys/types.h... yes
checking for unistd.h... yes
checking for dlfcn.h... yes
checking for objdir... .libs
checking if /root/.local/state/pgb/bin/cc supports -fno-rtti -fno-exceptions... no
checking for /root/.local/state/pgb/bin/cc option to produce PIC... -fPIC -DPIC
checking if /root/.local/state/pgb/bin/cc PIC flag -fPIC -DPIC works... yes
checking if /root/.local/state/pgb/bin/cc static flag -static works... yes
checking if /root/.local/state/pgb/bin/cc supports -c -o file.o... yes
checking if /root/.local/state/pgb/bin/cc supports -c -o file.o... (cached) yes
checking whether the /root/.local/state/pgb/bin/cc linker (/usr/bin/ld -m elf_x86_64) supports shared libraries... yes
checking dynamic linker characteristics... GNU/Linux ld.so
checking how to hardcode library paths into programs... immediate
checking whether stripping libraries is possible... yes
checking if libtool supports shared libraries... yes
checking whether to build shared libraries... no
checking whether to build static libraries... yes
checking whether make sets $(MAKE)... (cached) yes
checking for sys/time.h... yes
checking for unistd.h... (cached) yes
checking for sys/times.h... yes
checking size of int... 4
checking size of long... 8
checking size of long long... 8
checking size of void*... 8
checking for size_t... yes
checking for working alloca.h... yes
checking for alloca... yes
checking that generated files are newer than configure... done
configure: creating ./config.status
config.status: creating Makefile
config.status: creating src/Makefile
config.status: creating test/Makefile
config.status: creating sample/Makefile
config.status: creating onig-config
config.status: creating src/config.h
config.status: executing depfiles commands
config.status: executing libtool commands
config.status: executing default commands
