===============================================================
77 - the bundler's runtime, and it is not the one we are measured against
===============================================================
-- conditions ------------------------------------------------
date (UTC)   : 2026-09-03T11:31:43Z
host kernel  : Linux 6.18.44-fc-v24
host arch    : x86_64
host distro  : Ubuntu 24.04.4 LTS
host libc    : ldd (Ubuntu GLIBC 2.39-0ubuntu8.7) 2.39
cc           : cc (Ubuntu 13.3.0-6ubuntu2~24.04.1) 13.3.0
ld           : GNU ld (GNU Binutils for Ubuntu) 2.42
evidence     : /home/user/glibc-research/evidence/77-uruntime-header
--------------------------------------------------------------

-- staging the runtimes, each pinned by sha256 ----------------
  u056                3039728 bytes
  u059                3068400 bytes
  ulite               1487344 bytes
  d156/mkdwarfs       2658743 bytes

-- the payload -----------------------------------------------
  pgb ships uruntime           6416a112fac1e9983b1c0738cd140f17dc1205f515b9bdb36b4607ef98ee2a70
  this experiment's 'ours'     6416a112fac1e9983b1c0738cd140f17dc1205f515b9bdb36b4607ef98ee2a70

-- packing, one component changed at a time ------------------
  ours            7331916 bytes
  v059full        7360588 bytes
  v059lite        5779532 bytes
  field           5779527 bytes
  twin            7331916 bytes

-- every arm answers the same --------------------------------
  ours       -> jq-1.8.2
  v059full   -> jq-1.8.2
  v059lite   -> jq-1.8.2
  field      -> jq-1.8.2
  twin       -> jq-1.8.2

-- cold start, one interleave, median of 21 -----------------
  ARM                N     MEDIAN        MIN        MAX     MAD%
  ours              21       84.6       76.8       88.5      2.3
  v059full          21       85.3       78.1      117.2      3.6
  twin              21       84.0       76.3      116.7      2.9
  v059lite          21       64.3       59.4       67.2      2.2
  field             21       63.4       57.9       84.9      2.2

  A/A control (ours vs twin)  : ratio 1.01, floor 1.05, resolves no

  ARM            MEDIAN    vs OURS      FLOOR  RESOLVES
  v059full       85.3 ms      1.01x       1.06  no
  v059lite       64.3 ms      0.76x       1.05  yes
  field          63.4 ms      0.75x       1.04  yes

-- assertions ------------------------------------------------
  ok    every arm answers --version identically        = 5
  ok    the A/A pair is NOT resolvable (the control)   = no
  ok    pgb ships the runtime this experiment calls 'ours' = 6416a112fac1e9983b1c0738cd140f17dc1205f515b9bdb36b4607ef98ee2a70
  --    the competitor's stack, vs ours                = 0.75x
  --    does it resolve                                = yes

        ⭐ THE RUNTIME IS A REAL LEVER AND IT IS FREE. The competitor's
        own stack -- uruntime v0.5.9 lite + dwarfs 0.15.6 -- starts the
        IDENTICAL AppDir in 0.75x of what ours does. Nothing about
        the closure, the sweep or the debloat rules changed; only the
        three constants in internal/bundle/appimage.go.

full table: /home/user/glibc-research/evidence/77-uruntime-header/RESULT.txt

-- result ----------------------------------------------------
pass=3 fail=0 skip=0
VERDICT: matched expectation.
--------------------------------------------------------------
