checking for a BSD-compatible install... ./build-aux/install-sh -c
checking whether build environment is sane... yes
checking for a race-free mkdir -p... /usr/bin/mkdir -p
checking for gawk... no
checking for mawk... mawk
checking whether make sets $(MAKE)... yes
checking whether make supports nested variables... yes
checking build system type... x86_64-pc-linux-gnu
checking host system type... x86_64-pc-linux-gnu
checking whether make supports the include directive... yes (GNU style)
checking for gcc... /root/.local/state/pgb/bin/cc
checking whether the C compiler works... yes
checking for C compiler default output file name... a.out
checking for suffix of executables... 
checking whether we are cross compiling... no
checking for suffix of object files... o
checking whether the compiler supports GNU C... yes
checking whether /root/.local/state/pgb/bin/cc accepts -g... yes
checking for /root/.local/state/pgb/bin/cc option to enable C11 features... none needed
checking whether /root/.local/state/pgb/bin/cc understands -c and -o together... yes
checking dependency style of /root/.local/state/pgb/bin/cc... gcc3
checking for stdio.h... yes
checking for stdlib.h... yes
checking for string.h... yes
checking for inttypes.h... yes
checking for stdint.h... yes
checking for strings.h... yes
checking for sys/stat.h... yes
checking for sys/types.h... yes
checking for unistd.h... yes
checking for wchar.h... yes
checking for minix/config.h... no
checking for stdbool.h... yes
checking for sys/time.h... yes
checking whether it is safe to define __EXTENSIONS__... yes
checking whether _XOPEN_SOURCE should be defined... no
checking for grep that handles long lines and -e... /usr/bin/grep
checking for egrep... /usr/bin/grep -E
checking for bison... no
checking for byacc... no
checking whether ln -s works... yes
checking for gcc... (cached) /root/.local/state/pgb/bin/cc
checking whether the compiler supports GNU C... (cached) yes
checking whether /root/.local/state/pgb/bin/cc accepts -g... (cached) yes
checking for /root/.local/state/pgb/bin/cc option to enable C11 features... (cached) none needed
checking whether /root/.local/state/pgb/bin/cc understands -c and -o together... (cached) yes
checking dependency style of /root/.local/state/pgb/bin/cc... (cached) gcc3
checking how to run the C preprocessor... /root/.local/state/pgb/bin/cc -E
checking for variable-length arrays... yes
checking how to run the C preprocessor... /root/.local/state/pgb/bin/cc -E
checking for ranlib... ranlib
checking whether make sets $(MAKE)... (cached) yes
checking for ar... ar
checking the archiver (ar) interface... ar
checking for special development options... no
checking for z/OS USS compilation... no
checking for library containing strerror... none required
checking for special C compiler options needed for large files... no
checking for _FILE_OFFSET_BITS value needed for large files... no
checking if we are using EBCDIC... no
checking for a sed that does not truncate output... /usr/bin/sed
checking whether NLS is requested... no
checking for msgfmt... no
checking for gmsgfmt... :
checking for xgettext... no
checking for msgmerge... no
checking for ld used by /root/.local/state/pgb/bin/cc... /usr/bin/ld
checking if the linker (/usr/bin/ld) is GNU ld... yes
checking for shared library run path origin... done
checking 32-bit host C ABI... no
checking for ELF binary format... yes
checking for the common suffixes of directories in the library search path... lib,lib,lib64
checking for CFPreferencesCopyAppValue... no
checking for CFLocaleCopyPreferredLanguages... no
checking whether to use NLS... no
checking for nl_langinfo and CODESET... yes
checking for LC_MESSAGES... yes
checking for arpa/inet.h... yes
checking for fcntl.h... yes
checking for locale.h... yes
checking for libintl.h... yes
checking for mcheck.h... yes
checking for netdb.h... yes
checking for netinet/in.h... yes
checking for stddef.h... yes
checking for string.h... (cached) yes
checking for sys/ioctl.h... yes
checking for sys/param.h... yes
checking for sys/select.h... yes
checking for sys/socket.h... yes
checking for sys/time.h... (cached) yes
checking for unistd.h... (cached) yes
checking for termios.h... yes
checking for stropts.h... no
checking for wchar.h... (cached) yes
checking for wctype.h... yes
checking for bool, true, false... no
checking for sys/wait.h that is POSIX.1 compatible... yes
checking for memory.h... yes
checking for pid_t... yes
checking for size_t... yes
checking for uid_t in sys/types.h... yes
checking type of array argument to getgroups... gid_t
checking for unsigned long long int... yes
checking for long long int... yes
checking for unsigned long long int... (cached) yes
checking for intmax_t... yes
checking for uintmax_t... yes
checking for ssize_t... yes
checking size of unsigned int... 4
checking size of unsigned long... 8
checking for socklen_t... yes
checking for alarm... yes
checking for working mktime... yes
checking for getaddrinfo... yes
checking for library containing fmod... -lm
checking for library containing isinf... none required
checking for library containing ismod... no
checking for library containing isnan... none required
checking for __etoa_l... no
checking for atexit... yes
checking for btowc... yes
checking for fmod... yes
checking for fwrite_unlocked... yes
checking for gai_strerror... yes
checking for getgrent... yes
checking for getgroups... yes
checking for grantpt... yes
checking for isascii... yes
checking for isblank... yes
checking for iswctype... yes
checking for iswlower... yes
checking for iswupper... yes
checking for gettimeofday... yes
checking for clock_gettime... yes
checking for lstat... yes
checking for getdtablesize... yes
checking for mbrlen... yes
checking for memcmp... yes
checking for memcpy... yes
checking for memmove... yes
checking for memset... yes
checking for mkstemp... yes
checking for mtrace... yes
checking for posix_openpt... yes
checking for setenv... yes
checking for setlocale... yes
checking for setsid... yes
checking for sigprocmask... yes
checking for snprintf... yes
checking for strcasecmp... yes
checking for strchr... yes
checking for strcoll... yes
checking for strerror... yes
checking for strftime... yes
checking for strncasecmp... yes
checking for strsignal... yes
checking for strtod... yes
checking for strtoul... yes
checking for system... yes
checking for timegm... yes
checking for tmpfile... yes
checking for towlower... yes
checking for towupper... yes
checking for tzset... yes
checking for usleep... yes
checking for waitpid... yes
checking for wcrtomb... yes
checking for wcscoll... yes
checking for wctype... yes
checking whether mbrtowc and mbstate_t are properly declared... yes
checking whether C compiler accepts ... yes
checking size of void *... 8
checking for mmap... yes
checking for munmap... yes
checking whether C compiler accepts -no-pie... yes
checking for dlfcn.h... yes
checking for library containing dlopen... none required
checking whether getpgrp requires zero arguments... yes
checking for printf %F format... yes
checking for printf %a format... yes
checking for gethostbyname... yes
checking for connect... yes
checking where to find the socket library calls... the standard library
checking whether readline via "-lreadline" is present and sane... no
checking whether readline via "-lreadline -ltermcap" is present and sane... no
checking whether readline via "-lreadline -lcurses" is present and sane... no
checking whether readline via "-lreadline -lncurses" is present and sane... no
checking for struct stat.st_blksize... yes
checking for struct passwd.pw_passwd... yes
checking for struct group.gr_passwd... yes
checking whether struct tm is in sys/time.h or time.h... time.h
checking for /root/.local/state/pgb/bin/cc options needed to detect all undeclared functions... none needed
checking for struct tm.tm_zone... yes
checking whether char is unsigned... no
checking for an ANSI C-conforming const... yes
checking for C/C++ restrict keyword... __restrict__
checking for inline... inline
checking for preprocessor stringizing operator... yes
checking that generated files are newer than configure... done
configure: creating ./config.status
config.status: creating Makefile
config.status: creating support/Makefile
config.status: creating awklib/Makefile
config.status: creating doc/Makefile
config.status: creating extras/Makefile
config.status: creating po/Makefile.in
config.status: creating test/Makefile
config.status: creating gawkbug
config.status: creating config.h
config.status: executing depfiles commands
config.status: executing po-directories commands
config.status: creating po/POTFILES
config.status: creating po/Makefile
=== configuring in extension (/var/tmp/pgb-poc/gawk-5.3.1/extension)
configure: running /bin/bash ./configure --disable-option-checking '--prefix=/usr/local'  '--disable-nls' '--without-mpfr' 'CC=/root/.local/state/pgb/bin/cc' --cache-file=/dev/null --srcdir=.
checking for a BSD-compatible install... ./build-aux/install-sh -c
checking whether build environment is sane... yes
checking for a race-free mkdir -p... /usr/bin/mkdir -p
checking for gawk... no
checking for mawk... mawk
checking whether make sets $(MAKE)... yes
checking whether make supports nested variables... yes
checking build system type... x86_64-pc-linux-gnu
checking host system type... x86_64-pc-linux-gnu
checking whether make supports the include directive... yes (GNU style)
checking for gcc... /root/.local/state/pgb/bin/cc
checking whether the C compiler works... yes
checking for C compiler default output file name... a.out
checking for suffix of executables... 
checking whether we are cross compiling... no
checking for suffix of object files... o
checking whether the compiler supports GNU C... yes
checking whether /root/.local/state/pgb/bin/cc accepts -g... yes
checking for /root/.local/state/pgb/bin/cc option to enable C11 features... none needed
checking whether /root/.local/state/pgb/bin/cc understands -c and -o together... yes
checking dependency style of /root/.local/state/pgb/bin/cc... gcc3
checking for stdio.h... yes
checking for stdlib.h... yes
checking for string.h... yes
checking for inttypes.h... yes
checking for stdint.h... yes
checking for strings.h... yes
checking for sys/stat.h... yes
checking for sys/types.h... yes
checking for unistd.h... yes
checking for wchar.h... yes
checking for minix/config.h... no
checking for sys/time.h... yes
checking whether it is safe to define __EXTENSIONS__... yes
checking whether _XOPEN_SOURCE should be defined... no
checking for z/OS USS compilation... no
checking for a sed that does not truncate output... /usr/bin/sed
checking whether NLS is requested... no
checking for msgfmt... no
checking for gmsgfmt... :
checking for xgettext... no
checking for msgmerge... no
checking for ld used by /root/.local/state/pgb/bin/cc... /usr/bin/ld
checking if the linker (/usr/bin/ld) is GNU ld... yes
checking for shared library run path origin... done
checking 32-bit host C ABI... no
checking how to run the C preprocessor... /root/.local/state/pgb/bin/cc -E
checking for grep that handles long lines and -e... /usr/bin/grep
checking for egrep... /usr/bin/grep -E
checking for ELF binary format... yes
checking for the common suffixes of directories in the library search path... lib,lib,lib64
checking for CFPreferencesCopyAppValue... no
checking for CFLocaleCopyPreferredLanguages... no
checking whether to use NLS... no
checking for nl_langinfo and CODESET... yes
checking for LC_MESSAGES... yes
checking for struct stat.st_blksize... yes
checking for ar... ar
checking the archiver (ar) interface... ar
checking for special C compiler options needed for large files... no
checking for _FILE_OFFSET_BITS value needed for large files... no
checking whether C compiler accepts ... yes
checking size of void *... 8
checking for mmap... yes
checking for munmap... yes
checking whether C compiler accepts -no-pie... yes
checking how to print strings... printf
checking for a sed that does not truncate output... (cached) /usr/bin/sed
checking for fgrep... /usr/bin/grep -F
checking for ld used by /root/.local/state/pgb/bin/cc... /usr/bin/ld
checking if the linker (/usr/bin/ld) is GNU ld... yes
checking for BSD- or MS-compatible name lister (nm)... /usr/bin/nm -B
checking the name lister (/usr/bin/nm -B) interface... BSD nm
checking whether ln -s works... yes
checking the maximum length of command line arguments... 1572864
checking how to convert x86_64-pc-linux-gnu file names to x86_64-pc-linux-gnu format... func_convert_file_noop
checking how to convert x86_64-pc-linux-gnu file names to toolchain format... func_convert_file_noop
checking for /usr/bin/ld option to reload object files... -r
checking for file... file
checking for objdump... objdump
checking how to recognize dependent libraries... pass_all
checking for dlltool... no
checking how to associate runtime and link libraries... printf %s\n
checking for archiver @FILE support... @
checking for strip... strip
checking for ranlib... ranlib
checking command to parse /usr/bin/nm -B output from /root/.local/state/pgb/bin/cc object... ok
checking for sysroot... no
checking for a working dd... /usr/bin/dd
checking how to truncate binary pipes... /usr/bin/dd bs=4096 count=1
checking for mt... no
checking if : is a manifest tool... no
checking for dlfcn.h... yes
checking for objdir... .libs
checking if /root/.local/state/pgb/bin/cc supports -fno-rtti -fno-exceptions... no
checking for /root/.local/state/pgb/bin/cc option to produce PIC... -fPIC -DPIC
checking if /root/.local/state/pgb/bin/cc PIC flag -fPIC -DPIC works... yes
checking if /root/.local/state/pgb/bin/cc static flag -static works... yes
checking if /root/.local/state/pgb/bin/cc supports -c -o file.o... yes
checking if /root/.local/state/pgb/bin/cc supports -c -o file.o... (cached) yes
checking whether the /root/.local/state/pgb/bin/cc linker (/usr/bin/ld -m elf_x86_64) supports shared libraries... yes
checking whether -lc should be explicitly linked in... no
checking dynamic linker characteristics... GNU/Linux ld.so
checking how to hardcode library paths into programs... immediate
checking whether stripping libraries is possible... yes
checking if libtool supports shared libraries... yes
checking whether to build shared libraries... yes
checking whether to build static libraries... no
checking for special development options... no
checking for fnmatch.h... yes
checking for limits.h... yes
checking for sys/mkdev.h... no
checking for sys/param.h... yes
checking for sys/select.h... yes
checking for sys/statvfs.h... yes
checking for sys/sysmacros.h... yes
checking for sys/time.h... (cached) yes
checking for dirent.h that defines DIR... yes
checking for library containing opendir... none required
checking for library containing fmod... -lm
checking for fdopendir... yes
checking for fmod... yes
checking for fnmatch... yes
checking for getdtablesize... yes
checking for clock_gettime... yes
checking for gettimeofday... yes
checking for nanosleep... yes
checking for select... yes
checking for statvfs... yes
checking for GetSystemTimeAsFileTime... no
checking for strptime... yes
checking for /root/.local/state/pgb/bin/cc options needed to detect all undeclared functions... none needed
checking for dirfd... yes
checking whether dirfd is declared... yes
checking whether dirfd is a macro... no
checking how to get the file descriptor associated with an open DIR*... no_such_member
checking for inline... inline
checking that generated files are newer than configure... done
configure: creating ./config.status
config.status: creating Makefile
config.status: creating po/Makefile.in
config.status: creating config.h
config.status: executing depfiles commands
config.status: executing po-directories commands
config.status: creating po/POTFILES
config.status: creating po/Makefile
config.status: executing libtool commands
