  ok   version                        3.12
  ok   stdlib-json                    {"a":[1,2]}
  ok   stdlib-re                      aNbNc
  ok   ext:zlib                       builtin
  ok   ext:binascii                   builtin
  ok   ext:math                       builtin
  ok   ext:_socket                    builtin
  ok   ext:select                     builtin
  ok   ext:unicodedata                builtin
  ok   ext:_csv                       builtin
  ok   ext:array                      builtin
  ok   ext:_struct                    builtin
  ok   no-dynload                     0
  ok   zlib-roundtrip                 True
  ok   nss-getaddrinfo                127.0.0.1
  ok   nss-getpwuid                   root
  ok   unicode-len                    4
  ok   unicode-encode                 636166c3a9
  ok   codec-latin1                   636166e9
  ok   codec-utf16                    61006200
  ok   file-io                        10
  ok   subprocess                     hi
  ok   threading                      28
