===============================================================
84 - is the size column the time column?
===============================================================
-- conditions ------------------------------------------------
date (UTC)   : 2026-09-03T11:36:07Z
host kernel  : Linux 6.18.44-fc-v24
host arch    : x86_64
host distro  : Ubuntu 24.04.4 LTS
host libc    : ldd (Ubuntu GLIBC 2.39-0ubuntu8.7) 2.39
cc           : cc (Ubuntu 13.3.0-6ubuntu2~24.04.1) 13.3.0
ld           : GNU ld (GNU Binutils for Ubuntu) 2.42
evidence     : /home/user/glibc-research/evidence/84-size-is-time
--------------------------------------------------------------

-- building the base -----------------------------------------
  base              7331925 bytes       292 files
-- padding, one axis at a time -------------------------------
  bytes           217051710 bytes       293 files   (+200 MiB in ONE file)
  inodes           10447808 bytes     40292 files   (+40000 tiny files)
  twin              7331925 bytes       292 files   (A/A twin of base)

-- every arm answers the same ---------------------------------
  base.AppImage                            -> jq-1.8.2
  bytes.AppImage                           -> jq-1.8.2
  inodes.AppImage                          -> jq-1.8.2
  twin.AppImage                            -> jq-1.8.2

-- cold start, one interleave, median of 21 ------------------
  ARM                N     MEDIAN        MIN        MAX     MAD%
  base              21       80.6       75.3       85.4      2.9
  bytes             21       86.9       76.8       92.7      2.5
  twin              21       80.9       72.7       86.8      1.8
  inodes            21       84.1       75.0       91.1      2.5

  A/A control (base vs twin)  : ratio 1.00, floor 1.05, resolves no

  AXIS                               GREW BY    TIME     RESOLVES
  bytes (image size)                 29.60x     1.08x    yes
  inodes (file count)                137.99x    1.04x    no

-- assertions ------------------------------------------------
  ok    every arm answers --version identically        = 4
  ok    the A/A pair is NOT resolvable (the control)   = no
  --    measured cost of image size                    = 0.0312 ms/MiB
  --    extrapolated to kdenlive's 196 MiB             = 6.1 ms
  --    as a share of the SMALLEST observed gap        = 4.7%
  ok    image size explains under 10% of the kdenlive gap = yes
  --    byte axis resolves at this N                   = yes
  --    inode axis resolves at this N                  = no

        ⛔ THE SIZE COLUMN IS NOT THE TIME COLUMN IN ANY SENSE THAT MATTERS.
        Image size does cost something -- 0.0312 ms per MiB, at or just
        above this instrument's floor -- but carried across the whole
        196 MiB that separates our kdenlive bundle from the
        competitor's it is 6.1 ms of a gap that has never been
        observed smaller than 129 ms. The byte levers --cut,
        --fixpoint and the debloat rules cannot close it, so the struck
        size work stays struck and the cold cost is a FIXED price for
        standing the mount up. TODO/PROGRESS.md N6 is where it is paid.

full table: /home/user/glibc-research/evidence/84-size-is-time/RESULT.txt

-- result ----------------------------------------------------
pass=3 fail=0 skip=0
VERDICT: matched expectation.
--------------------------------------------------------------
